<!doctype html public "-//w3c//dtd html 4.0 transitional//en">
<html><head>
<title>Static Call Graph - [.\Objects\H750_EXTSPI_W25Q256.axf]</title></head>
<body><HR>
<H1>Static Call Graph for image .\Objects\H750_EXTSPI_W25Q256.axf</H1><HR>
<BR><P>#&#060CALLGRAPH&#062# ARM Linker, 5060960: Last Updated: Sun Dec 01 20:25:21 2024
<BR><P>
<H3>Maximum Stack Usage =          0 bytes</H3><H3>
Call chain for Maximum Stack Depth:</H3>

<P>
<H3>
Global Symbols
</H3>
<P><STRONG><a name="[56]"></a>__asm___10_FlashPrg_c_Init____REV16</STRONG> (Thumb, 4 bytes, Stack size 0 bytes, flashprg.o(.rev16_text), UNUSED)

<P><STRONG><a name="[57]"></a>__asm___5_bsp_c_2a3ab6ca____REV16</STRONG> (Thumb, 4 bytes, Stack size 0 bytes, bsp.o(.rev16_text), UNUSED)

<P><STRONG><a name="[58]"></a>__asm___18_bsp_qspi_w25q256_c_8e819519____REV16</STRONG> (Thumb, 4 bytes, Stack size 0 bytes, bsp_qspi_w25q256.o(.rev16_text), UNUSED)

<P><STRONG><a name="[59]"></a>__asm___8_w25qxx_c_e0ff6147____REV16</STRONG> (Thumb, 4 bytes, Stack size 0 bytes, w25qxx.o(.rev16_text), UNUSED)

<P><STRONG><a name="[5a]"></a>__asm___15_stm32h7xx_hal_c_3da258af____REV16</STRONG> (Thumb, 4 bytes, Stack size 0 bytes, stm32h7xx_hal.o(.rev16_text), UNUSED)

<P><STRONG><a name="[5b]"></a>__asm___19_stm32h7xx_hal_rcc_c_b7071a4b____REV16</STRONG> (Thumb, 4 bytes, Stack size 0 bytes, stm32h7xx_hal_rcc.o(.rev16_text), UNUSED)

<P><STRONG><a name="[5c]"></a>__asm___20_stm32h7xx_hal_gpio_c_ea787061____REV16</STRONG> (Thumb, 4 bytes, Stack size 0 bytes, stm32h7xx_hal_gpio.o(.rev16_text), UNUSED)

<P><STRONG><a name="[5d]"></a>__asm___20_stm32h7xx_hal_qspi_c_9f327679____REV16</STRONG> (Thumb, 4 bytes, Stack size 0 bytes, stm32h7xx_hal_qspi.o(.rev16_text), UNUSED)

<P><STRONG><a name="[5e]"></a>__asm___22_stm32h7xx_hal_cortex_c_2992dbc0____REV16</STRONG> (Thumb, 4 bytes, Stack size 0 bytes, stm32h7xx_hal_cortex.o(.rev16_text), UNUSED)

<P><STRONG><a name="[5f]"></a>__asm___18_system_stm32h7xx_c_5d646a67____REV16</STRONG> (Thumb, 4 bytes, Stack size 0 bytes, system_stm32h7xx.o(.rev16_text), UNUSED)

<P><STRONG><a name="[60]"></a>__asm___10_FlashPrg_c_Init____REVSH</STRONG> (Thumb, 4 bytes, Stack size 0 bytes, flashprg.o(.revsh_text), UNUSED)

<P><STRONG><a name="[61]"></a>__asm___5_bsp_c_2a3ab6ca____REVSH</STRONG> (Thumb, 4 bytes, Stack size 0 bytes, bsp.o(.revsh_text), UNUSED)

<P><STRONG><a name="[62]"></a>__asm___18_bsp_qspi_w25q256_c_8e819519____REVSH</STRONG> (Thumb, 4 bytes, Stack size 0 bytes, bsp_qspi_w25q256.o(.revsh_text), UNUSED)

<P><STRONG><a name="[63]"></a>__asm___8_w25qxx_c_e0ff6147____REVSH</STRONG> (Thumb, 4 bytes, Stack size 0 bytes, w25qxx.o(.revsh_text), UNUSED)

<P><STRONG><a name="[64]"></a>__asm___15_stm32h7xx_hal_c_3da258af____REVSH</STRONG> (Thumb, 4 bytes, Stack size 0 bytes, stm32h7xx_hal.o(.revsh_text), UNUSED)

<P><STRONG><a name="[65]"></a>__asm___19_stm32h7xx_hal_rcc_c_b7071a4b____REVSH</STRONG> (Thumb, 4 bytes, Stack size 0 bytes, stm32h7xx_hal_rcc.o(.revsh_text), UNUSED)

<P><STRONG><a name="[66]"></a>__asm___20_stm32h7xx_hal_gpio_c_ea787061____REVSH</STRONG> (Thumb, 4 bytes, Stack size 0 bytes, stm32h7xx_hal_gpio.o(.revsh_text), UNUSED)

<P><STRONG><a name="[67]"></a>__asm___20_stm32h7xx_hal_qspi_c_9f327679____REVSH</STRONG> (Thumb, 4 bytes, Stack size 0 bytes, stm32h7xx_hal_qspi.o(.revsh_text), UNUSED)

<P><STRONG><a name="[68]"></a>__asm___22_stm32h7xx_hal_cortex_c_2992dbc0____REVSH</STRONG> (Thumb, 4 bytes, Stack size 0 bytes, stm32h7xx_hal_cortex.o(.revsh_text), UNUSED)

<P><STRONG><a name="[69]"></a>__asm___18_system_stm32h7xx_c_5d646a67____REVSH</STRONG> (Thumb, 4 bytes, Stack size 0 bytes, system_stm32h7xx.o(.revsh_text), UNUSED)

<P><STRONG><a name="[6a]"></a>__asm___10_FlashPrg_c_Init____RRX</STRONG> (Thumb, 6 bytes, Stack size 0 bytes, flashprg.o(.rrx_text), UNUSED)

<P><STRONG><a name="[6b]"></a>__asm___5_bsp_c_2a3ab6ca____RRX</STRONG> (Thumb, 6 bytes, Stack size 0 bytes, bsp.o(.rrx_text), UNUSED)

<P><STRONG><a name="[6c]"></a>__asm___18_bsp_qspi_w25q256_c_8e819519____RRX</STRONG> (Thumb, 6 bytes, Stack size 0 bytes, bsp_qspi_w25q256.o(.rrx_text), UNUSED)

<P><STRONG><a name="[6d]"></a>__asm___8_w25qxx_c_e0ff6147____RRX</STRONG> (Thumb, 6 bytes, Stack size 0 bytes, w25qxx.o(.rrx_text), UNUSED)

<P><STRONG><a name="[6e]"></a>__asm___15_stm32h7xx_hal_c_3da258af____RRX</STRONG> (Thumb, 6 bytes, Stack size 0 bytes, stm32h7xx_hal.o(.rrx_text), UNUSED)

<P><STRONG><a name="[6f]"></a>__asm___19_stm32h7xx_hal_rcc_c_b7071a4b____RRX</STRONG> (Thumb, 6 bytes, Stack size 0 bytes, stm32h7xx_hal_rcc.o(.rrx_text), UNUSED)

<P><STRONG><a name="[70]"></a>__asm___20_stm32h7xx_hal_gpio_c_ea787061____RRX</STRONG> (Thumb, 6 bytes, Stack size 0 bytes, stm32h7xx_hal_gpio.o(.rrx_text), UNUSED)

<P><STRONG><a name="[71]"></a>__asm___20_stm32h7xx_hal_qspi_c_9f327679____RRX</STRONG> (Thumb, 6 bytes, Stack size 0 bytes, stm32h7xx_hal_qspi.o(.rrx_text), UNUSED)

<P><STRONG><a name="[72]"></a>__asm___22_stm32h7xx_hal_cortex_c_2992dbc0____RRX</STRONG> (Thumb, 6 bytes, Stack size 0 bytes, stm32h7xx_hal_cortex.o(.rrx_text), UNUSED)

<P><STRONG><a name="[73]"></a>__asm___18_system_stm32h7xx_c_5d646a67____RRX</STRONG> (Thumb, 6 bytes, Stack size 0 bytes, system_stm32h7xx.o(.rrx_text), UNUSED)

<P><STRONG><a name="[0]"></a>Init</STRONG> (Thumb, 58 bytes, Stack size 24 bytes, flashprg.o(.text), UNUSED)
<BR><BR>[Calls]<UL><LI><a href="#[3]">&gt;&gt;</a>&nbsp;&nbsp;&nbsp;bsp_InitQSPI_W25Q256
<LI><a href="#[1]">&gt;&gt;</a>&nbsp;&nbsp;&nbsp;SystemInit
<LI><a href="#[2]">&gt;&gt;</a>&nbsp;&nbsp;&nbsp;SystemClock_Config
<LI><a href="#[4]">&gt;&gt;</a>&nbsp;&nbsp;&nbsp;QSPI_MemoryMapped
</UL>

<P><STRONG><a name="[5]"></a>UnInit</STRONG> (Thumb, 34 bytes, Stack size 16 bytes, flashprg.o(.text), UNUSED)
<BR><BR>[Calls]<UL><LI><a href="#[3]">&gt;&gt;</a>&nbsp;&nbsp;&nbsp;bsp_InitQSPI_W25Q256
<LI><a href="#[4]">&gt;&gt;</a>&nbsp;&nbsp;&nbsp;QSPI_MemoryMapped
</UL>

<P><STRONG><a name="[6]"></a>EraseChip</STRONG> (Thumb, 44 bytes, Stack size 8 bytes, flashprg.o(.text), UNUSED)
<BR><BR>[Calls]<UL><LI><a href="#[3]">&gt;&gt;</a>&nbsp;&nbsp;&nbsp;bsp_InitQSPI_W25Q256
<LI><a href="#[4]">&gt;&gt;</a>&nbsp;&nbsp;&nbsp;QSPI_MemoryMapped
<LI><a href="#[7]">&gt;&gt;</a>&nbsp;&nbsp;&nbsp;QSPI_EraseChip
</UL>

<P><STRONG><a name="[8]"></a>EraseSector</STRONG> (Thumb, 68 bytes, Stack size 16 bytes, flashprg.o(.text), UNUSED)
<BR><BR>[Calls]<UL><LI><a href="#[3]">&gt;&gt;</a>&nbsp;&nbsp;&nbsp;bsp_InitQSPI_W25Q256
<LI><a href="#[4]">&gt;&gt;</a>&nbsp;&nbsp;&nbsp;QSPI_MemoryMapped
<LI><a href="#[9]">&gt;&gt;</a>&nbsp;&nbsp;&nbsp;QSPI_EraseSector
</UL>

<P><STRONG><a name="[a]"></a>ProgramPage</STRONG> (Thumb, 116 bytes, Stack size 24 bytes, flashprg.o(.text), UNUSED)
<BR><BR>[Calls]<UL><LI><a href="#[3]">&gt;&gt;</a>&nbsp;&nbsp;&nbsp;bsp_InitQSPI_W25Q256
<LI><a href="#[b]">&gt;&gt;</a>&nbsp;&nbsp;&nbsp;QSPI_WriteBuffer
<LI><a href="#[4]">&gt;&gt;</a>&nbsp;&nbsp;&nbsp;QSPI_MemoryMapped
</UL>

<P><STRONG><a name="[37]"></a>HAL_InitTick</STRONG> (Thumb, 6 bytes, Stack size 0 bytes, bsp.o(.text), UNUSED)
<BR><BR>[Called By]<UL><LI><a href="#[3a]">&gt;&gt;</a>&nbsp;&nbsp;&nbsp;HAL_SetTickFreq
<LI><a href="#[34]">&gt;&gt;</a>&nbsp;&nbsp;&nbsp;HAL_Init
<LI><a href="#[e]">&gt;&gt;</a>&nbsp;&nbsp;&nbsp;HAL_RCC_ClockConfig
<LI><a href="#[3e]">&gt;&gt;</a>&nbsp;&nbsp;&nbsp;HAL_RCC_DeInit
</UL>

<P><STRONG><a name="[2]"></a>SystemClock_Config</STRONG> (Thumb, 354 bytes, Stack size 120 bytes, bsp.o(.text), UNUSED)
<BR><BR>[Calls]<UL><LI><a href="#[d]">&gt;&gt;</a>&nbsp;&nbsp;&nbsp;HAL_RCC_OscConfig
<LI><a href="#[e]">&gt;&gt;</a>&nbsp;&nbsp;&nbsp;HAL_RCC_ClockConfig
<LI><a href="#[f]">&gt;&gt;</a>&nbsp;&nbsp;&nbsp;HAL_EnableCompensationCell
<LI><a href="#[c]">&gt;&gt;</a>&nbsp;&nbsp;&nbsp;__aeabi_memclr4
</UL>
<BR>[Called By]<UL><LI><a href="#[0]">&gt;&gt;</a>&nbsp;&nbsp;&nbsp;Init
</UL>

<P><STRONG><a name="[3]"></a>bsp_InitQSPI_W25Q256</STRONG> (Thumb, 104 bytes, Stack size 16 bytes, bsp_qspi_w25q256.o(.text), UNUSED)
<BR><BR>[Calls]<UL><LI><a href="#[12]">&gt;&gt;</a>&nbsp;&nbsp;&nbsp;w25qxx_init
<LI><a href="#[11]">&gt;&gt;</a>&nbsp;&nbsp;&nbsp;HAL_QSPI_Init
<LI><a href="#[10]">&gt;&gt;</a>&nbsp;&nbsp;&nbsp;HAL_QSPI_DeInit
</UL>
<BR>[Called By]<UL><LI><a href="#[a]">&gt;&gt;</a>&nbsp;&nbsp;&nbsp;ProgramPage
<LI><a href="#[8]">&gt;&gt;</a>&nbsp;&nbsp;&nbsp;EraseSector
<LI><a href="#[6]">&gt;&gt;</a>&nbsp;&nbsp;&nbsp;EraseChip
<LI><a href="#[5]">&gt;&gt;</a>&nbsp;&nbsp;&nbsp;UnInit
<LI><a href="#[0]">&gt;&gt;</a>&nbsp;&nbsp;&nbsp;Init
</UL>

<P><STRONG><a name="[13]"></a>HAL_QSPI_MspInit</STRONG> (Thumb, 342 bytes, Stack size 32 bytes, bsp_qspi_w25q256.o(.text), UNUSED)
<BR><BR>[Calls]<UL><LI><a href="#[14]">&gt;&gt;</a>&nbsp;&nbsp;&nbsp;HAL_GPIO_Init
</UL>
<BR>[Called By]<UL><LI><a href="#[11]">&gt;&gt;</a>&nbsp;&nbsp;&nbsp;HAL_QSPI_Init
</UL>

<P><STRONG><a name="[15]"></a>HAL_QSPI_MspDeInit</STRONG> (Thumb, 96 bytes, Stack size 8 bytes, bsp_qspi_w25q256.o(.text), UNUSED)
<BR><BR>[Calls]<UL><LI><a href="#[16]">&gt;&gt;</a>&nbsp;&nbsp;&nbsp;HAL_GPIO_DeInit
</UL>
<BR>[Called By]<UL><LI><a href="#[10]">&gt;&gt;</a>&nbsp;&nbsp;&nbsp;HAL_QSPI_DeInit
</UL>

<P><STRONG><a name="[9]"></a>QSPI_EraseSector</STRONG> (Thumb, 20 bytes, Stack size 8 bytes, bsp_qspi_w25q256.o(.text), UNUSED)
<BR><BR>[Calls]<UL><LI><a href="#[17]">&gt;&gt;</a>&nbsp;&nbsp;&nbsp;w25qxx_block64k_erase
</UL>
<BR>[Called By]<UL><LI><a href="#[8]">&gt;&gt;</a>&nbsp;&nbsp;&nbsp;EraseSector
</UL>

<P><STRONG><a name="[7]"></a>QSPI_EraseChip</STRONG> (Thumb, 16 bytes, Stack size 8 bytes, bsp_qspi_w25q256.o(.text), UNUSED)
<BR><BR>[Calls]<UL><LI><a href="#[18]">&gt;&gt;</a>&nbsp;&nbsp;&nbsp;w25qxx_chip_erase
</UL>
<BR>[Called By]<UL><LI><a href="#[6]">&gt;&gt;</a>&nbsp;&nbsp;&nbsp;EraseChip
</UL>

<P><STRONG><a name="[b]"></a>QSPI_WriteBuffer</STRONG> (Thumb, 28 bytes, Stack size 16 bytes, bsp_qspi_w25q256.o(.text), UNUSED)
<BR><BR>[Calls]<UL><LI><a href="#[19]">&gt;&gt;</a>&nbsp;&nbsp;&nbsp;w25qxx_page_program
</UL>
<BR>[Called By]<UL><LI><a href="#[a]">&gt;&gt;</a>&nbsp;&nbsp;&nbsp;ProgramPage
</UL>

<P><STRONG><a name="[1a]"></a>QSPI_ReadBuffer</STRONG> (Thumb, 28 bytes, Stack size 16 bytes, bsp_qspi_w25q256.o(.text), UNUSED)
<BR><BR>[Calls]<UL><LI><a href="#[1b]">&gt;&gt;</a>&nbsp;&nbsp;&nbsp;w25qxx_read
</UL>

<P><STRONG><a name="[4]"></a>QSPI_MemoryMapped</STRONG> (Thumb, 16 bytes, Stack size 8 bytes, bsp_qspi_w25q256.o(.text), UNUSED)
<BR><BR>[Calls]<UL><LI><a href="#[1c]">&gt;&gt;</a>&nbsp;&nbsp;&nbsp;w25qxx_memory_mapped_enable
</UL>
<BR>[Called By]<UL><LI><a href="#[a]">&gt;&gt;</a>&nbsp;&nbsp;&nbsp;ProgramPage
<LI><a href="#[8]">&gt;&gt;</a>&nbsp;&nbsp;&nbsp;EraseSector
<LI><a href="#[6]">&gt;&gt;</a>&nbsp;&nbsp;&nbsp;EraseChip
<LI><a href="#[5]">&gt;&gt;</a>&nbsp;&nbsp;&nbsp;UnInit
<LI><a href="#[0]">&gt;&gt;</a>&nbsp;&nbsp;&nbsp;Init
</UL>

<P><STRONG><a name="[1d]"></a>QSPI_QuitMemoryMapped</STRONG> (Thumb, 14 bytes, Stack size 8 bytes, bsp_qspi_w25q256.o(.text), UNUSED)
<BR><BR>[Calls]<UL><LI><a href="#[1e]">&gt;&gt;</a>&nbsp;&nbsp;&nbsp;HAL_QSPI_Abort
</UL>

<P><STRONG><a name="[1f]"></a>w25qxx_hardware_unprotected</STRONG> (Thumb, 38 bytes, Stack size 8 bytes, w25qxx.o(.text), UNUSED)
<BR><BR>[Calls]<UL><LI><a href="#[20]">&gt;&gt;</a>&nbsp;&nbsp;&nbsp;LL_GPIO_SetPinMode
</UL>
<BR>[Called By]<UL><LI><a href="#[12]">&gt;&gt;</a>&nbsp;&nbsp;&nbsp;w25qxx_init
</UL>

<P><STRONG><a name="[21]"></a>w25qxx_enter_qpi_mode</STRONG> (Thumb, 126 bytes, Stack size 72 bytes, w25qxx.o(.text), UNUSED)
<BR><BR>[Calls]<UL><LI><a href="#[23]">&gt;&gt;</a>&nbsp;&nbsp;&nbsp;HAL_QSPI_Transmit
<LI><a href="#[22]">&gt;&gt;</a>&nbsp;&nbsp;&nbsp;HAL_QSPI_Command
</UL>
<BR>[Called By]<UL><LI><a href="#[12]">&gt;&gt;</a>&nbsp;&nbsp;&nbsp;w25qxx_init
</UL>

<P><STRONG><a name="[24]"></a>w25qxx_write_sr</STRONG> (Thumb, 142 bytes, Stack size 80 bytes, w25qxx.o(.text), UNUSED)
<BR><BR>[Calls]<UL><LI><a href="#[23]">&gt;&gt;</a>&nbsp;&nbsp;&nbsp;HAL_QSPI_Transmit
<LI><a href="#[22]">&gt;&gt;</a>&nbsp;&nbsp;&nbsp;HAL_QSPI_Command
</UL>
<BR>[Called By]<UL><LI><a href="#[12]">&gt;&gt;</a>&nbsp;&nbsp;&nbsp;w25qxx_init
</UL>

<P><STRONG><a name="[25]"></a>w25qxx_write_enable</STRONG> (Thumb, 80 bytes, Stack size 72 bytes, w25qxx.o(.text), UNUSED)
<BR><BR>[Calls]<UL><LI><a href="#[22]">&gt;&gt;</a>&nbsp;&nbsp;&nbsp;HAL_QSPI_Command
</UL>
<BR>[Called By]<UL><LI><a href="#[2f]">&gt;&gt;</a>&nbsp;&nbsp;&nbsp;w25qxx_sector_erase
<LI><a href="#[19]">&gt;&gt;</a>&nbsp;&nbsp;&nbsp;w25qxx_page_program
<LI><a href="#[12]">&gt;&gt;</a>&nbsp;&nbsp;&nbsp;w25qxx_init
<LI><a href="#[18]">&gt;&gt;</a>&nbsp;&nbsp;&nbsp;w25qxx_chip_erase
<LI><a href="#[17]">&gt;&gt;</a>&nbsp;&nbsp;&nbsp;w25qxx_block64k_erase
</UL>

<P><STRONG><a name="[26]"></a>w25qxx_enter_4_byte_address_mode</STRONG> (Thumb, 72 bytes, Stack size 64 bytes, w25qxx.o(.text), UNUSED)
<BR><BR>[Calls]<UL><LI><a href="#[22]">&gt;&gt;</a>&nbsp;&nbsp;&nbsp;HAL_QSPI_Command
</UL>
<BR>[Called By]<UL><LI><a href="#[12]">&gt;&gt;</a>&nbsp;&nbsp;&nbsp;w25qxx_init
</UL>

<P><STRONG><a name="[27]"></a>w25qxx_read_sr</STRONG> (Thumb, 144 bytes, Stack size 72 bytes, w25qxx.o(.text), UNUSED)
<BR><BR>[Calls]<UL><LI><a href="#[28]">&gt;&gt;</a>&nbsp;&nbsp;&nbsp;HAL_QSPI_Receive
<LI><a href="#[22]">&gt;&gt;</a>&nbsp;&nbsp;&nbsp;HAL_QSPI_Command
</UL>
<BR>[Called By]<UL><LI><a href="#[12]">&gt;&gt;</a>&nbsp;&nbsp;&nbsp;w25qxx_init
</UL>

<P><STRONG><a name="[29]"></a>w25qxx_wait_busy</STRONG> (Thumb, 120 bytes, Stack size 88 bytes, w25qxx.o(.text), UNUSED)
<BR><BR>[Calls]<UL><LI><a href="#[2a]">&gt;&gt;</a>&nbsp;&nbsp;&nbsp;HAL_QSPI_AutoPolling
<LI><a href="#[c]">&gt;&gt;</a>&nbsp;&nbsp;&nbsp;__aeabi_memclr4
</UL>
<BR>[Called By]<UL><LI><a href="#[2f]">&gt;&gt;</a>&nbsp;&nbsp;&nbsp;w25qxx_sector_erase
<LI><a href="#[2b]">&gt;&gt;</a>&nbsp;&nbsp;&nbsp;w25qxx_reset
<LI><a href="#[19]">&gt;&gt;</a>&nbsp;&nbsp;&nbsp;w25qxx_page_program
<LI><a href="#[18]">&gt;&gt;</a>&nbsp;&nbsp;&nbsp;w25qxx_chip_erase
<LI><a href="#[17]">&gt;&gt;</a>&nbsp;&nbsp;&nbsp;w25qxx_block64k_erase
</UL>

<P><STRONG><a name="[2b]"></a>w25qxx_reset</STRONG> (Thumb, 92 bytes, Stack size 64 bytes, w25qxx.o(.text), UNUSED)
<BR><BR>[Calls]<UL><LI><a href="#[22]">&gt;&gt;</a>&nbsp;&nbsp;&nbsp;HAL_QSPI_Command
<LI><a href="#[29]">&gt;&gt;</a>&nbsp;&nbsp;&nbsp;w25qxx_wait_busy
</UL>
<BR>[Called By]<UL><LI><a href="#[12]">&gt;&gt;</a>&nbsp;&nbsp;&nbsp;w25qxx_init
</UL>

<P><STRONG><a name="[12]"></a>w25qxx_init</STRONG> (Thumb, 176 bytes, Stack size 16 bytes, w25qxx.o(.text), UNUSED)
<BR><BR>[Calls]<UL><LI><a href="#[2b]">&gt;&gt;</a>&nbsp;&nbsp;&nbsp;w25qxx_reset
<LI><a href="#[27]">&gt;&gt;</a>&nbsp;&nbsp;&nbsp;w25qxx_read_sr
<LI><a href="#[26]">&gt;&gt;</a>&nbsp;&nbsp;&nbsp;w25qxx_enter_4_byte_address_mode
<LI><a href="#[25]">&gt;&gt;</a>&nbsp;&nbsp;&nbsp;w25qxx_write_enable
<LI><a href="#[24]">&gt;&gt;</a>&nbsp;&nbsp;&nbsp;w25qxx_write_sr
<LI><a href="#[21]">&gt;&gt;</a>&nbsp;&nbsp;&nbsp;w25qxx_enter_qpi_mode
<LI><a href="#[1f]">&gt;&gt;</a>&nbsp;&nbsp;&nbsp;w25qxx_hardware_unprotected
</UL>
<BR>[Called By]<UL><LI><a href="#[3]">&gt;&gt;</a>&nbsp;&nbsp;&nbsp;bsp_InitQSPI_W25Q256
</UL>

<P><STRONG><a name="[2c]"></a>w25qxx_exit_qpi_mode</STRONG> (Thumb, 78 bytes, Stack size 64 bytes, w25qxx.o(.text), UNUSED)
<BR><BR>[Calls]<UL><LI><a href="#[22]">&gt;&gt;</a>&nbsp;&nbsp;&nbsp;HAL_QSPI_Command
</UL>

<P><STRONG><a name="[2d]"></a>w25qxx_read_jedec_id</STRONG> (Thumb, 126 bytes, Stack size 72 bytes, w25qxx.o(.text), UNUSED)
<BR><BR>[Calls]<UL><LI><a href="#[28]">&gt;&gt;</a>&nbsp;&nbsp;&nbsp;HAL_QSPI_Receive
<LI><a href="#[22]">&gt;&gt;</a>&nbsp;&nbsp;&nbsp;HAL_QSPI_Command
</UL>

<P><STRONG><a name="[1b]"></a>w25qxx_read</STRONG> (Thumb, 118 bytes, Stack size 72 bytes, w25qxx.o(.text), UNUSED)
<BR><BR>[Calls]<UL><LI><a href="#[28]">&gt;&gt;</a>&nbsp;&nbsp;&nbsp;HAL_QSPI_Receive
<LI><a href="#[22]">&gt;&gt;</a>&nbsp;&nbsp;&nbsp;HAL_QSPI_Command
</UL>
<BR>[Called By]<UL><LI><a href="#[1a]">&gt;&gt;</a>&nbsp;&nbsp;&nbsp;QSPI_ReadBuffer
</UL>

<P><STRONG><a name="[19]"></a>w25qxx_page_program</STRONG> (Thumb, 146 bytes, Stack size 80 bytes, w25qxx.o(.text), UNUSED)
<BR><BR>[Calls]<UL><LI><a href="#[23]">&gt;&gt;</a>&nbsp;&nbsp;&nbsp;HAL_QSPI_Transmit
<LI><a href="#[22]">&gt;&gt;</a>&nbsp;&nbsp;&nbsp;HAL_QSPI_Command
<LI><a href="#[29]">&gt;&gt;</a>&nbsp;&nbsp;&nbsp;w25qxx_wait_busy
<LI><a href="#[25]">&gt;&gt;</a>&nbsp;&nbsp;&nbsp;w25qxx_write_enable
</UL>
<BR>[Called By]<UL><LI><a href="#[2e]">&gt;&gt;</a>&nbsp;&nbsp;&nbsp;w25qxx_write_nocheck
<LI><a href="#[b]">&gt;&gt;</a>&nbsp;&nbsp;&nbsp;QSPI_WriteBuffer
</UL>

<P><STRONG><a name="[2e]"></a>w25qxx_write_nocheck</STRONG> (Thumb, 76 bytes, Stack size 24 bytes, w25qxx.o(.text), UNUSED)
<BR><BR>[Calls]<UL><LI><a href="#[19]">&gt;&gt;</a>&nbsp;&nbsp;&nbsp;w25qxx_page_program
</UL>

<P><STRONG><a name="[18]"></a>w25qxx_chip_erase</STRONG> (Thumb, 94 bytes, Stack size 64 bytes, w25qxx.o(.text), UNUSED)
<BR><BR>[Calls]<UL><LI><a href="#[22]">&gt;&gt;</a>&nbsp;&nbsp;&nbsp;HAL_QSPI_Command
<LI><a href="#[29]">&gt;&gt;</a>&nbsp;&nbsp;&nbsp;w25qxx_wait_busy
<LI><a href="#[25]">&gt;&gt;</a>&nbsp;&nbsp;&nbsp;w25qxx_write_enable
</UL>
<BR>[Called By]<UL><LI><a href="#[7]">&gt;&gt;</a>&nbsp;&nbsp;&nbsp;QSPI_EraseChip
</UL>

<P><STRONG><a name="[2f]"></a>w25qxx_sector_erase</STRONG> (Thumb, 112 bytes, Stack size 64 bytes, w25qxx.o(.text), UNUSED)
<BR><BR>[Calls]<UL><LI><a href="#[22]">&gt;&gt;</a>&nbsp;&nbsp;&nbsp;HAL_QSPI_Command
<LI><a href="#[29]">&gt;&gt;</a>&nbsp;&nbsp;&nbsp;w25qxx_wait_busy
<LI><a href="#[25]">&gt;&gt;</a>&nbsp;&nbsp;&nbsp;w25qxx_write_enable
</UL>

<P><STRONG><a name="[17]"></a>w25qxx_block64k_erase</STRONG> (Thumb, 112 bytes, Stack size 64 bytes, w25qxx.o(.text), UNUSED)
<BR><BR>[Calls]<UL><LI><a href="#[22]">&gt;&gt;</a>&nbsp;&nbsp;&nbsp;HAL_QSPI_Command
<LI><a href="#[29]">&gt;&gt;</a>&nbsp;&nbsp;&nbsp;w25qxx_wait_busy
<LI><a href="#[25]">&gt;&gt;</a>&nbsp;&nbsp;&nbsp;w25qxx_write_enable
</UL>
<BR>[Called By]<UL><LI><a href="#[9]">&gt;&gt;</a>&nbsp;&nbsp;&nbsp;QSPI_EraseSector
</UL>

<P><STRONG><a name="[1c]"></a>w25qxx_memory_mapped_enable</STRONG> (Thumb, 76 bytes, Stack size 72 bytes, w25qxx.o(.text), UNUSED)
<BR><BR>[Calls]<UL><LI><a href="#[30]">&gt;&gt;</a>&nbsp;&nbsp;&nbsp;HAL_QSPI_MemoryMapped
</UL>
<BR>[Called By]<UL><LI><a href="#[4]">&gt;&gt;</a>&nbsp;&nbsp;&nbsp;QSPI_MemoryMapped
</UL>

<P><STRONG><a name="[31]"></a>HAL_MspInit</STRONG> (Thumb, 2 bytes, Stack size 0 bytes, stm32h7xx_hal.o(.text), UNUSED)
<BR><BR>[Calls]<UL><LI><a href="#[32]">&gt;&gt;</a>&nbsp;&nbsp;&nbsp;HAL_SYSTICK_Config
<LI><a href="#[33]">&gt;&gt;</a>&nbsp;&nbsp;&nbsp;HAL_NVIC_SetPriority
</UL>
<BR>[Called By]<UL><LI><a href="#[34]">&gt;&gt;</a>&nbsp;&nbsp;&nbsp;HAL_Init
</UL>

<P><STRONG><a name="[34]"></a>HAL_Init</STRONG> (Thumb, 86 bytes, Stack size 8 bytes, stm32h7xx_hal.o(.text), UNUSED)
<BR><BR>[Calls]<UL><LI><a href="#[37]">&gt;&gt;</a>&nbsp;&nbsp;&nbsp;HAL_InitTick
<LI><a href="#[31]">&gt;&gt;</a>&nbsp;&nbsp;&nbsp;HAL_MspInit
<LI><a href="#[36]">&gt;&gt;</a>&nbsp;&nbsp;&nbsp;HAL_RCC_GetSysClockFreq
<LI><a href="#[35]">&gt;&gt;</a>&nbsp;&nbsp;&nbsp;HAL_NVIC_SetPriorityGrouping
</UL>

<P><STRONG><a name="[39]"></a>HAL_MspDeInit</STRONG> (Thumb, 2 bytes, Stack size 0 bytes, stm32h7xx_hal.o(.text), UNUSED)
<BR><BR>[Called By]<UL><LI><a href="#[38]">&gt;&gt;</a>&nbsp;&nbsp;&nbsp;HAL_DeInit
</UL>

<P><STRONG><a name="[38]"></a>HAL_DeInit</STRONG> (Thumb, 106 bytes, Stack size 8 bytes, stm32h7xx_hal.o(.text), UNUSED)
<BR><BR>[Calls]<UL><LI><a href="#[39]">&gt;&gt;</a>&nbsp;&nbsp;&nbsp;HAL_MspDeInit
</UL>

<P><STRONG><a name="[74]"></a>HAL_IncTick</STRONG> (Thumb, 22 bytes, Stack size 0 bytes, stm32h7xx_hal.o(.text), UNUSED)

<P><STRONG><a name="[3c]"></a>HAL_GetTick</STRONG> (Thumb, 8 bytes, Stack size 0 bytes, stm32h7xx_hal.o(.text), UNUSED)
<BR><BR>[Called By]<UL><LI><a href="#[3d]">&gt;&gt;</a>&nbsp;&nbsp;&nbsp;HAL_SYSCFG_EnableVREFBUF
<LI><a href="#[23]">&gt;&gt;</a>&nbsp;&nbsp;&nbsp;HAL_QSPI_Transmit
<LI><a href="#[28]">&gt;&gt;</a>&nbsp;&nbsp;&nbsp;HAL_QSPI_Receive
<LI><a href="#[30]">&gt;&gt;</a>&nbsp;&nbsp;&nbsp;HAL_QSPI_MemoryMapped
<LI><a href="#[22]">&gt;&gt;</a>&nbsp;&nbsp;&nbsp;HAL_QSPI_Command
<LI><a href="#[2a]">&gt;&gt;</a>&nbsp;&nbsp;&nbsp;HAL_QSPI_AutoPolling
<LI><a href="#[11]">&gt;&gt;</a>&nbsp;&nbsp;&nbsp;HAL_QSPI_Init
<LI><a href="#[1e]">&gt;&gt;</a>&nbsp;&nbsp;&nbsp;HAL_QSPI_Abort
<LI><a href="#[4d]">&gt;&gt;</a>&nbsp;&nbsp;&nbsp;HAL_QSPI_AutoPolling_IT
<LI><a href="#[4c]">&gt;&gt;</a>&nbsp;&nbsp;&nbsp;HAL_QSPI_Command_IT
<LI><a href="#[3e]">&gt;&gt;</a>&nbsp;&nbsp;&nbsp;HAL_RCC_DeInit
<LI><a href="#[3b]">&gt;&gt;</a>&nbsp;&nbsp;&nbsp;HAL_Delay
</UL>

<P><STRONG><a name="[75]"></a>HAL_GetTickPrio</STRONG> (Thumb, 8 bytes, Stack size 0 bytes, stm32h7xx_hal.o(.text), UNUSED)

<P><STRONG><a name="[3a]"></a>HAL_SetTickFreq</STRONG> (Thumb, 48 bytes, Stack size 16 bytes, stm32h7xx_hal.o(.text), UNUSED)
<BR><BR>[Calls]<UL><LI><a href="#[37]">&gt;&gt;</a>&nbsp;&nbsp;&nbsp;HAL_InitTick
</UL>

<P><STRONG><a name="[76]"></a>HAL_GetTickFreq</STRONG> (Thumb, 8 bytes, Stack size 0 bytes, stm32h7xx_hal.o(.text), UNUSED)

<P><STRONG><a name="[3b]"></a>HAL_Delay</STRONG> (Thumb, 38 bytes, Stack size 16 bytes, stm32h7xx_hal.o(.text), UNUSED)
<BR><BR>[Calls]<UL><LI><a href="#[3c]">&gt;&gt;</a>&nbsp;&nbsp;&nbsp;HAL_GetTick
</UL>

<P><STRONG><a name="[77]"></a>HAL_SuspendTick</STRONG> (Thumb, 18 bytes, Stack size 0 bytes, stm32h7xx_hal.o(.text), UNUSED)

<P><STRONG><a name="[78]"></a>HAL_ResumeTick</STRONG> (Thumb, 18 bytes, Stack size 0 bytes, stm32h7xx_hal.o(.text), UNUSED)

<P><STRONG><a name="[79]"></a>HAL_GetHalVersion</STRONG> (Thumb, 4 bytes, Stack size 0 bytes, stm32h7xx_hal.o(.text), UNUSED)

<P><STRONG><a name="[44]"></a>HAL_GetREVID</STRONG> (Thumb, 8 bytes, Stack size 0 bytes, stm32h7xx_hal.o(.text), UNUSED)
<BR><BR>[Called By]<UL><LI><a href="#[43]">&gt;&gt;</a>&nbsp;&nbsp;&nbsp;HAL_RCC_GetOscConfig
</UL>

<P><STRONG><a name="[7a]"></a>HAL_GetDEVID</STRONG> (Thumb, 10 bytes, Stack size 0 bytes, stm32h7xx_hal.o(.text), UNUSED)

<P><STRONG><a name="[7b]"></a>HAL_GetUIDw0</STRONG> (Thumb, 6 bytes, Stack size 0 bytes, stm32h7xx_hal.o(.text), UNUSED)

<P><STRONG><a name="[7c]"></a>HAL_GetUIDw1</STRONG> (Thumb, 8 bytes, Stack size 0 bytes, stm32h7xx_hal.o(.text), UNUSED)

<P><STRONG><a name="[7d]"></a>HAL_GetUIDw2</STRONG> (Thumb, 8 bytes, Stack size 0 bytes, stm32h7xx_hal.o(.text), UNUSED)

<P><STRONG><a name="[7e]"></a>HAL_SYSCFG_VREFBUF_VoltageScalingConfig</STRONG> (Thumb, 16 bytes, Stack size 0 bytes, stm32h7xx_hal.o(.text), UNUSED)

<P><STRONG><a name="[7f]"></a>HAL_SYSCFG_VREFBUF_HighImpedanceConfig</STRONG> (Thumb, 16 bytes, Stack size 0 bytes, stm32h7xx_hal.o(.text), UNUSED)

<P><STRONG><a name="[80]"></a>HAL_SYSCFG_VREFBUF_TrimmingConfig</STRONG> (Thumb, 20 bytes, Stack size 0 bytes, stm32h7xx_hal.o(.text), UNUSED)

<P><STRONG><a name="[3d]"></a>HAL_SYSCFG_EnableVREFBUF</STRONG> (Thumb, 52 bytes, Stack size 8 bytes, stm32h7xx_hal.o(.text), UNUSED)
<BR><BR>[Calls]<UL><LI><a href="#[3c]">&gt;&gt;</a>&nbsp;&nbsp;&nbsp;HAL_GetTick
</UL>

<P><STRONG><a name="[81]"></a>HAL_SYSCFG_DisableVREFBUF</STRONG> (Thumb, 14 bytes, Stack size 0 bytes, stm32h7xx_hal.o(.text), UNUSED)

<P><STRONG><a name="[82]"></a>HAL_SYSCFG_ETHInterfaceSelect</STRONG> (Thumb, 16 bytes, Stack size 0 bytes, stm32h7xx_hal.o(.text), UNUSED)

<P><STRONG><a name="[83]"></a>HAL_SYSCFG_AnalogSwitchConfig</STRONG> (Thumb, 14 bytes, Stack size 0 bytes, stm32h7xx_hal.o(.text), UNUSED)

<P><STRONG><a name="[84]"></a>HAL_SYSCFG_EnableBOOST</STRONG> (Thumb, 14 bytes, Stack size 0 bytes, stm32h7xx_hal.o(.text), UNUSED)

<P><STRONG><a name="[85]"></a>HAL_SYSCFG_DisableBOOST</STRONG> (Thumb, 14 bytes, Stack size 0 bytes, stm32h7xx_hal.o(.text), UNUSED)

<P><STRONG><a name="[86]"></a>HAL_SYSCFG_CM7BootAddConfig</STRONG> (Thumb, 40 bytes, Stack size 0 bytes, stm32h7xx_hal.o(.text), UNUSED)

<P><STRONG><a name="[f]"></a>HAL_EnableCompensationCell</STRONG> (Thumb, 18 bytes, Stack size 0 bytes, stm32h7xx_hal.o(.text), UNUSED)
<BR><BR>[Called By]<UL><LI><a href="#[2]">&gt;&gt;</a>&nbsp;&nbsp;&nbsp;SystemClock_Config
</UL>

<P><STRONG><a name="[87]"></a>HAL_DisableCompensationCell</STRONG> (Thumb, 18 bytes, Stack size 0 bytes, stm32h7xx_hal.o(.text), UNUSED)

<P><STRONG><a name="[88]"></a>HAL_SYSCFG_EnableIOSpeedOptimize</STRONG> (Thumb, 18 bytes, Stack size 0 bytes, stm32h7xx_hal.o(.text), UNUSED)

<P><STRONG><a name="[89]"></a>HAL_SYSCFG_DisableIOSpeedOptimize</STRONG> (Thumb, 18 bytes, Stack size 0 bytes, stm32h7xx_hal.o(.text), UNUSED)

<P><STRONG><a name="[8a]"></a>HAL_SYSCFG_CompensationCodeSelect</STRONG> (Thumb, 20 bytes, Stack size 0 bytes, stm32h7xx_hal.o(.text), UNUSED)

<P><STRONG><a name="[8b]"></a>HAL_SYSCFG_CompensationCodeConfig</STRONG> (Thumb, 24 bytes, Stack size 0 bytes, stm32h7xx_hal.o(.text), UNUSED)

<P><STRONG><a name="[8c]"></a>HAL_DBGMCU_EnableDBGSleepMode</STRONG> (Thumb, 14 bytes, Stack size 0 bytes, stm32h7xx_hal.o(.text), UNUSED)

<P><STRONG><a name="[8d]"></a>HAL_DBGMCU_DisableDBGSleepMode</STRONG> (Thumb, 14 bytes, Stack size 0 bytes, stm32h7xx_hal.o(.text), UNUSED)

<P><STRONG><a name="[8e]"></a>HAL_DBGMCU_EnableDBGStopMode</STRONG> (Thumb, 14 bytes, Stack size 0 bytes, stm32h7xx_hal.o(.text), UNUSED)

<P><STRONG><a name="[8f]"></a>HAL_DBGMCU_DisableDBGStopMode</STRONG> (Thumb, 14 bytes, Stack size 0 bytes, stm32h7xx_hal.o(.text), UNUSED)

<P><STRONG><a name="[90]"></a>HAL_DBGMCU_EnableDBGStandbyMode</STRONG> (Thumb, 14 bytes, Stack size 0 bytes, stm32h7xx_hal.o(.text), UNUSED)

<P><STRONG><a name="[91]"></a>HAL_DBGMCU_DisableDBGStandbyMode</STRONG> (Thumb, 14 bytes, Stack size 0 bytes, stm32h7xx_hal.o(.text), UNUSED)

<P><STRONG><a name="[92]"></a>HAL_EnableDomain3DBGStopMode</STRONG> (Thumb, 14 bytes, Stack size 0 bytes, stm32h7xx_hal.o(.text), UNUSED)

<P><STRONG><a name="[93]"></a>HAL_DisableDomain3DBGStopMode</STRONG> (Thumb, 14 bytes, Stack size 0 bytes, stm32h7xx_hal.o(.text), UNUSED)

<P><STRONG><a name="[94]"></a>HAL_EnableDomain3DBGStandbyMode</STRONG> (Thumb, 14 bytes, Stack size 0 bytes, stm32h7xx_hal.o(.text), UNUSED)

<P><STRONG><a name="[95]"></a>HAL_DisableDomain3DBGStandbyMode</STRONG> (Thumb, 14 bytes, Stack size 0 bytes, stm32h7xx_hal.o(.text), UNUSED)

<P><STRONG><a name="[96]"></a>HAL_SetFMCMemorySwappingConfig</STRONG> (Thumb, 16 bytes, Stack size 0 bytes, stm32h7xx_hal.o(.text), UNUSED)

<P><STRONG><a name="[97]"></a>HAL_GetFMCMemorySwappingConfig</STRONG> (Thumb, 10 bytes, Stack size 0 bytes, stm32h7xx_hal.o(.text), UNUSED)

<P><STRONG><a name="[98]"></a>HAL_EXTI_EdgeConfig</STRONG> (Thumb, 226 bytes, Stack size 8 bytes, stm32h7xx_hal.o(.text), UNUSED)

<P><STRONG><a name="[99]"></a>HAL_EXTI_GenerateSWInterrupt</STRONG> (Thumb, 32 bytes, Stack size 0 bytes, stm32h7xx_hal.o(.text), UNUSED)

<P><STRONG><a name="[9a]"></a>HAL_EXTI_D1_ClearFlag</STRONG> (Thumb, 22 bytes, Stack size 0 bytes, stm32h7xx_hal.o(.text), UNUSED)

<P><STRONG><a name="[9b]"></a>HAL_EXTI_D1_EventInputConfig</STRONG> (Thumb, 168 bytes, Stack size 12 bytes, stm32h7xx_hal.o(.text), UNUSED)

<P><STRONG><a name="[9c]"></a>HAL_EXTI_D3_EventInputConfig</STRONG> (Thumb, 124 bytes, Stack size 16 bytes, stm32h7xx_hal.o(.text), UNUSED)

<P><STRONG><a name="[3e]"></a>HAL_RCC_DeInit</STRONG> (Thumb, 526 bytes, Stack size 8 bytes, stm32h7xx_hal_rcc.o(.text), UNUSED)
<BR><BR>[Calls]<UL><LI><a href="#[37]">&gt;&gt;</a>&nbsp;&nbsp;&nbsp;HAL_InitTick
<LI><a href="#[3c]">&gt;&gt;</a>&nbsp;&nbsp;&nbsp;HAL_GetTick
</UL>

<P><STRONG><a name="[d]"></a>HAL_RCC_OscConfig</STRONG> (Thumb, 668 bytes, Stack size 16 bytes, stm32h7xx_hal_rcc.o(.text), UNUSED)
<BR><BR>[Called By]<UL><LI><a href="#[2]">&gt;&gt;</a>&nbsp;&nbsp;&nbsp;SystemClock_Config
</UL>

<P><STRONG><a name="[36]"></a>HAL_RCC_GetSysClockFreq</STRONG> (Thumb, 518 bytes, Stack size 20 bytes, stm32h7xx_hal_rcc.o(.text), UNUSED)
<BR><BR>[Called By]<UL><LI><a href="#[34]">&gt;&gt;</a>&nbsp;&nbsp;&nbsp;HAL_Init
<LI><a href="#[e]">&gt;&gt;</a>&nbsp;&nbsp;&nbsp;HAL_RCC_ClockConfig
<LI><a href="#[40]">&gt;&gt;</a>&nbsp;&nbsp;&nbsp;HAL_RCC_GetHCLKFreq
</UL>

<P><STRONG><a name="[e]"></a>HAL_RCC_ClockConfig</STRONG> (Thumb, 820 bytes, Stack size 24 bytes, stm32h7xx_hal_rcc.o(.text), UNUSED)
<BR><BR>[Calls]<UL><LI><a href="#[37]">&gt;&gt;</a>&nbsp;&nbsp;&nbsp;HAL_InitTick
<LI><a href="#[36]">&gt;&gt;</a>&nbsp;&nbsp;&nbsp;HAL_RCC_GetSysClockFreq
</UL>
<BR>[Called By]<UL><LI><a href="#[2]">&gt;&gt;</a>&nbsp;&nbsp;&nbsp;SystemClock_Config
</UL>

<P><STRONG><a name="[3f]"></a>HAL_RCC_MCOConfig</STRONG> (Thumb, 182 bytes, Stack size 40 bytes, stm32h7xx_hal_rcc.o(.text), UNUSED)
<BR><BR>[Calls]<UL><LI><a href="#[14]">&gt;&gt;</a>&nbsp;&nbsp;&nbsp;HAL_GPIO_Init
</UL>

<P><STRONG><a name="[9d]"></a>HAL_RCC_EnableCSS</STRONG> (Thumb, 14 bytes, Stack size 0 bytes, stm32h7xx_hal_rcc.o(.text), UNUSED)

<P><STRONG><a name="[9e]"></a>HAL_RCC_DisableCSS</STRONG> (Thumb, 14 bytes, Stack size 0 bytes, stm32h7xx_hal_rcc.o(.text), UNUSED)

<P><STRONG><a name="[40]"></a>HAL_RCC_GetHCLKFreq</STRONG> (Thumb, 70 bytes, Stack size 8 bytes, stm32h7xx_hal_rcc.o(.text), UNUSED)
<BR><BR>[Calls]<UL><LI><a href="#[36]">&gt;&gt;</a>&nbsp;&nbsp;&nbsp;HAL_RCC_GetSysClockFreq
</UL>
<BR>[Called By]<UL><LI><a href="#[42]">&gt;&gt;</a>&nbsp;&nbsp;&nbsp;HAL_RCC_GetPCLK2Freq
<LI><a href="#[41]">&gt;&gt;</a>&nbsp;&nbsp;&nbsp;HAL_RCC_GetPCLK1Freq
</UL>

<P><STRONG><a name="[41]"></a>HAL_RCC_GetPCLK1Freq</STRONG> (Thumb, 32 bytes, Stack size 4 bytes, stm32h7xx_hal_rcc.o(.text), UNUSED)
<BR><BR>[Calls]<UL><LI><a href="#[40]">&gt;&gt;</a>&nbsp;&nbsp;&nbsp;HAL_RCC_GetHCLKFreq
</UL>

<P><STRONG><a name="[42]"></a>HAL_RCC_GetPCLK2Freq</STRONG> (Thumb, 32 bytes, Stack size 4 bytes, stm32h7xx_hal_rcc.o(.text), UNUSED)
<BR><BR>[Calls]<UL><LI><a href="#[40]">&gt;&gt;</a>&nbsp;&nbsp;&nbsp;HAL_RCC_GetHCLKFreq
</UL>

<P><STRONG><a name="[43]"></a>HAL_RCC_GetOscConfig</STRONG> (Thumb, 442 bytes, Stack size 8 bytes, stm32h7xx_hal_rcc.o(.text), UNUSED)
<BR><BR>[Calls]<UL><LI><a href="#[44]">&gt;&gt;</a>&nbsp;&nbsp;&nbsp;HAL_GetREVID
</UL>

<P><STRONG><a name="[9f]"></a>HAL_RCC_GetClockConfig</STRONG> (Thumb, 100 bytes, Stack size 0 bytes, stm32h7xx_hal_rcc.o(.text), UNUSED)

<P><STRONG><a name="[46]"></a>HAL_RCC_CSSCallback</STRONG> (Thumb, 2 bytes, Stack size 0 bytes, stm32h7xx_hal_rcc.o(.text), UNUSED)
<BR><BR>[Called By]<UL><LI><a href="#[45]">&gt;&gt;</a>&nbsp;&nbsp;&nbsp;HAL_RCC_NMI_IRQHandler
</UL>

<P><STRONG><a name="[45]"></a>HAL_RCC_NMI_IRQHandler</STRONG> (Thumb, 34 bytes, Stack size 8 bytes, stm32h7xx_hal_rcc.o(.text), UNUSED)
<BR><BR>[Calls]<UL><LI><a href="#[46]">&gt;&gt;</a>&nbsp;&nbsp;&nbsp;HAL_RCC_CSSCallback
</UL>

<P><STRONG><a name="[14]"></a>HAL_GPIO_Init</STRONG> (Thumb, 468 bytes, Stack size 24 bytes, stm32h7xx_hal_gpio.o(.text), UNUSED)
<BR><BR>[Called By]<UL><LI><a href="#[13]">&gt;&gt;</a>&nbsp;&nbsp;&nbsp;HAL_QSPI_MspInit
<LI><a href="#[3f]">&gt;&gt;</a>&nbsp;&nbsp;&nbsp;HAL_RCC_MCOConfig
</UL>

<P><STRONG><a name="[16]"></a>HAL_GPIO_DeInit</STRONG> (Thumb, 328 bytes, Stack size 20 bytes, stm32h7xx_hal_gpio.o(.text), UNUSED)
<BR><BR>[Called By]<UL><LI><a href="#[15]">&gt;&gt;</a>&nbsp;&nbsp;&nbsp;HAL_QSPI_MspDeInit
</UL>

<P><STRONG><a name="[a0]"></a>HAL_GPIO_ReadPin</STRONG> (Thumb, 16 bytes, Stack size 0 bytes, stm32h7xx_hal_gpio.o(.text), UNUSED)

<P><STRONG><a name="[a1]"></a>HAL_GPIO_WritePin</STRONG> (Thumb, 12 bytes, Stack size 0 bytes, stm32h7xx_hal_gpio.o(.text), UNUSED)

<P><STRONG><a name="[a2]"></a>HAL_GPIO_TogglePin</STRONG> (Thumb, 18 bytes, Stack size 0 bytes, stm32h7xx_hal_gpio.o(.text), UNUSED)

<P><STRONG><a name="[a3]"></a>HAL_GPIO_LockPin</STRONG> (Thumb, 46 bytes, Stack size 8 bytes, stm32h7xx_hal_gpio.o(.text), UNUSED)

<P><STRONG><a name="[48]"></a>HAL_GPIO_EXTI_Callback</STRONG> (Thumb, 2 bytes, Stack size 0 bytes, stm32h7xx_hal_gpio.o(.text), UNUSED)
<BR><BR>[Called By]<UL><LI><a href="#[47]">&gt;&gt;</a>&nbsp;&nbsp;&nbsp;HAL_GPIO_EXTI_IRQHandler
</UL>

<P><STRONG><a name="[47]"></a>HAL_GPIO_EXTI_IRQHandler</STRONG> (Thumb, 28 bytes, Stack size 8 bytes, stm32h7xx_hal_gpio.o(.text), UNUSED)
<BR><BR>[Calls]<UL><LI><a href="#[48]">&gt;&gt;</a>&nbsp;&nbsp;&nbsp;HAL_GPIO_EXTI_Callback
</UL>

<P><STRONG><a name="[49]"></a>HAL_QSPI_SetTimeout</STRONG> (Thumb, 4 bytes, Stack size 0 bytes, stm32h7xx_hal_qspi.o(.text), UNUSED)
<BR><BR>[Called By]<UL><LI><a href="#[11]">&gt;&gt;</a>&nbsp;&nbsp;&nbsp;HAL_QSPI_Init
</UL>

<P><STRONG><a name="[11]"></a>HAL_QSPI_Init</STRONG> (Thumb, 168 bytes, Stack size 24 bytes, stm32h7xx_hal_qspi.o(.text), UNUSED)
<BR><BR>[Calls]<UL><LI><a href="#[13]">&gt;&gt;</a>&nbsp;&nbsp;&nbsp;HAL_QSPI_MspInit
<LI><a href="#[49]">&gt;&gt;</a>&nbsp;&nbsp;&nbsp;HAL_QSPI_SetTimeout
<LI><a href="#[4a]">&gt;&gt;</a>&nbsp;&nbsp;&nbsp;QSPI_WaitFlagStateUntilTimeout
<LI><a href="#[3c]">&gt;&gt;</a>&nbsp;&nbsp;&nbsp;HAL_GetTick
</UL>
<BR>[Called By]<UL><LI><a href="#[3]">&gt;&gt;</a>&nbsp;&nbsp;&nbsp;bsp_InitQSPI_W25Q256
</UL>

<P><STRONG><a name="[10]"></a>HAL_QSPI_DeInit</STRONG> (Thumb, 40 bytes, Stack size 8 bytes, stm32h7xx_hal_qspi.o(.text), UNUSED)
<BR><BR>[Calls]<UL><LI><a href="#[15]">&gt;&gt;</a>&nbsp;&nbsp;&nbsp;HAL_QSPI_MspDeInit
</UL>
<BR>[Called By]<UL><LI><a href="#[3]">&gt;&gt;</a>&nbsp;&nbsp;&nbsp;bsp_InitQSPI_W25Q256
</UL>

<P><STRONG><a name="[22]"></a>HAL_QSPI_Command</STRONG> (Thumb, 164 bytes, Stack size 32 bytes, stm32h7xx_hal_qspi.o(.text), UNUSED)
<BR><BR>[Calls]<UL><LI><a href="#[4b]">&gt;&gt;</a>&nbsp;&nbsp;&nbsp;QSPI_Config
<LI><a href="#[4a]">&gt;&gt;</a>&nbsp;&nbsp;&nbsp;QSPI_WaitFlagStateUntilTimeout
<LI><a href="#[3c]">&gt;&gt;</a>&nbsp;&nbsp;&nbsp;HAL_GetTick
</UL>
<BR>[Called By]<UL><LI><a href="#[2f]">&gt;&gt;</a>&nbsp;&nbsp;&nbsp;w25qxx_sector_erase
<LI><a href="#[2d]">&gt;&gt;</a>&nbsp;&nbsp;&nbsp;w25qxx_read_jedec_id
<LI><a href="#[2c]">&gt;&gt;</a>&nbsp;&nbsp;&nbsp;w25qxx_exit_qpi_mode
<LI><a href="#[2b]">&gt;&gt;</a>&nbsp;&nbsp;&nbsp;w25qxx_reset
<LI><a href="#[27]">&gt;&gt;</a>&nbsp;&nbsp;&nbsp;w25qxx_read_sr
<LI><a href="#[26]">&gt;&gt;</a>&nbsp;&nbsp;&nbsp;w25qxx_enter_4_byte_address_mode
<LI><a href="#[25]">&gt;&gt;</a>&nbsp;&nbsp;&nbsp;w25qxx_write_enable
<LI><a href="#[24]">&gt;&gt;</a>&nbsp;&nbsp;&nbsp;w25qxx_write_sr
<LI><a href="#[21]">&gt;&gt;</a>&nbsp;&nbsp;&nbsp;w25qxx_enter_qpi_mode
<LI><a href="#[1b]">&gt;&gt;</a>&nbsp;&nbsp;&nbsp;w25qxx_read
<LI><a href="#[19]">&gt;&gt;</a>&nbsp;&nbsp;&nbsp;w25qxx_page_program
<LI><a href="#[18]">&gt;&gt;</a>&nbsp;&nbsp;&nbsp;w25qxx_chip_erase
<LI><a href="#[17]">&gt;&gt;</a>&nbsp;&nbsp;&nbsp;w25qxx_block64k_erase
</UL>

<P><STRONG><a name="[4c]"></a>HAL_QSPI_Command_IT</STRONG> (Thumb, 180 bytes, Stack size 24 bytes, stm32h7xx_hal_qspi.o(.text), UNUSED)
<BR><BR>[Calls]<UL><LI><a href="#[4b]">&gt;&gt;</a>&nbsp;&nbsp;&nbsp;QSPI_Config
<LI><a href="#[4a]">&gt;&gt;</a>&nbsp;&nbsp;&nbsp;QSPI_WaitFlagStateUntilTimeout
<LI><a href="#[3c]">&gt;&gt;</a>&nbsp;&nbsp;&nbsp;HAL_GetTick
</UL>

<P><STRONG><a name="[23]"></a>HAL_QSPI_Transmit</STRONG> (Thumb, 222 bytes, Stack size 32 bytes, stm32h7xx_hal_qspi.o(.text), UNUSED)
<BR><BR>[Calls]<UL><LI><a href="#[4a]">&gt;&gt;</a>&nbsp;&nbsp;&nbsp;QSPI_WaitFlagStateUntilTimeout
<LI><a href="#[3c]">&gt;&gt;</a>&nbsp;&nbsp;&nbsp;HAL_GetTick
</UL>
<BR>[Called By]<UL><LI><a href="#[24]">&gt;&gt;</a>&nbsp;&nbsp;&nbsp;w25qxx_write_sr
<LI><a href="#[21]">&gt;&gt;</a>&nbsp;&nbsp;&nbsp;w25qxx_enter_qpi_mode
<LI><a href="#[19]">&gt;&gt;</a>&nbsp;&nbsp;&nbsp;w25qxx_page_program
</UL>

<P><STRONG><a name="[28]"></a>HAL_QSPI_Receive</STRONG> (Thumb, 228 bytes, Stack size 40 bytes, stm32h7xx_hal_qspi.o(.text), UNUSED)
<BR><BR>[Calls]<UL><LI><a href="#[4a]">&gt;&gt;</a>&nbsp;&nbsp;&nbsp;QSPI_WaitFlagStateUntilTimeout
<LI><a href="#[3c]">&gt;&gt;</a>&nbsp;&nbsp;&nbsp;HAL_GetTick
</UL>
<BR>[Called By]<UL><LI><a href="#[2d]">&gt;&gt;</a>&nbsp;&nbsp;&nbsp;w25qxx_read_jedec_id
<LI><a href="#[27]">&gt;&gt;</a>&nbsp;&nbsp;&nbsp;w25qxx_read_sr
<LI><a href="#[1b]">&gt;&gt;</a>&nbsp;&nbsp;&nbsp;w25qxx_read
</UL>

<P><STRONG><a name="[a4]"></a>HAL_QSPI_Transmit_IT</STRONG> (Thumb, 144 bytes, Stack size 8 bytes, stm32h7xx_hal_qspi.o(.text), UNUSED)

<P><STRONG><a name="[a5]"></a>HAL_QSPI_Receive_IT</STRONG> (Thumb, 156 bytes, Stack size 12 bytes, stm32h7xx_hal_qspi.o(.text), UNUSED)

<P><STRONG><a name="[2a]"></a>HAL_QSPI_AutoPolling</STRONG> (Thumb, 202 bytes, Stack size 32 bytes, stm32h7xx_hal_qspi.o(.text), UNUSED)
<BR><BR>[Calls]<UL><LI><a href="#[4b]">&gt;&gt;</a>&nbsp;&nbsp;&nbsp;QSPI_Config
<LI><a href="#[4a]">&gt;&gt;</a>&nbsp;&nbsp;&nbsp;QSPI_WaitFlagStateUntilTimeout
<LI><a href="#[3c]">&gt;&gt;</a>&nbsp;&nbsp;&nbsp;HAL_GetTick
</UL>
<BR>[Called By]<UL><LI><a href="#[29]">&gt;&gt;</a>&nbsp;&nbsp;&nbsp;w25qxx_wait_busy
</UL>

<P><STRONG><a name="[4d]"></a>HAL_QSPI_AutoPolling_IT</STRONG> (Thumb, 206 bytes, Stack size 32 bytes, stm32h7xx_hal_qspi.o(.text), UNUSED)
<BR><BR>[Calls]<UL><LI><a href="#[4b]">&gt;&gt;</a>&nbsp;&nbsp;&nbsp;QSPI_Config
<LI><a href="#[4a]">&gt;&gt;</a>&nbsp;&nbsp;&nbsp;QSPI_WaitFlagStateUntilTimeout
<LI><a href="#[3c]">&gt;&gt;</a>&nbsp;&nbsp;&nbsp;HAL_GetTick
</UL>

<P><STRONG><a name="[30]"></a>HAL_QSPI_MemoryMapped</STRONG> (Thumb, 172 bytes, Stack size 32 bytes, stm32h7xx_hal_qspi.o(.text), UNUSED)
<BR><BR>[Calls]<UL><LI><a href="#[4b]">&gt;&gt;</a>&nbsp;&nbsp;&nbsp;QSPI_Config
<LI><a href="#[4a]">&gt;&gt;</a>&nbsp;&nbsp;&nbsp;QSPI_WaitFlagStateUntilTimeout
<LI><a href="#[3c]">&gt;&gt;</a>&nbsp;&nbsp;&nbsp;HAL_GetTick
</UL>
<BR>[Called By]<UL><LI><a href="#[1c]">&gt;&gt;</a>&nbsp;&nbsp;&nbsp;w25qxx_memory_mapped_enable
</UL>

<P><STRONG><a name="[a6]"></a>HAL_QSPI_ErrorCallback</STRONG> (Thumb, 2 bytes, Stack size 0 bytes, stm32h7xx_hal_qspi.o(.text), UNUSED)

<P><STRONG><a name="[a7]"></a>HAL_QSPI_AbortCpltCallback</STRONG> (Thumb, 2 bytes, Stack size 0 bytes, stm32h7xx_hal_qspi.o(.text), UNUSED)

<P><STRONG><a name="[a8]"></a>HAL_QSPI_CmdCpltCallback</STRONG> (Thumb, 2 bytes, Stack size 0 bytes, stm32h7xx_hal_qspi.o(.text), UNUSED)

<P><STRONG><a name="[a9]"></a>HAL_QSPI_RxCpltCallback</STRONG> (Thumb, 2 bytes, Stack size 0 bytes, stm32h7xx_hal_qspi.o(.text), UNUSED)

<P><STRONG><a name="[aa]"></a>HAL_QSPI_TxCpltCallback</STRONG> (Thumb, 2 bytes, Stack size 0 bytes, stm32h7xx_hal_qspi.o(.text), UNUSED)

<P><STRONG><a name="[ab]"></a>HAL_QSPI_FifoThresholdCallback</STRONG> (Thumb, 2 bytes, Stack size 0 bytes, stm32h7xx_hal_qspi.o(.text), UNUSED)

<P><STRONG><a name="[ac]"></a>HAL_QSPI_StatusMatchCallback</STRONG> (Thumb, 2 bytes, Stack size 0 bytes, stm32h7xx_hal_qspi.o(.text), UNUSED)

<P><STRONG><a name="[ad]"></a>HAL_QSPI_TimeOutCallback</STRONG> (Thumb, 2 bytes, Stack size 0 bytes, stm32h7xx_hal_qspi.o(.text), UNUSED)

<P><STRONG><a name="[ae]"></a>HAL_QSPI_GetState</STRONG> (Thumb, 8 bytes, Stack size 0 bytes, stm32h7xx_hal_qspi.o(.text), UNUSED)

<P><STRONG><a name="[af]"></a>HAL_QSPI_GetError</STRONG> (Thumb, 6 bytes, Stack size 0 bytes, stm32h7xx_hal_qspi.o(.text), UNUSED)

<P><STRONG><a name="[1e]"></a>HAL_QSPI_Abort</STRONG> (Thumb, 112 bytes, Stack size 24 bytes, stm32h7xx_hal_qspi.o(.text), UNUSED)
<BR><BR>[Calls]<UL><LI><a href="#[4a]">&gt;&gt;</a>&nbsp;&nbsp;&nbsp;QSPI_WaitFlagStateUntilTimeout
<LI><a href="#[3c]">&gt;&gt;</a>&nbsp;&nbsp;&nbsp;HAL_GetTick
</UL>
<BR>[Called By]<UL><LI><a href="#[1d]">&gt;&gt;</a>&nbsp;&nbsp;&nbsp;QSPI_QuitMemoryMapped
</UL>

<P><STRONG><a name="[b0]"></a>HAL_QSPI_SetFifoThreshold</STRONG> (Thumb, 76 bytes, Stack size 8 bytes, stm32h7xx_hal_qspi.o(.text), UNUSED)

<P><STRONG><a name="[b1]"></a>HAL_QSPI_GetFifoThreshold</STRONG> (Thumb, 14 bytes, Stack size 0 bytes, stm32h7xx_hal_qspi.o(.text), UNUSED)

<P><STRONG><a name="[b2]"></a>HAL_QSPI_SetFlashID</STRONG> (Thumb, 70 bytes, Stack size 8 bytes, stm32h7xx_hal_qspi.o(.text), UNUSED)

<P><STRONG><a name="[35]"></a>HAL_NVIC_SetPriorityGrouping</STRONG> (Thumb, 36 bytes, Stack size 0 bytes, stm32h7xx_hal_cortex.o(.text), UNUSED)
<BR><BR>[Called By]<UL><LI><a href="#[34]">&gt;&gt;</a>&nbsp;&nbsp;&nbsp;HAL_Init
</UL>

<P><STRONG><a name="[33]"></a>HAL_NVIC_SetPriority</STRONG> (Thumb, 122 bytes, Stack size 32 bytes, stm32h7xx_hal_cortex.o(.text), UNUSED)
<BR><BR>[Calls]<UL><LI><a href="#[4e]">&gt;&gt;</a>&nbsp;&nbsp;&nbsp;__NVIC_GetPriorityGrouping
<LI><a href="#[4f]">&gt;&gt;</a>&nbsp;&nbsp;&nbsp;__NVIC_SetPriority
</UL>
<BR>[Called By]<UL><LI><a href="#[31]">&gt;&gt;</a>&nbsp;&nbsp;&nbsp;HAL_MspInit
</UL>

<P><STRONG><a name="[b3]"></a>HAL_NVIC_EnableIRQ</STRONG> (Thumb, 40 bytes, Stack size 0 bytes, stm32h7xx_hal_cortex.o(.text), UNUSED)

<P><STRONG><a name="[b4]"></a>HAL_NVIC_DisableIRQ</STRONG> (Thumb, 38 bytes, Stack size 8 bytes, stm32h7xx_hal_cortex.o(.text), UNUSED)

<P><STRONG><a name="[b5]"></a>HAL_NVIC_SystemReset</STRONG> (Thumb, 40 bytes, Stack size 0 bytes, stm32h7xx_hal_cortex.o(.text), UNUSED)

<P><STRONG><a name="[32]"></a>HAL_SYSTICK_Config</STRONG> (Thumb, 52 bytes, Stack size 16 bytes, stm32h7xx_hal_cortex.o(.text), UNUSED)
<BR><BR>[Calls]<UL><LI><a href="#[4f]">&gt;&gt;</a>&nbsp;&nbsp;&nbsp;__NVIC_SetPriority
</UL>
<BR>[Called By]<UL><LI><a href="#[31]">&gt;&gt;</a>&nbsp;&nbsp;&nbsp;HAL_MspInit
</UL>

<P><STRONG><a name="[b6]"></a>HAL_MPU_Disable</STRONG> (Thumb, 30 bytes, Stack size 0 bytes, stm32h7xx_hal_cortex.o(.text), UNUSED)

<P><STRONG><a name="[b7]"></a>HAL_MPU_Enable</STRONG> (Thumb, 36 bytes, Stack size 0 bytes, stm32h7xx_hal_cortex.o(.text), UNUSED)

<P><STRONG><a name="[b8]"></a>HAL_MPU_ConfigRegion</STRONG> (Thumb, 90 bytes, Stack size 0 bytes, stm32h7xx_hal_cortex.o(.text), UNUSED)

<P><STRONG><a name="[50]"></a>HAL_NVIC_GetPriorityGrouping</STRONG> (Thumb, 8 bytes, Stack size 8 bytes, stm32h7xx_hal_cortex.o(.text), UNUSED)
<BR><BR>[Calls]<UL><LI><a href="#[4e]">&gt;&gt;</a>&nbsp;&nbsp;&nbsp;__NVIC_GetPriorityGrouping
</UL>

<P><STRONG><a name="[b9]"></a>HAL_NVIC_GetPriority</STRONG> (Thumb, 138 bytes, Stack size 28 bytes, stm32h7xx_hal_cortex.o(.text), UNUSED)

<P><STRONG><a name="[ba]"></a>HAL_NVIC_SetPendingIRQ</STRONG> (Thumb, 32 bytes, Stack size 8 bytes, stm32h7xx_hal_cortex.o(.text), UNUSED)

<P><STRONG><a name="[bb]"></a>HAL_NVIC_GetPendingIRQ</STRONG> (Thumb, 46 bytes, Stack size 8 bytes, stm32h7xx_hal_cortex.o(.text), UNUSED)

<P><STRONG><a name="[bc]"></a>HAL_NVIC_ClearPendingIRQ</STRONG> (Thumb, 30 bytes, Stack size 8 bytes, stm32h7xx_hal_cortex.o(.text), UNUSED)

<P><STRONG><a name="[bd]"></a>HAL_NVIC_GetActive</STRONG> (Thumb, 46 bytes, Stack size 8 bytes, stm32h7xx_hal_cortex.o(.text), UNUSED)

<P><STRONG><a name="[be]"></a>HAL_SYSTICK_CLKSourceConfig</STRONG> (Thumb, 40 bytes, Stack size 0 bytes, stm32h7xx_hal_cortex.o(.text), UNUSED)

<P><STRONG><a name="[52]"></a>HAL_SYSTICK_Callback</STRONG> (Thumb, 2 bytes, Stack size 0 bytes, stm32h7xx_hal_cortex.o(.text), UNUSED)
<BR><BR>[Called By]<UL><LI><a href="#[51]">&gt;&gt;</a>&nbsp;&nbsp;&nbsp;HAL_SYSTICK_IRQHandler
</UL>

<P><STRONG><a name="[51]"></a>HAL_SYSTICK_IRQHandler</STRONG> (Thumb, 8 bytes, Stack size 8 bytes, stm32h7xx_hal_cortex.o(.text), UNUSED)
<BR><BR>[Calls]<UL><LI><a href="#[52]">&gt;&gt;</a>&nbsp;&nbsp;&nbsp;HAL_SYSTICK_Callback
</UL>

<P><STRONG><a name="[bf]"></a>HAL_GetCurrentCPUID</STRONG> (Thumb, 4 bytes, Stack size 0 bytes, stm32h7xx_hal_cortex.o(.text), UNUSED)

<P><STRONG><a name="[1]"></a>SystemInit</STRONG> (Thumb, 220 bytes, Stack size 0 bytes, system_stm32h7xx.o(.text), UNUSED)
<BR><BR>[Called By]<UL><LI><a href="#[0]">&gt;&gt;</a>&nbsp;&nbsp;&nbsp;Init
</UL>

<P><STRONG><a name="[c0]"></a>SystemCoreClockUpdate</STRONG> (Thumb, 492 bytes, Stack size 20 bytes, system_stm32h7xx.o(.text), UNUSED)

<P><STRONG><a name="[54]"></a>__aeabi_memset</STRONG> (Thumb, 14 bytes, Stack size 0 bytes, memseta.o(.text), UNUSED)
<BR><BR>[Called By]<UL><LI><a href="#[55]">&gt;&gt;</a>&nbsp;&nbsp;&nbsp;_memset$wrapper
<LI><a href="#[53]">&gt;&gt;</a>&nbsp;&nbsp;&nbsp;__aeabi_memclr
</UL>

<P><STRONG><a name="[c1]"></a>__aeabi_memset4</STRONG> (Thumb, 0 bytes, Stack size 0 bytes, memseta.o(.text), UNUSED)

<P><STRONG><a name="[c2]"></a>__aeabi_memset8</STRONG> (Thumb, 0 bytes, Stack size 0 bytes, memseta.o(.text), UNUSED)

<P><STRONG><a name="[53]"></a>__aeabi_memclr</STRONG> (Thumb, 4 bytes, Stack size 0 bytes, memseta.o(.text), UNUSED)
<BR><BR>[Calls]<UL><LI><a href="#[54]">&gt;&gt;</a>&nbsp;&nbsp;&nbsp;__aeabi_memset
</UL>

<P><STRONG><a name="[c]"></a>__aeabi_memclr4</STRONG> (Thumb, 0 bytes, Stack size 0 bytes, memseta.o(.text), UNUSED)
<BR><BR>[Called By]<UL><LI><a href="#[29]">&gt;&gt;</a>&nbsp;&nbsp;&nbsp;w25qxx_wait_busy
<LI><a href="#[2]">&gt;&gt;</a>&nbsp;&nbsp;&nbsp;SystemClock_Config
</UL>

<P><STRONG><a name="[c3]"></a>__aeabi_memclr8</STRONG> (Thumb, 0 bytes, Stack size 0 bytes, memseta.o(.text), UNUSED)

<P><STRONG><a name="[55]"></a>_memset$wrapper</STRONG> (Thumb, 18 bytes, Stack size 8 bytes, memseta.o(.text), UNUSED)
<BR><BR>[Calls]<UL><LI><a href="#[54]">&gt;&gt;</a>&nbsp;&nbsp;&nbsp;__aeabi_memset
</UL>
<P>
<H3>
Local Symbols
</H3>
<P><STRONG><a name="[20]"></a>LL_GPIO_SetPinMode</STRONG> (Thumb, 26 bytes, Stack size 8 bytes, w25qxx.o(.text), UNUSED)
<BR><BR>[Called By]<UL><LI><a href="#[1f]">&gt;&gt;</a>&nbsp;&nbsp;&nbsp;w25qxx_hardware_unprotected
</UL>

<P><STRONG><a name="[4a]"></a>QSPI_WaitFlagStateUntilTimeout</STRONG> (Thumb, 30 bytes, Stack size 12 bytes, stm32h7xx_hal_qspi.o(.text), UNUSED)
<BR><BR>[Called By]<UL><LI><a href="#[23]">&gt;&gt;</a>&nbsp;&nbsp;&nbsp;HAL_QSPI_Transmit
<LI><a href="#[28]">&gt;&gt;</a>&nbsp;&nbsp;&nbsp;HAL_QSPI_Receive
<LI><a href="#[30]">&gt;&gt;</a>&nbsp;&nbsp;&nbsp;HAL_QSPI_MemoryMapped
<LI><a href="#[22]">&gt;&gt;</a>&nbsp;&nbsp;&nbsp;HAL_QSPI_Command
<LI><a href="#[2a]">&gt;&gt;</a>&nbsp;&nbsp;&nbsp;HAL_QSPI_AutoPolling
<LI><a href="#[11]">&gt;&gt;</a>&nbsp;&nbsp;&nbsp;HAL_QSPI_Init
<LI><a href="#[1e]">&gt;&gt;</a>&nbsp;&nbsp;&nbsp;HAL_QSPI_Abort
<LI><a href="#[4d]">&gt;&gt;</a>&nbsp;&nbsp;&nbsp;HAL_QSPI_AutoPolling_IT
<LI><a href="#[4c]">&gt;&gt;</a>&nbsp;&nbsp;&nbsp;HAL_QSPI_Command_IT
</UL>

<P><STRONG><a name="[4b]"></a>QSPI_Config</STRONG> (Thumb, 488 bytes, Stack size 8 bytes, stm32h7xx_hal_qspi.o(.text), UNUSED)
<BR><BR>[Called By]<UL><LI><a href="#[30]">&gt;&gt;</a>&nbsp;&nbsp;&nbsp;HAL_QSPI_MemoryMapped
<LI><a href="#[22]">&gt;&gt;</a>&nbsp;&nbsp;&nbsp;HAL_QSPI_Command
<LI><a href="#[2a]">&gt;&gt;</a>&nbsp;&nbsp;&nbsp;HAL_QSPI_AutoPolling
<LI><a href="#[4d]">&gt;&gt;</a>&nbsp;&nbsp;&nbsp;HAL_QSPI_AutoPolling_IT
<LI><a href="#[4c]">&gt;&gt;</a>&nbsp;&nbsp;&nbsp;HAL_QSPI_Command_IT
</UL>

<P><STRONG><a name="[4f]"></a>__NVIC_SetPriority</STRONG> (Thumb, 32 bytes, Stack size 8 bytes, stm32h7xx_hal_cortex.o(.text), UNUSED)
<BR><BR>[Called By]<UL><LI><a href="#[32]">&gt;&gt;</a>&nbsp;&nbsp;&nbsp;HAL_SYSTICK_Config
<LI><a href="#[33]">&gt;&gt;</a>&nbsp;&nbsp;&nbsp;HAL_NVIC_SetPriority
</UL>

<P><STRONG><a name="[4e]"></a>__NVIC_GetPriorityGrouping</STRONG> (Thumb, 12 bytes, Stack size 0 bytes, stm32h7xx_hal_cortex.o(.text), UNUSED)
<BR><BR>[Called By]<UL><LI><a href="#[50]">&gt;&gt;</a>&nbsp;&nbsp;&nbsp;HAL_NVIC_GetPriorityGrouping
<LI><a href="#[33]">&gt;&gt;</a>&nbsp;&nbsp;&nbsp;HAL_NVIC_SetPriority
</UL>
<P>
<H3>
Undefined Global Symbols
</H3><HR></body></html>
