<html>
<body>
<pre>
<h1>礦ision Build Log</h1>
<h2>Tool Versions:</h2>
IDE-Version: μVision V5.39.0.0
Copyright (C) 2023 ARM Ltd and ARM Germany GmbH. All rights reserved.
License Information: CAO ZIJIAN, CHKL, LIC=FYKYW-QBYUM-2ZBW4-F5G9N-FJ8CW-V762I
 
Tool Versions:
Toolchain:       MDK-ARM Plus  Version: 5.39.0.0
Toolchain Path:  D:\ProgramFiles\KEIL\ARM\ARMCC\Bin
C Compiler:      Armcc.exe V5.06 update 7 (build 960)
Assembler:       Armasm.exe V5.06 update 7 (build 960)
Linker/Locator:  ArmLink.exe V5.06 update 7 (build 960)
Library Manager: ArmAr.exe V5.06 update 7 (build 960)
Hex Converter:   FromElf.exe V5.06 update 7 (build 960)
CPU DLL:         SARMCM3.DLL V5.39.0.0
Dialog DLL:      DCM.DLL V1.17.5.0
Target DLL:      UL2CM3.DLL V1.164.9.0
Dialog DLL:      TCM.DLL V1.56.4.0
 
<h2>Project:</h2>
F:\Repository\embeded-lib\3. algorithms\flm\samples\H750_EXTSPI_W25Q256\Project\MDK-ARM(AC5)\H750_EXTSPI_W25Q256.uvprojx
Project File Date:  11/10/2024

<h2>Output:</h2>
*** Using Compiler 'V5.06 update 7 (build 960)', folder: 'D:\ProgramFiles\KEIL\ARM\ARMCC\Bin'
Build target 'Flash'
compiling FlashDev.c...
compiling stm32h7xx_ll_gpio.c...
compiling bsp_qspi_w25q256.c...
compiling stm32h7xx_hal_cortex.c...
compiling stm32h7xx_hal_rcc.c...
compiling bsp.c...
compiling FlashPrg.c...
compiling system_stm32h7xx.c...
compiling stm32h7xx_hal_gpio.c...
compiling w25qxx.c...
compiling stm32h7xx_hal.c...
compiling stm32h7xx_hal_qspi.c...
linking...
Program Size: Code=13940 RO-data=4272 RW-data=28 ZI-data=76  
FromELF: creating hex file...
After Build - User command #1: cmd.exe /C copy ".\Objects\H750_EXTSPI_W25Q256.axf" "..\H750_EXTSPI_W25Q256.FLM"
已复制         1 个文件。
".\Objects\H750_EXTSPI_W25Q256.axf" - 0 Error(s), 0 Warning(s).

<h2>Software Packages used:</h2>

Package Vendor: Keil
                https://www.keil.com/pack/Keil.STM32H7xx_DFP.3.1.1.pack
                Keil::STM32H7xx_DFP@3.1.1
                STMicroelectronics STM32H7 Series Device Support and Examples

<h2>Collection of Component include folders:</h2>
  D:/ProgramFiles/KEIL/ARM/Packs/Keil/STM32H7xx_DFP/3.1.1/Drivers/CMSIS/Device/ST/STM32H7xx/Include

<h2>Collection of Component Files used:</h2>
Build Time Elapsed:  00:00:03
</pre>
</body>
</html>
