Component: Arm Compiler for Embedded 6.18 Tool: armlink [5e4cc100]

==============================================================================

Section Cross References

    main.o(.text.main) refers to main.o(.text.SystemClock_Config) for SystemClock_Config
    main.o(.text.main) refers to gpio.o(.text.MX_GPIO_Init) for MX_GPIO_Init
    main.o(.text.main) refers to bsp_i2c_dma.o(.text.bsp_i2c_init) for bsp_i2c_init
    main.o(.ARM.exidx.text.main) refers to main.o(.text.main) for [Anonymous Symbol]
    main.o(.text.SystemClock_Config) refers to stm32f4xx_ll_utils.o(.text.LL_Init1msTick) for LL_Init1msTick
    main.o(.text.SystemClock_Config) refers to stm32f4xx_ll_utils.o(.text.LL_SetSystemCoreClock) for LL_SetSystemCoreClock
    main.o(.ARM.exidx.text.SystemClock_Config) refers to main.o(.text.SystemClock_Config) for [Anonymous Symbol]
    main.o(.ARM.exidx.text.Error_Handler) refers to main.o(.text.Error_Handler) for [Anonymous Symbol]
    gpio.o(.text.MX_GPIO_Init) refers to stm32f4xx_ll_gpio.o(.text.LL_GPIO_Init) for LL_GPIO_Init
    gpio.o(.ARM.exidx.text.MX_GPIO_Init) refers to gpio.o(.text.MX_GPIO_Init) for [Anonymous Symbol]
    dma.o(.ARM.exidx.text.MX_DMA_Init) refers to dma.o(.text.MX_DMA_Init) for [Anonymous Symbol]
    i2c.o(.text.MX_I2C1_Init) refers to stm32f4xx_ll_gpio.o(.text.LL_GPIO_Init) for LL_GPIO_Init
    i2c.o(.text.MX_I2C1_Init) refers to stm32f4xx_ll_i2c.o(.text.LL_I2C_Init) for LL_I2C_Init
    i2c.o(.ARM.exidx.text.MX_I2C1_Init) refers to i2c.o(.text.MX_I2C1_Init) for [Anonymous Symbol]
    stm32f4xx_it.o(.ARM.exidx.text.NMI_Handler) refers to stm32f4xx_it.o(.text.NMI_Handler) for [Anonymous Symbol]
    stm32f4xx_it.o(.ARM.exidx.text.HardFault_Handler) refers to stm32f4xx_it.o(.text.HardFault_Handler) for [Anonymous Symbol]
    stm32f4xx_it.o(.ARM.exidx.text.MemManage_Handler) refers to stm32f4xx_it.o(.text.MemManage_Handler) for [Anonymous Symbol]
    stm32f4xx_it.o(.ARM.exidx.text.BusFault_Handler) refers to stm32f4xx_it.o(.text.BusFault_Handler) for [Anonymous Symbol]
    stm32f4xx_it.o(.ARM.exidx.text.UsageFault_Handler) refers to stm32f4xx_it.o(.text.UsageFault_Handler) for [Anonymous Symbol]
    stm32f4xx_it.o(.ARM.exidx.text.SVC_Handler) refers to stm32f4xx_it.o(.text.SVC_Handler) for [Anonymous Symbol]
    stm32f4xx_it.o(.ARM.exidx.text.DebugMon_Handler) refers to stm32f4xx_it.o(.text.DebugMon_Handler) for [Anonymous Symbol]
    stm32f4xx_it.o(.ARM.exidx.text.PendSV_Handler) refers to stm32f4xx_it.o(.text.PendSV_Handler) for [Anonymous Symbol]
    stm32f4xx_it.o(.ARM.exidx.text.SysTick_Handler) refers to stm32f4xx_it.o(.text.SysTick_Handler) for [Anonymous Symbol]
    stm32f4xx_it.o(.text.DMA1_Stream5_IRQHandler) refers to dev_i2c_dma.o(.text.i2c1_dmarx_tc_isr) for i2c1_dmarx_tc_isr
    stm32f4xx_it.o(.ARM.exidx.text.DMA1_Stream5_IRQHandler) refers to stm32f4xx_it.o(.text.DMA1_Stream5_IRQHandler) for [Anonymous Symbol]
    stm32f4xx_it.o(.text.DMA1_Stream6_IRQHandler) refers to dev_i2c_dma.o(.text.i2c1_dmatx_tc_isr) for i2c1_dmatx_tc_isr
    stm32f4xx_it.o(.ARM.exidx.text.DMA1_Stream6_IRQHandler) refers to stm32f4xx_it.o(.text.DMA1_Stream6_IRQHandler) for [Anonymous Symbol]
    stm32f4xx_it.o(.text.I2C1_EV_IRQHandler) refers to dev_i2c_dma.o(.text.i2c1_evt_isr) for i2c1_evt_isr
    stm32f4xx_it.o(.ARM.exidx.text.I2C1_EV_IRQHandler) refers to stm32f4xx_it.o(.text.I2C1_EV_IRQHandler) for [Anonymous Symbol]
    stm32f4xx_it.o(.text.I2C1_ER_IRQHandler) refers to dev_i2c_dma.o(.text.i2c1_err_isr) for i2c1_err_isr
    stm32f4xx_it.o(.ARM.exidx.text.I2C1_ER_IRQHandler) refers to stm32f4xx_it.o(.text.I2C1_ER_IRQHandler) for [Anonymous Symbol]
    bsp_i2c_dma.o(.text.bsp_i2c_init) refers to stm32f4xx_ll_gpio.o(.text.LL_GPIO_Init) for LL_GPIO_Init
    bsp_i2c_dma.o(.text.bsp_i2c_init) refers to stm32f4xx_ll_dma.o(.text.LL_DMA_DeInit) for LL_DMA_DeInit
    bsp_i2c_dma.o(.text.bsp_i2c_init) refers to stm32f4xx_ll_i2c.o(.text.LL_I2C_DeInit) for LL_I2C_DeInit
    bsp_i2c_dma.o(.text.bsp_i2c_init) refers to stm32f4xx_ll_i2c.o(.text.LL_I2C_Init) for LL_I2C_Init
    bsp_i2c_dma.o(.ARM.exidx.text.bsp_i2c_init) refers to bsp_i2c_dma.o(.text.bsp_i2c_init) for [Anonymous Symbol]
    bsp_i2c_dma.o(.text.i2c_gpio_init) refers to stm32f4xx_ll_gpio.o(.text.LL_GPIO_Init) for LL_GPIO_Init
    bsp_i2c_dma.o(.ARM.exidx.text.i2c_gpio_init) refers to bsp_i2c_dma.o(.text.i2c_gpio_init) for [Anonymous Symbol]
    bsp_i2c_dma.o(.text.i2c_dmarx_config) refers to stm32f4xx_ll_dma.o(.text.LL_DMA_DeInit) for LL_DMA_DeInit
    bsp_i2c_dma.o(.ARM.exidx.text.i2c_dmarx_config) refers to bsp_i2c_dma.o(.text.i2c_dmarx_config) for [Anonymous Symbol]
    bsp_i2c_dma.o(.text.i2c_dmatx_config) refers to stm32f4xx_ll_dma.o(.text.LL_DMA_DeInit) for LL_DMA_DeInit
    bsp_i2c_dma.o(.ARM.exidx.text.i2c_dmatx_config) refers to bsp_i2c_dma.o(.text.i2c_dmatx_config) for [Anonymous Symbol]
    bsp_i2c_dma.o(.ARM.exidx.text.i2c_nvic_init) refers to bsp_i2c_dma.o(.text.i2c_nvic_init) for [Anonymous Symbol]
    bsp_i2c_dma.o(.text.i2c_periph_init) refers to stm32f4xx_ll_i2c.o(.text.LL_I2C_DeInit) for LL_I2C_DeInit
    bsp_i2c_dma.o(.text.i2c_periph_init) refers to stm32f4xx_ll_i2c.o(.text.LL_I2C_Init) for LL_I2C_Init
    bsp_i2c_dma.o(.ARM.exidx.text.i2c_periph_init) refers to bsp_i2c_dma.o(.text.i2c_periph_init) for [Anonymous Symbol]
    bsp_i2c_dma.o(.text.i2c_bus_reset) refers to stm32f4xx_ll_gpio.o(.text.LL_GPIO_Init) for LL_GPIO_Init
    bsp_i2c_dma.o(.text.i2c_bus_reset) refers to dwt_delay.o(.text.dwt_delay_us) for dwt_delay_us
    bsp_i2c_dma.o(.text.i2c_bus_reset) refers to bsp_i2c_dma.o(.text.bsp_i2c_init) for bsp_i2c_init
    bsp_i2c_dma.o(.ARM.exidx.text.i2c_bus_reset) refers to bsp_i2c_dma.o(.text.i2c_bus_reset) for [Anonymous Symbol]
    bsp_i2c_dma.o(.text.i2c_bus_check) refers to system_stm32f4xx.o(.data.SystemCoreClock) for SystemCoreClock
    bsp_i2c_dma.o(.text.i2c_bus_check) refers to bsp_i2c_dma.o(.text.i2c_bus_reset) for i2c_bus_reset
    bsp_i2c_dma.o(.ARM.exidx.text.i2c_bus_check) refers to bsp_i2c_dma.o(.text.i2c_bus_check) for [Anonymous Symbol]
    dev_i2c_dma.o(.text.i2c_write_dma) refers to dev_i2c_dma.o(.bss.i2c_dev) for i2c_dev
    dev_i2c_dma.o(.text.i2c_write_dma) refers to bsp_i2c_dma.o(.text.i2c_bus_check) for i2c_bus_check
    dev_i2c_dma.o(.ARM.exidx.text.i2c_write_dma) refers to dev_i2c_dma.o(.text.i2c_write_dma) for [Anonymous Symbol]
    dev_i2c_dma.o(.text.i2c_mem_write_dma) refers to dev_i2c_dma.o(.bss.i2c_dev) for i2c_dev
    dev_i2c_dma.o(.text.i2c_mem_write_dma) refers to bsp_i2c_dma.o(.text.i2c_bus_check) for i2c_bus_check
    dev_i2c_dma.o(.ARM.exidx.text.i2c_mem_write_dma) refers to dev_i2c_dma.o(.text.i2c_mem_write_dma) for [Anonymous Symbol]
    dev_i2c_dma.o(.text.i2c_read_dma) refers to dev_i2c_dma.o(.bss.i2c_dev) for i2c_dev
    dev_i2c_dma.o(.text.i2c_read_dma) refers to bsp_i2c_dma.o(.text.i2c_bus_check) for i2c_bus_check
    dev_i2c_dma.o(.ARM.exidx.text.i2c_read_dma) refers to dev_i2c_dma.o(.text.i2c_read_dma) for [Anonymous Symbol]
    dev_i2c_dma.o(.text.i2c_mem_read_dma) refers to dev_i2c_dma.o(.bss.i2c_dev) for i2c_dev
    dev_i2c_dma.o(.text.i2c_mem_read_dma) refers to bsp_i2c_dma.o(.text.i2c_bus_check) for i2c_bus_check
    dev_i2c_dma.o(.ARM.exidx.text.i2c_mem_read_dma) refers to dev_i2c_dma.o(.text.i2c_mem_read_dma) for [Anonymous Symbol]
    dev_i2c_dma.o(.text.i2c1_evt_isr) refers to dev_i2c_dma.o(.bss.i2c_dev) for i2c_dev
    dev_i2c_dma.o(.ARM.exidx.text.i2c1_evt_isr) refers to dev_i2c_dma.o(.text.i2c1_evt_isr) for [Anonymous Symbol]
    dev_i2c_dma.o(.ARM.exidx.text.i2c_dmatx_enable) refers to dev_i2c_dma.o(.text.i2c_dmatx_enable) for [Anonymous Symbol]
    dev_i2c_dma.o(.ARM.exidx.text.i2c_dmarx_enable) refers to dev_i2c_dma.o(.text.i2c_dmarx_enable) for [Anonymous Symbol]
    dev_i2c_dma.o(.text.i2c1_err_isr) refers to dev_i2c_dma.o(.bss.i2c_dev) for i2c_dev
    dev_i2c_dma.o(.text.i2c1_err_isr) refers to bsp_i2c_dma.o(.text.i2c_bus_reset) for i2c_bus_reset
    dev_i2c_dma.o(.ARM.exidx.text.i2c1_err_isr) refers to dev_i2c_dma.o(.text.i2c1_err_isr) for [Anonymous Symbol]
    dev_i2c_dma.o(.text.i2c1_dmatx_tc_isr) refers to dev_i2c_dma.o(.bss.i2c_dev) for i2c_dev
    dev_i2c_dma.o(.ARM.exidx.text.i2c1_dmatx_tc_isr) refers to dev_i2c_dma.o(.text.i2c1_dmatx_tc_isr) for [Anonymous Symbol]
    dev_i2c_dma.o(.text.i2c1_dmarx_tc_isr) refers to dev_i2c_dma.o(.bss.i2c_dev) for i2c_dev
    dev_i2c_dma.o(.ARM.exidx.text.i2c1_dmarx_tc_isr) refers to dev_i2c_dma.o(.text.i2c1_dmarx_tc_isr) for [Anonymous Symbol]
    dwt_delay.o(.ARM.exidx.text.dwt_init) refers to dwt_delay.o(.text.dwt_init) for [Anonymous Symbol]
    dwt_delay.o(.text.dwt_delay_us) refers to system_stm32f4xx.o(.data.SystemCoreClock) for SystemCoreClock
    dwt_delay.o(.ARM.exidx.text.dwt_delay_us) refers to dwt_delay.o(.text.dwt_delay_us) for [Anonymous Symbol]
    dwt_delay.o(.text.dwt_delay_ms) refers to system_stm32f4xx.o(.data.SystemCoreClock) for SystemCoreClock
    dwt_delay.o(.ARM.exidx.text.dwt_delay_ms) refers to dwt_delay.o(.text.dwt_delay_ms) for [Anonymous Symbol]
    startup_stm32f407xx.o(STACK) refers (Special) to heapauxi.o(.text) for __use_two_region_memory
    startup_stm32f407xx.o(HEAP) refers (Special) to heapauxi.o(.text) for __use_two_region_memory
    startup_stm32f407xx.o(RESET) refers (Special) to heapauxi.o(.text) for __use_two_region_memory
    startup_stm32f407xx.o(RESET) refers to startup_stm32f407xx.o(STACK) for __initial_sp
    startup_stm32f407xx.o(RESET) refers to startup_stm32f407xx.o(.text) for Reset_Handler
    startup_stm32f407xx.o(RESET) refers to stm32f4xx_it.o(.text.NMI_Handler) for NMI_Handler
    startup_stm32f407xx.o(RESET) refers to stm32f4xx_it.o(.text.HardFault_Handler) for HardFault_Handler
    startup_stm32f407xx.o(RESET) refers to stm32f4xx_it.o(.text.MemManage_Handler) for MemManage_Handler
    startup_stm32f407xx.o(RESET) refers to stm32f4xx_it.o(.text.BusFault_Handler) for BusFault_Handler
    startup_stm32f407xx.o(RESET) refers to stm32f4xx_it.o(.text.UsageFault_Handler) for UsageFault_Handler
    startup_stm32f407xx.o(RESET) refers to stm32f4xx_it.o(.text.SVC_Handler) for SVC_Handler
    startup_stm32f407xx.o(RESET) refers to stm32f4xx_it.o(.text.DebugMon_Handler) for DebugMon_Handler
    startup_stm32f407xx.o(RESET) refers to stm32f4xx_it.o(.text.PendSV_Handler) for PendSV_Handler
    startup_stm32f407xx.o(RESET) refers to stm32f4xx_it.o(.text.SysTick_Handler) for SysTick_Handler
    startup_stm32f407xx.o(RESET) refers to stm32f4xx_it.o(.text.DMA1_Stream5_IRQHandler) for DMA1_Stream5_IRQHandler
    startup_stm32f407xx.o(RESET) refers to stm32f4xx_it.o(.text.DMA1_Stream6_IRQHandler) for DMA1_Stream6_IRQHandler
    startup_stm32f407xx.o(RESET) refers to stm32f4xx_it.o(.text.I2C1_EV_IRQHandler) for I2C1_EV_IRQHandler
    startup_stm32f407xx.o(RESET) refers to stm32f4xx_it.o(.text.I2C1_ER_IRQHandler) for I2C1_ER_IRQHandler
    startup_stm32f407xx.o(.text) refers (Special) to heapauxi.o(.text) for __use_two_region_memory
    startup_stm32f407xx.o(.text) refers to system_stm32f4xx.o(.text.SystemInit) for SystemInit
    startup_stm32f407xx.o(.text) refers to __main.o(!!!main) for __main
    startup_stm32f407xx.o(.text) refers to startup_stm32f407xx.o(HEAP) for Heap_Mem
    startup_stm32f407xx.o(.text) refers to startup_stm32f407xx.o(STACK) for Stack_Mem
    stm32f4xx_ll_gpio.o(.ARM.exidx.text.LL_GPIO_DeInit) refers to stm32f4xx_ll_gpio.o(.text.LL_GPIO_DeInit) for [Anonymous Symbol]
    stm32f4xx_ll_gpio.o(.ARM.exidx.text.LL_GPIO_Init) refers to stm32f4xx_ll_gpio.o(.text.LL_GPIO_Init) for [Anonymous Symbol]
    stm32f4xx_ll_gpio.o(.ARM.exidx.text.LL_GPIO_StructInit) refers to stm32f4xx_ll_gpio.o(.text.LL_GPIO_StructInit) for [Anonymous Symbol]
    stm32f4xx_ll_dma.o(.text.LL_DMA_DeInit) refers to stm32f4xx_ll_dma.o(.rodata.cst8) for STREAM_OFFSET_TAB
    stm32f4xx_ll_dma.o(.ARM.exidx.text.LL_DMA_DeInit) refers to stm32f4xx_ll_dma.o(.text.LL_DMA_DeInit) for [Anonymous Symbol]
    stm32f4xx_ll_dma.o(.text.LL_DMA_Init) refers to stm32f4xx_ll_dma.o(.rodata.cst8) for STREAM_OFFSET_TAB
    stm32f4xx_ll_dma.o(.ARM.exidx.text.LL_DMA_Init) refers to stm32f4xx_ll_dma.o(.text.LL_DMA_Init) for [Anonymous Symbol]
    stm32f4xx_ll_dma.o(.text.LL_DMA_StructInit) refers to rt_memclr_w.o(.text) for __aeabi_memclr4
    stm32f4xx_ll_dma.o(.ARM.exidx.text.LL_DMA_StructInit) refers to stm32f4xx_ll_dma.o(.text.LL_DMA_StructInit) for [Anonymous Symbol]
    stm32f4xx_ll_i2c.o(.ARM.exidx.text.LL_I2C_DeInit) refers to stm32f4xx_ll_i2c.o(.text.LL_I2C_DeInit) for [Anonymous Symbol]
    stm32f4xx_ll_i2c.o(.text.LL_I2C_Init) refers to stm32f4xx_ll_rcc.o(.text.LL_RCC_GetSystemClocksFreq) for LL_RCC_GetSystemClocksFreq
    stm32f4xx_ll_i2c.o(.ARM.exidx.text.LL_I2C_Init) refers to stm32f4xx_ll_i2c.o(.text.LL_I2C_Init) for [Anonymous Symbol]
    stm32f4xx_ll_i2c.o(.ARM.exidx.text.LL_I2C_StructInit) refers to stm32f4xx_ll_i2c.o(.text.LL_I2C_StructInit) for [Anonymous Symbol]
    stm32f4xx_ll_rcc.o(.ARM.exidx.text.LL_RCC_DeInit) refers to stm32f4xx_ll_rcc.o(.text.LL_RCC_DeInit) for [Anonymous Symbol]
    stm32f4xx_ll_rcc.o(.text.LL_RCC_GetSystemClocksFreq) refers to system_stm32f4xx.o(.rodata.AHBPrescTable) for AHBPrescTable
    stm32f4xx_ll_rcc.o(.text.LL_RCC_GetSystemClocksFreq) refers to system_stm32f4xx.o(.rodata.APBPrescTable) for APBPrescTable
    stm32f4xx_ll_rcc.o(.ARM.exidx.text.LL_RCC_GetSystemClocksFreq) refers to stm32f4xx_ll_rcc.o(.text.LL_RCC_GetSystemClocksFreq) for [Anonymous Symbol]
    stm32f4xx_ll_rcc.o(.ARM.exidx.text.RCC_GetSystemClockFreq) refers to stm32f4xx_ll_rcc.o(.text.RCC_GetSystemClockFreq) for [Anonymous Symbol]
    stm32f4xx_ll_rcc.o(.text.RCC_GetHCLKClockFreq) refers to system_stm32f4xx.o(.rodata.AHBPrescTable) for AHBPrescTable
    stm32f4xx_ll_rcc.o(.ARM.exidx.text.RCC_GetHCLKClockFreq) refers to stm32f4xx_ll_rcc.o(.text.RCC_GetHCLKClockFreq) for [Anonymous Symbol]
    stm32f4xx_ll_rcc.o(.text.RCC_GetPCLK1ClockFreq) refers to system_stm32f4xx.o(.rodata.APBPrescTable) for APBPrescTable
    stm32f4xx_ll_rcc.o(.ARM.exidx.text.RCC_GetPCLK1ClockFreq) refers to stm32f4xx_ll_rcc.o(.text.RCC_GetPCLK1ClockFreq) for [Anonymous Symbol]
    stm32f4xx_ll_rcc.o(.text.RCC_GetPCLK2ClockFreq) refers to system_stm32f4xx.o(.rodata.APBPrescTable) for APBPrescTable
    stm32f4xx_ll_rcc.o(.ARM.exidx.text.RCC_GetPCLK2ClockFreq) refers to stm32f4xx_ll_rcc.o(.text.RCC_GetPCLK2ClockFreq) for [Anonymous Symbol]
    stm32f4xx_ll_rcc.o(.ARM.exidx.text.LL_RCC_GetI2SClockFreq) refers to stm32f4xx_ll_rcc.o(.text.LL_RCC_GetI2SClockFreq) for [Anonymous Symbol]
    stm32f4xx_ll_rcc.o(.ARM.exidx.text.RCC_PLLI2S_GetFreqDomain_I2S) refers to stm32f4xx_ll_rcc.o(.text.RCC_PLLI2S_GetFreqDomain_I2S) for [Anonymous Symbol]
    stm32f4xx_ll_rcc.o(.ARM.exidx.text.LL_RCC_GetSDIOClockFreq) refers to stm32f4xx_ll_rcc.o(.text.LL_RCC_GetSDIOClockFreq) for [Anonymous Symbol]
    stm32f4xx_ll_rcc.o(.ARM.exidx.text.RCC_PLL_GetFreqDomain_48M) refers to stm32f4xx_ll_rcc.o(.text.RCC_PLL_GetFreqDomain_48M) for [Anonymous Symbol]
    stm32f4xx_ll_rcc.o(.ARM.exidx.text.LL_RCC_GetRNGClockFreq) refers to stm32f4xx_ll_rcc.o(.text.LL_RCC_GetRNGClockFreq) for [Anonymous Symbol]
    stm32f4xx_ll_rcc.o(.ARM.exidx.text.LL_RCC_GetUSBClockFreq) refers to stm32f4xx_ll_rcc.o(.text.LL_RCC_GetUSBClockFreq) for [Anonymous Symbol]
    stm32f4xx_ll_rcc.o(.ARM.exidx.text.RCC_PLL_GetFreqDomain_SYS) refers to stm32f4xx_ll_rcc.o(.text.RCC_PLL_GetFreqDomain_SYS) for [Anonymous Symbol]
    stm32f4xx_ll_utils.o(.ARM.exidx.text.LL_Init1msTick) refers to stm32f4xx_ll_utils.o(.text.LL_Init1msTick) for [Anonymous Symbol]
    stm32f4xx_ll_utils.o(.ARM.exidx.text.LL_mDelay) refers to stm32f4xx_ll_utils.o(.text.LL_mDelay) for [Anonymous Symbol]
    stm32f4xx_ll_utils.o(.text.LL_SetSystemCoreClock) refers to system_stm32f4xx.o(.data.SystemCoreClock) for SystemCoreClock
    stm32f4xx_ll_utils.o(.ARM.exidx.text.LL_SetSystemCoreClock) refers to stm32f4xx_ll_utils.o(.text.LL_SetSystemCoreClock) for [Anonymous Symbol]
    stm32f4xx_ll_utils.o(.ARM.exidx.text.LL_SetFlashLatency) refers to stm32f4xx_ll_utils.o(.text.LL_SetFlashLatency) for [Anonymous Symbol]
    stm32f4xx_ll_utils.o(.text.LL_PLL_ConfigSystemClock_HSI) refers to stm32f4xx_ll_utils.o(.text.UTILS_EnablePLLAndSwitchSystem) for UTILS_EnablePLLAndSwitchSystem
    stm32f4xx_ll_utils.o(.ARM.exidx.text.LL_PLL_ConfigSystemClock_HSI) refers to stm32f4xx_ll_utils.o(.text.LL_PLL_ConfigSystemClock_HSI) for [Anonymous Symbol]
    stm32f4xx_ll_utils.o(.text.UTILS_EnablePLLAndSwitchSystem) refers to system_stm32f4xx.o(.rodata.AHBPrescTable) for AHBPrescTable
    stm32f4xx_ll_utils.o(.text.UTILS_EnablePLLAndSwitchSystem) refers to system_stm32f4xx.o(.data.SystemCoreClock) for SystemCoreClock
    stm32f4xx_ll_utils.o(.ARM.exidx.text.UTILS_EnablePLLAndSwitchSystem) refers to stm32f4xx_ll_utils.o(.text.UTILS_EnablePLLAndSwitchSystem) for [Anonymous Symbol]
    stm32f4xx_ll_utils.o(.text.LL_PLL_ConfigSystemClock_HSE) refers to stm32f4xx_ll_utils.o(.text.UTILS_EnablePLLAndSwitchSystem) for UTILS_EnablePLLAndSwitchSystem
    stm32f4xx_ll_utils.o(.ARM.exidx.text.LL_PLL_ConfigSystemClock_HSE) refers to stm32f4xx_ll_utils.o(.text.LL_PLL_ConfigSystemClock_HSE) for [Anonymous Symbol]
    stm32f4xx_ll_exti.o(.ARM.exidx.text.LL_EXTI_DeInit) refers to stm32f4xx_ll_exti.o(.text.LL_EXTI_DeInit) for [Anonymous Symbol]
    stm32f4xx_ll_exti.o(.ARM.exidx.text.LL_EXTI_Init) refers to stm32f4xx_ll_exti.o(.text.LL_EXTI_Init) for [Anonymous Symbol]
    stm32f4xx_ll_exti.o(.ARM.exidx.text.LL_EXTI_StructInit) refers to stm32f4xx_ll_exti.o(.text.LL_EXTI_StructInit) for [Anonymous Symbol]
    system_stm32f4xx.o(.ARM.exidx.text.SystemInit) refers to system_stm32f4xx.o(.text.SystemInit) for [Anonymous Symbol]
    system_stm32f4xx.o(.text.SystemCoreClockUpdate) refers to system_stm32f4xx.o(.data.SystemCoreClock) for SystemCoreClock
    system_stm32f4xx.o(.text.SystemCoreClockUpdate) refers to system_stm32f4xx.o(.rodata.AHBPrescTable) for AHBPrescTable
    system_stm32f4xx.o(.ARM.exidx.text.SystemCoreClockUpdate) refers to system_stm32f4xx.o(.text.SystemCoreClockUpdate) for [Anonymous Symbol]
    __main.o(!!!main) refers to __rtentry.o(.ARM.Collect$$rtentry$$00000000) for __rt_entry
    __rtentry.o(.ARM.Collect$$rtentry$$00000000) refers (Special) to __rtentry2.o(.ARM.Collect$$rtentry$$0000000A) for __rt_entry_li
    __rtentry.o(.ARM.Collect$$rtentry$$00000000) refers (Special) to __rtentry2.o(.ARM.Collect$$rtentry$$0000000D) for __rt_entry_main
    __rtentry.o(.ARM.Collect$$rtentry$$00000000) refers (Special) to __rtentry2.o(.ARM.Collect$$rtentry$$0000000C) for __rt_entry_postli_1
    __rtentry.o(.ARM.Collect$$rtentry$$00000000) refers (Special) to __rtentry2.o(.ARM.Collect$$rtentry$$00000009) for __rt_entry_postsh_1
    __rtentry.o(.ARM.Collect$$rtentry$$00000000) refers (Special) to __rtentry2.o(.ARM.Collect$$rtentry$$00000002) for __rt_entry_presh_1
    __rtentry.o(.ARM.Collect$$rtentry$$00000000) refers (Special) to __rtentry4.o(.ARM.Collect$$rtentry$$00000004) for __rt_entry_sh
    __rtentry2.o(.ARM.Collect$$rtentry$$00000008) refers to boardinit2.o(.text) for _platform_post_stackheap_init
    __rtentry2.o(.ARM.Collect$$rtentry$$0000000A) refers to libinit.o(.ARM.Collect$$libinit$$00000000) for __rt_lib_init
    __rtentry2.o(.ARM.Collect$$rtentry$$0000000B) refers to boardinit3.o(.text) for _platform_post_lib_init
    __rtentry2.o(.ARM.Collect$$rtentry$$0000000D) refers to main.o(.text.main) for main
    __rtentry2.o(.ARM.Collect$$rtentry$$0000000D) refers to exit.o(.text) for exit
    __rtentry2.o(.ARM.exidx) refers to __rtentry2.o(.ARM.Collect$$rtentry$$00000001) for .ARM.Collect$$rtentry$$00000001
    __rtentry2.o(.ARM.exidx) refers to __rtentry2.o(.ARM.Collect$$rtentry$$00000008) for .ARM.Collect$$rtentry$$00000008
    __rtentry2.o(.ARM.exidx) refers to __rtentry2.o(.ARM.Collect$$rtentry$$0000000A) for .ARM.Collect$$rtentry$$0000000A
    __rtentry2.o(.ARM.exidx) refers to __rtentry2.o(.ARM.Collect$$rtentry$$0000000B) for .ARM.Collect$$rtentry$$0000000B
    __rtentry2.o(.ARM.exidx) refers to __rtentry2.o(.ARM.Collect$$rtentry$$0000000D) for .ARM.Collect$$rtentry$$0000000D
    __rtentry4.o(.ARM.Collect$$rtentry$$00000004) refers to sys_stackheap_outer.o(.text) for __user_setup_stackheap
    __rtentry4.o(.ARM.exidx) refers to __rtentry4.o(.ARM.Collect$$rtentry$$00000004) for .ARM.Collect$$rtentry$$00000004
    sys_stackheap_outer.o(.text) refers to libspace.o(.text) for __user_perproc_libspace
    sys_stackheap_outer.o(.text) refers to startup_stm32f407xx.o(.text) for __user_initial_stackheap
    exit.o(.text) refers to rtexit.o(.ARM.Collect$$rtexit$$00000000) for __rt_exit
    libinit.o(.ARM.Collect$$libinit$$00000000) refers (Special) to libinit2.o(.ARM.Collect$$libinit$$00000030) for __rt_lib_init_alloca_1
    libinit.o(.ARM.Collect$$libinit$$00000000) refers (Special) to libinit2.o(.ARM.Collect$$libinit$$0000002E) for __rt_lib_init_argv_1
    libinit.o(.ARM.Collect$$libinit$$00000000) refers (Special) to libinit2.o(.ARM.Collect$$libinit$$0000001D) for __rt_lib_init_atexit_1
    libinit.o(.ARM.Collect$$libinit$$00000000) refers (Special) to libinit2.o(.ARM.Collect$$libinit$$00000023) for __rt_lib_init_clock_1
    libinit.o(.ARM.Collect$$libinit$$00000000) refers (Special) to libinit2.o(.ARM.Collect$$libinit$$00000034) for __rt_lib_init_cpp_1
    libinit.o(.ARM.Collect$$libinit$$00000000) refers (Special) to libinit2.o(.ARM.Collect$$libinit$$00000032) for __rt_lib_init_exceptions_1
    libinit.o(.ARM.Collect$$libinit$$00000000) refers (Special) to libinit2.o(.ARM.Collect$$libinit$$00000001) for __rt_lib_init_fp_1
    libinit.o(.ARM.Collect$$libinit$$00000000) refers (Special) to libinit2.o(.ARM.Collect$$libinit$$00000021) for __rt_lib_init_fp_trap_1
    libinit.o(.ARM.Collect$$libinit$$00000000) refers (Special) to libinit2.o(.ARM.Collect$$libinit$$00000025) for __rt_lib_init_getenv_1
    libinit.o(.ARM.Collect$$libinit$$00000000) refers (Special) to libinit2.o(.ARM.Collect$$libinit$$0000000C) for __rt_lib_init_heap_1
    libinit.o(.ARM.Collect$$libinit$$00000000) refers (Special) to libinit2.o(.ARM.Collect$$libinit$$00000013) for __rt_lib_init_lc_collate_1
    libinit.o(.ARM.Collect$$libinit$$00000000) refers (Special) to libinit2.o(.ARM.Collect$$libinit$$00000015) for __rt_lib_init_lc_ctype_1
    libinit.o(.ARM.Collect$$libinit$$00000000) refers (Special) to libinit2.o(.ARM.Collect$$libinit$$00000017) for __rt_lib_init_lc_monetary_1
    libinit.o(.ARM.Collect$$libinit$$00000000) refers (Special) to libinit2.o(.ARM.Collect$$libinit$$00000019) for __rt_lib_init_lc_numeric_1
    libinit.o(.ARM.Collect$$libinit$$00000000) refers (Special) to libinit2.o(.ARM.Collect$$libinit$$0000001B) for __rt_lib_init_lc_time_1
    libinit.o(.ARM.Collect$$libinit$$00000000) refers (Special) to libinit2.o(.ARM.Collect$$libinit$$00000006) for __rt_lib_init_preinit_1
    libinit.o(.ARM.Collect$$libinit$$00000000) refers (Special) to libinit2.o(.ARM.Collect$$libinit$$00000010) for __rt_lib_init_rand_1
    libinit.o(.ARM.Collect$$libinit$$00000000) refers (Special) to libinit2.o(.ARM.Collect$$libinit$$00000004) for __rt_lib_init_relocate_pie_1
    libinit.o(.ARM.Collect$$libinit$$00000000) refers (Special) to libinit2.o(.ARM.Collect$$libinit$$00000035) for __rt_lib_init_return
    libinit.o(.ARM.Collect$$libinit$$00000000) refers (Special) to libinit2.o(.ARM.Collect$$libinit$$0000001F) for __rt_lib_init_signal_1
    libinit.o(.ARM.Collect$$libinit$$00000000) refers (Special) to libinit2.o(.ARM.Collect$$libinit$$00000027) for __rt_lib_init_stdio_1
    libinit.o(.ARM.Collect$$libinit$$00000000) refers (Special) to libinit2.o(.ARM.Collect$$libinit$$0000000E) for __rt_lib_init_user_alloc_1
    libspace.o(.text) refers to libspace.o(.bss) for __libspace_start
    rtexit.o(.ARM.Collect$$rtexit$$00000000) refers (Special) to rtexit2.o(.ARM.Collect$$rtexit$$00000004) for __rt_exit_exit
    rtexit.o(.ARM.Collect$$rtexit$$00000000) refers (Special) to rtexit2.o(.ARM.Collect$$rtexit$$00000003) for __rt_exit_ls
    rtexit.o(.ARM.Collect$$rtexit$$00000000) refers (Special) to rtexit2.o(.ARM.Collect$$rtexit$$00000002) for __rt_exit_prels_1
    rtexit.o(.ARM.exidx) refers (Special) to rtexit2.o(.ARM.Collect$$rtexit$$00000004) for __rt_exit_exit
    rtexit.o(.ARM.exidx) refers (Special) to rtexit2.o(.ARM.Collect$$rtexit$$00000003) for __rt_exit_ls
    rtexit.o(.ARM.exidx) refers (Special) to rtexit2.o(.ARM.Collect$$rtexit$$00000002) for __rt_exit_prels_1
    rtexit.o(.ARM.exidx) refers to rtexit.o(.ARM.Collect$$rtexit$$00000000) for .ARM.Collect$$rtexit$$00000000
    libinit2.o(.ARM.Collect$$libinit$$00000001) refers to fpinit.o(x$fpl$fpinit) for _fp_init
    libinit2.o(.ARM.Collect$$libinit$$00000012) refers to libinit2.o(.ARM.Collect$$libinit$$00000011) for .ARM.Collect$$libinit$$00000011
    libinit2.o(.ARM.Collect$$libinit$$00000014) refers to libinit2.o(.ARM.Collect$$libinit$$00000011) for .ARM.Collect$$libinit$$00000011
    libinit2.o(.ARM.Collect$$libinit$$00000016) refers to libinit2.o(.ARM.Collect$$libinit$$00000011) for .ARM.Collect$$libinit$$00000011
    libinit2.o(.ARM.Collect$$libinit$$00000018) refers to libinit2.o(.ARM.Collect$$libinit$$00000011) for .ARM.Collect$$libinit$$00000011
    libinit2.o(.ARM.Collect$$libinit$$0000001A) refers to libinit2.o(.ARM.Collect$$libinit$$00000011) for .ARM.Collect$$libinit$$00000011
    libinit2.o(.ARM.Collect$$libinit$$00000028) refers to argv_veneer.o(.emb_text) for __ARM_argv_veneer
    libinit2.o(.ARM.Collect$$libinit$$00000029) refers to argv_veneer.o(.emb_text) for __ARM_argv_veneer
    rtexit2.o(.ARM.Collect$$rtexit$$00000003) refers to libshutdown.o(.ARM.Collect$$libshutdown$$00000000) for __rt_lib_shutdown
    rtexit2.o(.ARM.Collect$$rtexit$$00000004) refers to sys_exit.o(.text) for _sys_exit
    rtexit2.o(.ARM.exidx) refers to rtexit2.o(.ARM.Collect$$rtexit$$00000001) for .ARM.Collect$$rtexit$$00000001
    rtexit2.o(.ARM.exidx) refers to rtexit2.o(.ARM.Collect$$rtexit$$00000003) for .ARM.Collect$$rtexit$$00000003
    rtexit2.o(.ARM.exidx) refers to rtexit2.o(.ARM.Collect$$rtexit$$00000004) for .ARM.Collect$$rtexit$$00000004
    argv_veneer.o(.emb_text) refers to no_argv.o(.text) for __ARM_get_argv
    sys_exit.o(.text) refers (Special) to use_no_semi.o(.text) for __I$use$semihosting
    sys_exit.o(.text) refers (Special) to indicate_semi.o(.text) for __semihosting_library_function
    sys_exit_hlt.o(.text) refers (Special) to use_no_semi.o(.text) for __I$use$semihosting
    sys_exit_hlt.o(.text) refers (Special) to indicate_semi.o(.text) for __semihosting_library_function
    _get_argv_nomalloc.o(.text) refers (Special) to hrguard.o(.text) for __heap_region$guard
    _get_argv_nomalloc.o(.text) refers to defsig_rtmem_outer.o(.text) for __rt_SIGRTMEM
    _get_argv_nomalloc.o(.text) refers to sys_command.o(.text) for _sys_command_string
    libshutdown.o(.ARM.Collect$$libshutdown$$00000000) refers (Special) to libshutdown2.o(.ARM.Collect$$libshutdown$$00000002) for __rt_lib_shutdown_cpp_1
    libshutdown.o(.ARM.Collect$$libshutdown$$00000000) refers (Special) to libshutdown2.o(.ARM.Collect$$libshutdown$$00000007) for __rt_lib_shutdown_fp_trap_1
    libshutdown.o(.ARM.Collect$$libshutdown$$00000000) refers (Special) to libshutdown2.o(.ARM.Collect$$libshutdown$$0000000F) for __rt_lib_shutdown_heap_1
    libshutdown.o(.ARM.Collect$$libshutdown$$00000000) refers (Special) to libshutdown2.o(.ARM.Collect$$libshutdown$$00000010) for __rt_lib_shutdown_return
    libshutdown.o(.ARM.Collect$$libshutdown$$00000000) refers (Special) to libshutdown2.o(.ARM.Collect$$libshutdown$$0000000A) for __rt_lib_shutdown_signal_1
    libshutdown.o(.ARM.Collect$$libshutdown$$00000000) refers (Special) to libshutdown2.o(.ARM.Collect$$libshutdown$$00000004) for __rt_lib_shutdown_stdio_1
    libshutdown.o(.ARM.Collect$$libshutdown$$00000000) refers (Special) to libshutdown2.o(.ARM.Collect$$libshutdown$$0000000C) for __rt_lib_shutdown_user_alloc_1
    sys_command.o(.text) refers (Special) to use_no_semi.o(.text) for __I$use$semihosting
    sys_command.o(.text) refers (Special) to indicate_semi.o(.text) for __semihosting_library_function
    sys_command_hlt.o(.text) refers (Special) to use_no_semi.o(.text) for __I$use$semihosting
    sys_command_hlt.o(.text) refers (Special) to indicate_semi.o(.text) for __semihosting_library_function
    defsig_rtmem_outer.o(.text) refers to defsig_rtmem_inner.o(.text) for __rt_SIGRTMEM_inner
    defsig_rtmem_outer.o(.text) refers to defsig_exit.o(.text) for __sig_exit
    defsig_rtmem_formal.o(.text) refers to rt_raise.o(.text) for __rt_raise
    rt_raise.o(.text) refers to __raise.o(.text) for __raise
    rt_raise.o(.text) refers to sys_exit.o(.text) for _sys_exit
    defsig_exit.o(.text) refers to sys_exit.o(.text) for _sys_exit
    defsig_rtmem_inner.o(.text) refers to defsig_general.o(.text) for __default_signal_display
    __raise.o(.text) refers to defsig.o(CL$$defsig) for __default_signal_handler
    defsig_general.o(.text) refers to sys_wrch.o(.text) for _ttywrch
    sys_wrch.o(.text) refers (Special) to use_no_semi.o(.text) for __I$use$semihosting
    sys_wrch.o(.text) refers (Special) to indicate_semi.o(.text) for __semihosting_library_function
    sys_wrch_hlt.o(.text) refers (Special) to use_no_semi.o(.text) for __I$use$semihosting
    sys_wrch_hlt.o(.text) refers (Special) to indicate_semi.o(.text) for __semihosting_library_function
    defsig.o(CL$$defsig) refers to defsig_rtmem_inner.o(.text) for __rt_SIGRTMEM_inner
    defsig_abrt_inner.o(.text) refers to defsig_general.o(.text) for __default_signal_display
    defsig_fpe_inner.o(.text) refers to defsig_general.o(.text) for __default_signal_display
    defsig_rtred_inner.o(.text) refers to defsig_general.o(.text) for __default_signal_display
    defsig_stak_inner.o(.text) refers to defsig_general.o(.text) for __default_signal_display
    defsig_pvfn_inner.o(.text) refers to defsig_general.o(.text) for __default_signal_display
    defsig_cppl_inner.o(.text) refers to defsig_general.o(.text) for __default_signal_display
    defsig_segv_inner.o(.text) refers to defsig_general.o(.text) for __default_signal_display
    defsig_other.o(.text) refers to defsig_general.o(.text) for __default_signal_display


==============================================================================

Removing Unused input sections from the image.

    Removing main.o(.text), (0 bytes).
    Removing main.o(.ARM.exidx.text.main), (8 bytes).
    Removing main.o(.ARM.exidx.text.SystemClock_Config), (8 bytes).
    Removing main.o(.text.Error_Handler), (10 bytes).
    Removing main.o(.ARM.exidx.text.Error_Handler), (8 bytes).
    Removing main.o(.data.send), (10 bytes).
    Removing main.o(.bss.recv), (10 bytes).
    Removing main.o(.ARM.use_no_argv), (4 bytes).
    Removing gpio.o(.text), (0 bytes).
    Removing gpio.o(.ARM.exidx.text.MX_GPIO_Init), (8 bytes).
    Removing dma.o(.text), (0 bytes).
    Removing dma.o(.text.MX_DMA_Init), (80 bytes).
    Removing dma.o(.ARM.exidx.text.MX_DMA_Init), (8 bytes).
    Removing i2c.o(.text), (0 bytes).
    Removing i2c.o(.text.MX_I2C1_Init), (356 bytes).
    Removing i2c.o(.ARM.exidx.text.MX_I2C1_Init), (8 bytes).
    Removing stm32f4xx_it.o(.text), (0 bytes).
    Removing stm32f4xx_it.o(.ARM.exidx.text.NMI_Handler), (8 bytes).
    Removing stm32f4xx_it.o(.ARM.exidx.text.HardFault_Handler), (8 bytes).
    Removing stm32f4xx_it.o(.ARM.exidx.text.MemManage_Handler), (8 bytes).
    Removing stm32f4xx_it.o(.ARM.exidx.text.BusFault_Handler), (8 bytes).
    Removing stm32f4xx_it.o(.ARM.exidx.text.UsageFault_Handler), (8 bytes).
    Removing stm32f4xx_it.o(.ARM.exidx.text.SVC_Handler), (8 bytes).
    Removing stm32f4xx_it.o(.ARM.exidx.text.DebugMon_Handler), (8 bytes).
    Removing stm32f4xx_it.o(.ARM.exidx.text.PendSV_Handler), (8 bytes).
    Removing stm32f4xx_it.o(.ARM.exidx.text.SysTick_Handler), (8 bytes).
    Removing stm32f4xx_it.o(.ARM.exidx.text.DMA1_Stream5_IRQHandler), (8 bytes).
    Removing stm32f4xx_it.o(.ARM.exidx.text.DMA1_Stream6_IRQHandler), (8 bytes).
    Removing stm32f4xx_it.o(.ARM.exidx.text.I2C1_EV_IRQHandler), (8 bytes).
    Removing stm32f4xx_it.o(.ARM.exidx.text.I2C1_ER_IRQHandler), (8 bytes).
    Removing bsp_i2c_dma.o(.text), (0 bytes).
    Removing bsp_i2c_dma.o(.ARM.exidx.text.bsp_i2c_init), (8 bytes).
    Removing bsp_i2c_dma.o(.text.i2c_gpio_init), (66 bytes).
    Removing bsp_i2c_dma.o(.ARM.exidx.text.i2c_gpio_init), (8 bytes).
    Removing bsp_i2c_dma.o(.text.i2c_dmarx_config), (106 bytes).
    Removing bsp_i2c_dma.o(.ARM.exidx.text.i2c_dmarx_config), (8 bytes).
    Removing bsp_i2c_dma.o(.text.i2c_dmatx_config), (106 bytes).
    Removing bsp_i2c_dma.o(.ARM.exidx.text.i2c_dmatx_config), (8 bytes).
    Removing bsp_i2c_dma.o(.text.i2c_nvic_init), (74 bytes).
    Removing bsp_i2c_dma.o(.ARM.exidx.text.i2c_nvic_init), (8 bytes).
    Removing bsp_i2c_dma.o(.text.i2c_periph_init), (100 bytes).
    Removing bsp_i2c_dma.o(.ARM.exidx.text.i2c_periph_init), (8 bytes).
    Removing bsp_i2c_dma.o(.ARM.exidx.text.i2c_bus_reset), (8 bytes).
    Removing bsp_i2c_dma.o(.text.i2c_bus_check), (84 bytes).
    Removing bsp_i2c_dma.o(.ARM.exidx.text.i2c_bus_check), (8 bytes).
    Removing dev_i2c_dma.o(.text), (0 bytes).
    Removing dev_i2c_dma.o(.text.i2c_write_dma), (106 bytes).
    Removing dev_i2c_dma.o(.ARM.exidx.text.i2c_write_dma), (8 bytes).
    Removing dev_i2c_dma.o(.text.i2c_mem_write_dma), (264 bytes).
    Removing dev_i2c_dma.o(.ARM.exidx.text.i2c_mem_write_dma), (8 bytes).
    Removing dev_i2c_dma.o(.text.i2c_read_dma), (108 bytes).
    Removing dev_i2c_dma.o(.ARM.exidx.text.i2c_read_dma), (8 bytes).
    Removing dev_i2c_dma.o(.text.i2c_mem_read_dma), (264 bytes).
    Removing dev_i2c_dma.o(.ARM.exidx.text.i2c_mem_read_dma), (8 bytes).
    Removing dev_i2c_dma.o(.ARM.exidx.text.i2c1_evt_isr), (8 bytes).
    Removing dev_i2c_dma.o(.text.i2c_dmatx_enable), (146 bytes).
    Removing dev_i2c_dma.o(.ARM.exidx.text.i2c_dmatx_enable), (8 bytes).
    Removing dev_i2c_dma.o(.text.i2c_dmarx_enable), (144 bytes).
    Removing dev_i2c_dma.o(.ARM.exidx.text.i2c_dmarx_enable), (8 bytes).
    Removing dev_i2c_dma.o(.ARM.exidx.text.i2c1_err_isr), (8 bytes).
    Removing dev_i2c_dma.o(.ARM.exidx.text.i2c1_dmatx_tc_isr), (8 bytes).
    Removing dev_i2c_dma.o(.ARM.exidx.text.i2c1_dmarx_tc_isr), (8 bytes).
    Removing dwt_delay.o(.text), (0 bytes).
    Removing dwt_delay.o(.text.dwt_init), (46 bytes).
    Removing dwt_delay.o(.ARM.exidx.text.dwt_init), (8 bytes).
    Removing dwt_delay.o(.ARM.exidx.text.dwt_delay_us), (8 bytes).
    Removing dwt_delay.o(.text.dwt_delay_ms), (80 bytes).
    Removing dwt_delay.o(.ARM.exidx.text.dwt_delay_ms), (8 bytes).
    Removing stm32f4xx_ll_gpio.o(.text), (0 bytes).
    Removing stm32f4xx_ll_gpio.o(.text.LL_GPIO_DeInit), (132 bytes).
    Removing stm32f4xx_ll_gpio.o(.ARM.exidx.text.LL_GPIO_DeInit), (8 bytes).
    Removing stm32f4xx_ll_gpio.o(.ARM.exidx.text.LL_GPIO_Init), (8 bytes).
    Removing stm32f4xx_ll_gpio.o(.text.LL_GPIO_StructInit), (20 bytes).
    Removing stm32f4xx_ll_gpio.o(.ARM.exidx.text.LL_GPIO_StructInit), (8 bytes).
    Removing stm32f4xx_ll_dma.o(.text), (0 bytes).
    Removing stm32f4xx_ll_dma.o(.ARM.exidx.text.LL_DMA_DeInit), (8 bytes).
    Removing stm32f4xx_ll_dma.o(.text.LL_DMA_Init), (140 bytes).
    Removing stm32f4xx_ll_dma.o(.ARM.exidx.text.LL_DMA_Init), (8 bytes).
    Removing stm32f4xx_ll_dma.o(.text.LL_DMA_StructInit), (10 bytes).
    Removing stm32f4xx_ll_dma.o(.ARM.exidx.text.LL_DMA_StructInit), (8 bytes).
    Removing stm32f4xx_ll_i2c.o(.text), (0 bytes).
    Removing stm32f4xx_ll_i2c.o(.ARM.exidx.text.LL_I2C_DeInit), (8 bytes).
    Removing stm32f4xx_ll_i2c.o(.ARM.exidx.text.LL_I2C_Init), (8 bytes).
    Removing stm32f4xx_ll_i2c.o(.text.LL_I2C_StructInit), (24 bytes).
    Removing stm32f4xx_ll_i2c.o(.ARM.exidx.text.LL_I2C_StructInit), (8 bytes).
    Removing stm32f4xx_ll_rcc.o(.text), (0 bytes).
    Removing stm32f4xx_ll_rcc.o(.text.LL_RCC_DeInit), (190 bytes).
    Removing stm32f4xx_ll_rcc.o(.ARM.exidx.text.LL_RCC_DeInit), (8 bytes).
    Removing stm32f4xx_ll_rcc.o(.ARM.exidx.text.LL_RCC_GetSystemClocksFreq), (8 bytes).
    Removing stm32f4xx_ll_rcc.o(.text.RCC_GetSystemClockFreq), (96 bytes).
    Removing stm32f4xx_ll_rcc.o(.ARM.exidx.text.RCC_GetSystemClockFreq), (8 bytes).
    Removing stm32f4xx_ll_rcc.o(.text.RCC_GetHCLKClockFreq), (28 bytes).
    Removing stm32f4xx_ll_rcc.o(.ARM.exidx.text.RCC_GetHCLKClockFreq), (8 bytes).
    Removing stm32f4xx_ll_rcc.o(.text.RCC_GetPCLK1ClockFreq), (28 bytes).
    Removing stm32f4xx_ll_rcc.o(.ARM.exidx.text.RCC_GetPCLK1ClockFreq), (8 bytes).
    Removing stm32f4xx_ll_rcc.o(.text.RCC_GetPCLK2ClockFreq), (28 bytes).
    Removing stm32f4xx_ll_rcc.o(.ARM.exidx.text.RCC_GetPCLK2ClockFreq), (8 bytes).
    Removing stm32f4xx_ll_rcc.o(.text.LL_RCC_GetI2SClockFreq), (102 bytes).
    Removing stm32f4xx_ll_rcc.o(.ARM.exidx.text.LL_RCC_GetI2SClockFreq), (8 bytes).
    Removing stm32f4xx_ll_rcc.o(.text.RCC_PLLI2S_GetFreqDomain_I2S), (64 bytes).
    Removing stm32f4xx_ll_rcc.o(.ARM.exidx.text.RCC_PLLI2S_GetFreqDomain_I2S), (8 bytes).
    Removing stm32f4xx_ll_rcc.o(.text.LL_RCC_GetSDIOClockFreq), (80 bytes).
    Removing stm32f4xx_ll_rcc.o(.ARM.exidx.text.LL_RCC_GetSDIOClockFreq), (8 bytes).
    Removing stm32f4xx_ll_rcc.o(.text.RCC_PLL_GetFreqDomain_48M), (60 bytes).
    Removing stm32f4xx_ll_rcc.o(.ARM.exidx.text.RCC_PLL_GetFreqDomain_48M), (8 bytes).
    Removing stm32f4xx_ll_rcc.o(.text.LL_RCC_GetRNGClockFreq), (72 bytes).
    Removing stm32f4xx_ll_rcc.o(.ARM.exidx.text.LL_RCC_GetRNGClockFreq), (8 bytes).
    Removing stm32f4xx_ll_rcc.o(.text.LL_RCC_GetUSBClockFreq), (72 bytes).
    Removing stm32f4xx_ll_rcc.o(.ARM.exidx.text.LL_RCC_GetUSBClockFreq), (8 bytes).
    Removing stm32f4xx_ll_rcc.o(.text.RCC_PLL_GetFreqDomain_SYS), (74 bytes).
    Removing stm32f4xx_ll_rcc.o(.ARM.exidx.text.RCC_PLL_GetFreqDomain_SYS), (8 bytes).
    Removing stm32f4xx_ll_utils.o(.text), (0 bytes).
    Removing stm32f4xx_ll_utils.o(.ARM.exidx.text.LL_Init1msTick), (8 bytes).
    Removing stm32f4xx_ll_utils.o(.text.LL_mDelay), (70 bytes).
    Removing stm32f4xx_ll_utils.o(.ARM.exidx.text.LL_mDelay), (8 bytes).
    Removing stm32f4xx_ll_utils.o(.ARM.exidx.text.LL_SetSystemCoreClock), (8 bytes).
    Removing stm32f4xx_ll_utils.o(.text.LL_SetFlashLatency), (260 bytes).
    Removing stm32f4xx_ll_utils.o(.ARM.exidx.text.LL_SetFlashLatency), (8 bytes).
    Removing stm32f4xx_ll_utils.o(.text.LL_PLL_ConfigSystemClock_HSI), (160 bytes).
    Removing stm32f4xx_ll_utils.o(.ARM.exidx.text.LL_PLL_ConfigSystemClock_HSI), (8 bytes).
    Removing stm32f4xx_ll_utils.o(.text.UTILS_EnablePLLAndSwitchSystem), (718 bytes).
    Removing stm32f4xx_ll_utils.o(.ARM.exidx.text.UTILS_EnablePLLAndSwitchSystem), (8 bytes).
    Removing stm32f4xx_ll_utils.o(.text.LL_PLL_ConfigSystemClock_HSE), (194 bytes).
    Removing stm32f4xx_ll_utils.o(.ARM.exidx.text.LL_PLL_ConfigSystemClock_HSE), (8 bytes).
    Removing stm32f4xx_ll_exti.o(.text), (0 bytes).
    Removing stm32f4xx_ll_exti.o(.text.LL_EXTI_DeInit), (30 bytes).
    Removing stm32f4xx_ll_exti.o(.ARM.exidx.text.LL_EXTI_DeInit), (8 bytes).
    Removing stm32f4xx_ll_exti.o(.text.LL_EXTI_Init), (194 bytes).
    Removing stm32f4xx_ll_exti.o(.ARM.exidx.text.LL_EXTI_Init), (8 bytes).
    Removing stm32f4xx_ll_exti.o(.text.LL_EXTI_StructInit), (12 bytes).
    Removing stm32f4xx_ll_exti.o(.ARM.exidx.text.LL_EXTI_StructInit), (8 bytes).
    Removing system_stm32f4xx.o(.text), (0 bytes).
    Removing system_stm32f4xx.o(.ARM.exidx.text.SystemInit), (8 bytes).
    Removing system_stm32f4xx.o(.text.SystemCoreClockUpdate), (124 bytes).
    Removing system_stm32f4xx.o(.ARM.exidx.text.SystemCoreClockUpdate), (8 bytes).

135 unused section(s) (total 5738 bytes) removed from the image.

==============================================================================

Image Symbol Table

    Local Symbols

    Symbol Name                              Value     Ov Type        Size  Object(Section)

    ../clib/angel/boardlib.s                 0x00000000   Number         0  boardinit1.o ABSOLUTE
    ../clib/angel/boardlib.s                 0x00000000   Number         0  boardinit2.o ABSOLUTE
    ../clib/angel/boardlib.s                 0x00000000   Number         0  boardinit3.o ABSOLUTE
    ../clib/angel/boardlib.s                 0x00000000   Number         0  boardshut.o ABSOLUTE
    ../clib/angel/handlers.s                 0x00000000   Number         0  __scatter_copy.o ABSOLUTE
    ../clib/angel/handlers.s                 0x00000000   Number         0  __scatter_zi.o ABSOLUTE
    ../clib/angel/kernel.s                   0x00000000   Number         0  __rtentry.o ABSOLUTE
    ../clib/angel/kernel.s                   0x00000000   Number         0  __rtentry2.o ABSOLUTE
    ../clib/angel/kernel.s                   0x00000000   Number         0  __rtentry4.o ABSOLUTE
    ../clib/angel/kernel.s                   0x00000000   Number         0  rtexit.o ABSOLUTE
    ../clib/angel/kernel.s                   0x00000000   Number         0  rtexit2.o ABSOLUTE
    ../clib/angel/rt.s                       0x00000000   Number         0  rt_raise.o ABSOLUTE
    ../clib/angel/scatter.s                  0x00000000   Number         0  __scatter.o ABSOLUTE
    ../clib/angel/startup.s                  0x00000000   Number         0  __main.o ABSOLUTE
    ../clib/angel/sys.s                      0x00000000   Number         0  sys_stackheap_outer.o ABSOLUTE
    ../clib/angel/sys.s                      0x00000000   Number         0  libspace.o ABSOLUTE
    ../clib/angel/sys.s                      0x00000000   Number         0  use_no_semi.o ABSOLUTE
    ../clib/angel/sys.s                      0x00000000   Number         0  indicate_semi.o ABSOLUTE
    ../clib/angel/sysapp.c                   0x00000000   Number         0  sys_exit.o ABSOLUTE
    ../clib/angel/sysapp.c                   0x00000000   Number         0  sys_exit_hlt.o ABSOLUTE
    ../clib/angel/sysapp.c                   0x00000000   Number         0  sys_command.o ABSOLUTE
    ../clib/angel/sysapp.c                   0x00000000   Number         0  sys_command_hlt.o ABSOLUTE
    ../clib/angel/sysapp.c                   0x00000000   Number         0  sys_wrch.o ABSOLUTE
    ../clib/angel/sysapp.c                   0x00000000   Number         0  sys_wrch_hlt.o ABSOLUTE
    ../clib/armsys.c                         0x00000000   Number         0  argv_veneer.o ABSOLUTE
    ../clib/armsys.c                         0x00000000   Number         0  argv_veneer.o ABSOLUTE
    ../clib/armsys.c                         0x00000000   Number         0  _get_argv_nomalloc.o ABSOLUTE
    ../clib/armsys.c                         0x00000000   Number         0  no_argv.o ABSOLUTE
    ../clib/heapalloc.c                      0x00000000   Number         0  hrguard.o ABSOLUTE
    ../clib/heapaux.c                        0x00000000   Number         0  heapauxi.o ABSOLUTE
    ../clib/libinit.s                        0x00000000   Number         0  libinit.o ABSOLUTE
    ../clib/libinit.s                        0x00000000   Number         0  libinit2.o ABSOLUTE
    ../clib/libinit.s                        0x00000000   Number         0  libshutdown.o ABSOLUTE
    ../clib/libinit.s                        0x00000000   Number         0  libshutdown2.o ABSOLUTE
    ../clib/memcpset.s                       0x00000000   Number         0  rt_memclr_w.o ABSOLUTE
    ../clib/signal.c                         0x00000000   Number         0  defsig_rtmem_outer.o ABSOLUTE
    ../clib/signal.c                         0x00000000   Number         0  defsig_rtmem_formal.o ABSOLUTE
    ../clib/signal.c                         0x00000000   Number         0  defsig_exit.o ABSOLUTE
    ../clib/signal.c                         0x00000000   Number         0  defsig_rtmem_inner.o ABSOLUTE
    ../clib/signal.c                         0x00000000   Number         0  __raise.o ABSOLUTE
    ../clib/signal.c                         0x00000000   Number         0  defsig_general.o ABSOLUTE
    ../clib/signal.c                         0x00000000   Number         0  defsig_abrt_inner.o ABSOLUTE
    ../clib/signal.c                         0x00000000   Number         0  defsig_fpe_inner.o ABSOLUTE
    ../clib/signal.c                         0x00000000   Number         0  defsig_rtred_inner.o ABSOLUTE
    ../clib/signal.c                         0x00000000   Number         0  defsig_stak_inner.o ABSOLUTE
    ../clib/signal.c                         0x00000000   Number         0  defsig_pvfn_inner.o ABSOLUTE
    ../clib/signal.c                         0x00000000   Number         0  defsig_cppl_inner.o ABSOLUTE
    ../clib/signal.c                         0x00000000   Number         0  defsig_segv_inner.o ABSOLUTE
    ../clib/signal.c                         0x00000000   Number         0  defsig_other.o ABSOLUTE
    ../clib/signal.s                         0x00000000   Number         0  defsig.o ABSOLUTE
    ../clib/stdlib.c                         0x00000000   Number         0  exit.o ABSOLUTE
    ../fplib/fpinit.s                        0x00000000   Number         0  fpinit.o ABSOLUTE
    bsp_i2c_dma.c                            0x00000000   Number         0  bsp_i2c_dma.o ABSOLUTE
    dc.s                                     0x00000000   Number         0  dc.o ABSOLUTE
    dev_i2c_dma.c                            0x00000000   Number         0  dev_i2c_dma.o ABSOLUTE
    dma.c                                    0x00000000   Number         0  dma.o ABSOLUTE
    dwt_delay.c                              0x00000000   Number         0  dwt_delay.o ABSOLUTE
    gpio.c                                   0x00000000   Number         0  gpio.o ABSOLUTE
    i2c.c                                    0x00000000   Number         0  i2c.o ABSOLUTE
    main.c                                   0x00000000   Number         0  main.o ABSOLUTE
    startup_stm32f407xx.s                    0x00000000   Number         0  startup_stm32f407xx.o ABSOLUTE
    stm32f4xx_it.c                           0x00000000   Number         0  stm32f4xx_it.o ABSOLUTE
    stm32f4xx_ll_dma.c                       0x00000000   Number         0  stm32f4xx_ll_dma.o ABSOLUTE
    stm32f4xx_ll_exti.c                      0x00000000   Number         0  stm32f4xx_ll_exti.o ABSOLUTE
    stm32f4xx_ll_gpio.c                      0x00000000   Number         0  stm32f4xx_ll_gpio.o ABSOLUTE
    stm32f4xx_ll_i2c.c                       0x00000000   Number         0  stm32f4xx_ll_i2c.o ABSOLUTE
    stm32f4xx_ll_rcc.c                       0x00000000   Number         0  stm32f4xx_ll_rcc.o ABSOLUTE
    stm32f4xx_ll_utils.c                     0x00000000   Number         0  stm32f4xx_ll_utils.o ABSOLUTE
    system_stm32f4xx.c                       0x00000000   Number         0  system_stm32f4xx.o ABSOLUTE
    RESET                                    0x08000000   Section      392  startup_stm32f407xx.o(RESET)
    !!!main                                  0x08000188   Section        8  __main.o(!!!main)
    !!!scatter                               0x08000190   Section       52  __scatter.o(!!!scatter)
    !!handler_copy                           0x080001c4   Section       26  __scatter_copy.o(!!handler_copy)
    !!handler_zi                             0x080001e0   Section       28  __scatter_zi.o(!!handler_zi)
    .ARM.Collect$$libinit$$00000000          0x080001fc   Section        2  libinit.o(.ARM.Collect$$libinit$$00000000)
    .ARM.Collect$$libinit$$00000001          0x080001fe   Section        4  libinit2.o(.ARM.Collect$$libinit$$00000001)
    .ARM.Collect$$libinit$$00000004          0x08000202   Section        0  libinit2.o(.ARM.Collect$$libinit$$00000004)
    .ARM.Collect$$libinit$$00000006          0x08000202   Section        0  libinit2.o(.ARM.Collect$$libinit$$00000006)
    .ARM.Collect$$libinit$$0000000C          0x08000202   Section        0  libinit2.o(.ARM.Collect$$libinit$$0000000C)
    .ARM.Collect$$libinit$$0000000E          0x08000202   Section        0  libinit2.o(.ARM.Collect$$libinit$$0000000E)
    .ARM.Collect$$libinit$$00000010          0x08000202   Section        0  libinit2.o(.ARM.Collect$$libinit$$00000010)
    .ARM.Collect$$libinit$$00000013          0x08000202   Section        0  libinit2.o(.ARM.Collect$$libinit$$00000013)
    .ARM.Collect$$libinit$$00000015          0x08000202   Section        0  libinit2.o(.ARM.Collect$$libinit$$00000015)
    .ARM.Collect$$libinit$$00000017          0x08000202   Section        0  libinit2.o(.ARM.Collect$$libinit$$00000017)
    .ARM.Collect$$libinit$$00000019          0x08000202   Section        0  libinit2.o(.ARM.Collect$$libinit$$00000019)
    .ARM.Collect$$libinit$$0000001B          0x08000202   Section        0  libinit2.o(.ARM.Collect$$libinit$$0000001B)
    .ARM.Collect$$libinit$$0000001D          0x08000202   Section        0  libinit2.o(.ARM.Collect$$libinit$$0000001D)
    .ARM.Collect$$libinit$$0000001F          0x08000202   Section        0  libinit2.o(.ARM.Collect$$libinit$$0000001F)
    .ARM.Collect$$libinit$$00000021          0x08000202   Section        0  libinit2.o(.ARM.Collect$$libinit$$00000021)
    .ARM.Collect$$libinit$$00000023          0x08000202   Section        0  libinit2.o(.ARM.Collect$$libinit$$00000023)
    .ARM.Collect$$libinit$$00000025          0x08000202   Section        0  libinit2.o(.ARM.Collect$$libinit$$00000025)
    .ARM.Collect$$libinit$$00000027          0x08000202   Section        0  libinit2.o(.ARM.Collect$$libinit$$00000027)
    .ARM.Collect$$libinit$$0000002E          0x08000202   Section        0  libinit2.o(.ARM.Collect$$libinit$$0000002E)
    .ARM.Collect$$libinit$$00000030          0x08000202   Section        0  libinit2.o(.ARM.Collect$$libinit$$00000030)
    .ARM.Collect$$libinit$$00000032          0x08000202   Section        0  libinit2.o(.ARM.Collect$$libinit$$00000032)
    .ARM.Collect$$libinit$$00000034          0x08000202   Section        0  libinit2.o(.ARM.Collect$$libinit$$00000034)
    .ARM.Collect$$libinit$$00000035          0x08000202   Section        2  libinit2.o(.ARM.Collect$$libinit$$00000035)
    .ARM.Collect$$libshutdown$$00000000      0x08000204   Section        2  libshutdown.o(.ARM.Collect$$libshutdown$$00000000)
    .ARM.Collect$$libshutdown$$00000002      0x08000206   Section        0  libshutdown2.o(.ARM.Collect$$libshutdown$$00000002)
    .ARM.Collect$$libshutdown$$00000004      0x08000206   Section        0  libshutdown2.o(.ARM.Collect$$libshutdown$$00000004)
    .ARM.Collect$$libshutdown$$00000007      0x08000206   Section        0  libshutdown2.o(.ARM.Collect$$libshutdown$$00000007)
    .ARM.Collect$$libshutdown$$0000000A      0x08000206   Section        0  libshutdown2.o(.ARM.Collect$$libshutdown$$0000000A)
    .ARM.Collect$$libshutdown$$0000000C      0x08000206   Section        0  libshutdown2.o(.ARM.Collect$$libshutdown$$0000000C)
    .ARM.Collect$$libshutdown$$0000000F      0x08000206   Section        0  libshutdown2.o(.ARM.Collect$$libshutdown$$0000000F)
    .ARM.Collect$$libshutdown$$00000010      0x08000206   Section        2  libshutdown2.o(.ARM.Collect$$libshutdown$$00000010)
    .ARM.Collect$$rtentry$$00000000          0x08000208   Section        0  __rtentry.o(.ARM.Collect$$rtentry$$00000000)
    .ARM.Collect$$rtentry$$00000002          0x08000208   Section        0  __rtentry2.o(.ARM.Collect$$rtentry$$00000002)
    .ARM.Collect$$rtentry$$00000004          0x08000208   Section        6  __rtentry4.o(.ARM.Collect$$rtentry$$00000004)
    .ARM.Collect$$rtentry$$00000009          0x0800020e   Section        0  __rtentry2.o(.ARM.Collect$$rtentry$$00000009)
    .ARM.Collect$$rtentry$$0000000A          0x0800020e   Section        4  __rtentry2.o(.ARM.Collect$$rtentry$$0000000A)
    .ARM.Collect$$rtentry$$0000000C          0x08000212   Section        0  __rtentry2.o(.ARM.Collect$$rtentry$$0000000C)
    .ARM.Collect$$rtentry$$0000000D          0x08000212   Section        8  __rtentry2.o(.ARM.Collect$$rtentry$$0000000D)
    .ARM.Collect$$rtexit$$00000000           0x0800021a   Section        2  rtexit.o(.ARM.Collect$$rtexit$$00000000)
    .ARM.Collect$$rtexit$$00000002           0x0800021c   Section        0  rtexit2.o(.ARM.Collect$$rtexit$$00000002)
    .ARM.Collect$$rtexit$$00000003           0x0800021c   Section        4  rtexit2.o(.ARM.Collect$$rtexit$$00000003)
    .ARM.Collect$$rtexit$$00000004           0x08000220   Section        6  rtexit2.o(.ARM.Collect$$rtexit$$00000004)
    $v0                                      0x08000228   Number         0  startup_stm32f407xx.o(.text)
    .text                                    0x08000228   Section       64  startup_stm32f407xx.o(.text)
    .text                                    0x08000268   Section        0  heapauxi.o(.text)
    .text                                    0x0800026e   Section       74  sys_stackheap_outer.o(.text)
    .text                                    0x080002b8   Section        0  exit.o(.text)
    .text                                    0x080002cc   Section        8  libspace.o(.text)
    .text                                    0x080002d4   Section        0  sys_exit.o(.text)
    .text                                    0x080002e0   Section        2  use_no_semi.o(.text)
    .text                                    0x080002e2   Section        0  indicate_semi.o(.text)
    [Anonymous Symbol]                       0x080002e4   Section        0  stm32f4xx_it.o(.text.BusFault_Handler)
    [Anonymous Symbol]                       0x080002e8   Section        0  stm32f4xx_it.o(.text.DMA1_Stream5_IRQHandler)
    [Anonymous Symbol]                       0x080002ec   Section        0  stm32f4xx_it.o(.text.DMA1_Stream6_IRQHandler)
    [Anonymous Symbol]                       0x080002f0   Section        0  stm32f4xx_it.o(.text.DebugMon_Handler)
    [Anonymous Symbol]                       0x080002f4   Section        0  stm32f4xx_it.o(.text.HardFault_Handler)
    [Anonymous Symbol]                       0x080002f8   Section        0  stm32f4xx_it.o(.text.I2C1_ER_IRQHandler)
    [Anonymous Symbol]                       0x080002fc   Section        0  stm32f4xx_it.o(.text.I2C1_EV_IRQHandler)
    [Anonymous Symbol]                       0x08000300   Section        0  stm32f4xx_ll_dma.o(.text.LL_DMA_DeInit)
    [Anonymous Symbol]                       0x080004f8   Section        0  stm32f4xx_ll_gpio.o(.text.LL_GPIO_Init)
    [Anonymous Symbol]                       0x080005e0   Section        0  stm32f4xx_ll_i2c.o(.text.LL_I2C_DeInit)
    [Anonymous Symbol]                       0x08000640   Section        0  stm32f4xx_ll_i2c.o(.text.LL_I2C_Init)
    [Anonymous Symbol]                       0x08000724   Section        0  stm32f4xx_ll_utils.o(.text.LL_Init1msTick)
    [Anonymous Symbol]                       0x0800074c   Section        0  stm32f4xx_ll_rcc.o(.text.LL_RCC_GetSystemClocksFreq)
    [Anonymous Symbol]                       0x080007f8   Section        0  stm32f4xx_ll_utils.o(.text.LL_SetSystemCoreClock)
    [Anonymous Symbol]                       0x08000804   Section        0  gpio.o(.text.MX_GPIO_Init)
    [Anonymous Symbol]                       0x0800093c   Section        0  stm32f4xx_it.o(.text.MemManage_Handler)
    [Anonymous Symbol]                       0x08000940   Section        0  stm32f4xx_it.o(.text.NMI_Handler)
    [Anonymous Symbol]                       0x08000944   Section        0  stm32f4xx_it.o(.text.PendSV_Handler)
    [Anonymous Symbol]                       0x08000948   Section        0  stm32f4xx_it.o(.text.SVC_Handler)
    [Anonymous Symbol]                       0x0800094c   Section        0  stm32f4xx_it.o(.text.SysTick_Handler)
    [Anonymous Symbol]                       0x08000950   Section        0  main.o(.text.SystemClock_Config)
    [Anonymous Symbol]                       0x08000a7c   Section        0  system_stm32f4xx.o(.text.SystemInit)
    [Anonymous Symbol]                       0x08000a90   Section        0  stm32f4xx_it.o(.text.UsageFault_Handler)
    [Anonymous Symbol]                       0x08000a94   Section        0  bsp_i2c_dma.o(.text.bsp_i2c_init)
    [Anonymous Symbol]                       0x08000c74   Section        0  dwt_delay.o(.text.dwt_delay_us)
    [Anonymous Symbol]                       0x08000cc4   Section        0  dev_i2c_dma.o(.text.i2c1_dmarx_tc_isr)
    [Anonymous Symbol]                       0x08000d0c   Section        0  dev_i2c_dma.o(.text.i2c1_dmatx_tc_isr)
    [Anonymous Symbol]                       0x08000e5c   Section        0  dev_i2c_dma.o(.text.i2c1_err_isr)
    [Anonymous Symbol]                       0x08000ee8   Section        0  dev_i2c_dma.o(.text.i2c1_evt_isr)
    [Anonymous Symbol]                       0x080010f0   Section        0  bsp_i2c_dma.o(.text.i2c_bus_reset)
    [Anonymous Symbol]                       0x080011f8   Section        0  main.o(.text.main)
    $v0                                      0x0800127a   Number         0  fpinit.o(x$fpl$fpinit)
    x$fpl$fpinit                             0x0800127a   Section       26  fpinit.o(x$fpl$fpinit)
    STREAM_OFFSET_TAB                        0x080012ac   Data           8  stm32f4xx_ll_dma.o(.rodata.cst8)
    [Anonymous Symbol]                       0x080012ac   Section        0  stm32f4xx_ll_dma.o(.rodata.cst8)
    .bss                                     0x20000008   Section       96  libspace.o(.bss)
    Heap_Mem                                 0x20000080   Data         512  startup_stm32f407xx.o(HEAP)
    HEAP                                     0x20000080   Section      512  startup_stm32f407xx.o(HEAP)
    Stack_Mem                                0x20000280   Data        1024  startup_stm32f407xx.o(STACK)
    STACK                                    0x20000280   Section     1024  startup_stm32f407xx.o(STACK)
    __initial_sp                             0x20000680   Data           0  startup_stm32f407xx.o(STACK)

    Global Symbols

    Symbol Name                              Value     Ov Type        Size  Object(Section)

    BuildAttributes$$THM_ISAv4$E$P$D$K$B$S$7EM$VFPi3$EXTD16$VFPS$VFMA$PE$A:L22UL41UL21$X:L11$S22US41US21$IEEE1$IW$~IW$USESV6$~STKCKD$USESV7$~SHL$OTIME$ROPI$EBA8$UX$STANDARDLIB$REQ8$PRES8$EABIv2 0x00000000   Number         0  anon$$obj.o ABSOLUTE
    __ARM_exceptions_init                     - Undefined Weak Reference
    __alloca_initialize                       - Undefined Weak Reference
    __arm_preinit_                            - Undefined Weak Reference
    __arm_relocate_pie_                       - Undefined Weak Reference
    __cpp_initialize__aeabi_                  - Undefined Weak Reference
    __cxa_finalize                            - Undefined Weak Reference
    __rt_locale                               - Undefined Weak Reference
    __sigvec_lookup                           - Undefined Weak Reference
    _atexit_init                              - Undefined Weak Reference
    _call_atexit_fns                          - Undefined Weak Reference
    _clock_init                               - Undefined Weak Reference
    _fp_trap_init                             - Undefined Weak Reference
    _fp_trap_shutdown                         - Undefined Weak Reference
    _get_lc_collate                           - Undefined Weak Reference
    _get_lc_ctype                             - Undefined Weak Reference
    _get_lc_monetary                          - Undefined Weak Reference
    _get_lc_numeric                           - Undefined Weak Reference
    _get_lc_time                              - Undefined Weak Reference
    _getenv_init                              - Undefined Weak Reference
    _handle_redirection                       - Undefined Weak Reference
    _init_alloc                               - Undefined Weak Reference
    _init_user_alloc                          - Undefined Weak Reference
    _initio                                   - Undefined Weak Reference
    _rand_init                                - Undefined Weak Reference
    _signal_finish                            - Undefined Weak Reference
    _signal_init                              - Undefined Weak Reference
    _terminate_alloc                          - Undefined Weak Reference
    _terminate_user_alloc                     - Undefined Weak Reference
    _terminateio                              - Undefined Weak Reference
    __Vectors_Size                           0x00000188   Number         0  startup_stm32f407xx.o ABSOLUTE
    __Vectors                                0x08000000   Data           4  startup_stm32f407xx.o(RESET)
    __Vectors_End                            0x08000188   Data           0  startup_stm32f407xx.o(RESET)
    __main                                   0x08000189   Thumb Code     8  __main.o(!!!main)
    __scatterload                            0x08000191   Thumb Code     0  __scatter.o(!!!scatter)
    __scatterload_rt2                        0x08000191   Thumb Code    44  __scatter.o(!!!scatter)
    __scatterload_rt2_thumb_only             0x08000191   Thumb Code     0  __scatter.o(!!!scatter)
    __scatterload_null                       0x0800019f   Thumb Code     0  __scatter.o(!!!scatter)
    __scatterload_copy                       0x080001c5   Thumb Code    26  __scatter_copy.o(!!handler_copy)
    __scatterload_zeroinit                   0x080001e1   Thumb Code    28  __scatter_zi.o(!!handler_zi)
    __rt_lib_init                            0x080001fd   Thumb Code     0  libinit.o(.ARM.Collect$$libinit$$00000000)
    __rt_lib_init_fp_1                       0x080001ff   Thumb Code     0  libinit2.o(.ARM.Collect$$libinit$$00000001)
    __rt_lib_init_alloca_1                   0x08000203   Thumb Code     0  libinit2.o(.ARM.Collect$$libinit$$00000030)
    __rt_lib_init_argv_1                     0x08000203   Thumb Code     0  libinit2.o(.ARM.Collect$$libinit$$0000002E)
    __rt_lib_init_atexit_1                   0x08000203   Thumb Code     0  libinit2.o(.ARM.Collect$$libinit$$0000001D)
    __rt_lib_init_clock_1                    0x08000203   Thumb Code     0  libinit2.o(.ARM.Collect$$libinit$$00000023)
    __rt_lib_init_cpp_1                      0x08000203   Thumb Code     0  libinit2.o(.ARM.Collect$$libinit$$00000034)
    __rt_lib_init_exceptions_1               0x08000203   Thumb Code     0  libinit2.o(.ARM.Collect$$libinit$$00000032)
    __rt_lib_init_fp_trap_1                  0x08000203   Thumb Code     0  libinit2.o(.ARM.Collect$$libinit$$00000021)
    __rt_lib_init_getenv_1                   0x08000203   Thumb Code     0  libinit2.o(.ARM.Collect$$libinit$$00000025)
    __rt_lib_init_heap_1                     0x08000203   Thumb Code     0  libinit2.o(.ARM.Collect$$libinit$$0000000C)
    __rt_lib_init_lc_collate_1               0x08000203   Thumb Code     0  libinit2.o(.ARM.Collect$$libinit$$00000013)
    __rt_lib_init_lc_ctype_1                 0x08000203   Thumb Code     0  libinit2.o(.ARM.Collect$$libinit$$00000015)
    __rt_lib_init_lc_monetary_1              0x08000203   Thumb Code     0  libinit2.o(.ARM.Collect$$libinit$$00000017)
    __rt_lib_init_lc_numeric_1               0x08000203   Thumb Code     0  libinit2.o(.ARM.Collect$$libinit$$00000019)
    __rt_lib_init_lc_time_1                  0x08000203   Thumb Code     0  libinit2.o(.ARM.Collect$$libinit$$0000001B)
    __rt_lib_init_preinit_1                  0x08000203   Thumb Code     0  libinit2.o(.ARM.Collect$$libinit$$00000006)
    __rt_lib_init_rand_1                     0x08000203   Thumb Code     0  libinit2.o(.ARM.Collect$$libinit$$00000010)
    __rt_lib_init_relocate_pie_1             0x08000203   Thumb Code     0  libinit2.o(.ARM.Collect$$libinit$$00000004)
    __rt_lib_init_return                     0x08000203   Thumb Code     0  libinit2.o(.ARM.Collect$$libinit$$00000035)
    __rt_lib_init_signal_1                   0x08000203   Thumb Code     0  libinit2.o(.ARM.Collect$$libinit$$0000001F)
    __rt_lib_init_stdio_1                    0x08000203   Thumb Code     0  libinit2.o(.ARM.Collect$$libinit$$00000027)
    __rt_lib_init_user_alloc_1               0x08000203   Thumb Code     0  libinit2.o(.ARM.Collect$$libinit$$0000000E)
    __rt_lib_shutdown                        0x08000205   Thumb Code     0  libshutdown.o(.ARM.Collect$$libshutdown$$00000000)
    __rt_lib_shutdown_cpp_1                  0x08000207   Thumb Code     0  libshutdown2.o(.ARM.Collect$$libshutdown$$00000002)
    __rt_lib_shutdown_fp_trap_1              0x08000207   Thumb Code     0  libshutdown2.o(.ARM.Collect$$libshutdown$$00000007)
    __rt_lib_shutdown_heap_1                 0x08000207   Thumb Code     0  libshutdown2.o(.ARM.Collect$$libshutdown$$0000000F)
    __rt_lib_shutdown_return                 0x08000207   Thumb Code     0  libshutdown2.o(.ARM.Collect$$libshutdown$$00000010)
    __rt_lib_shutdown_signal_1               0x08000207   Thumb Code     0  libshutdown2.o(.ARM.Collect$$libshutdown$$0000000A)
    __rt_lib_shutdown_stdio_1                0x08000207   Thumb Code     0  libshutdown2.o(.ARM.Collect$$libshutdown$$00000004)
    __rt_lib_shutdown_user_alloc_1           0x08000207   Thumb Code     0  libshutdown2.o(.ARM.Collect$$libshutdown$$0000000C)
    __rt_entry                               0x08000209   Thumb Code     0  __rtentry.o(.ARM.Collect$$rtentry$$00000000)
    __rt_entry_presh_1                       0x08000209   Thumb Code     0  __rtentry2.o(.ARM.Collect$$rtentry$$00000002)
    __rt_entry_sh                            0x08000209   Thumb Code     0  __rtentry4.o(.ARM.Collect$$rtentry$$00000004)
    __rt_entry_li                            0x0800020f   Thumb Code     0  __rtentry2.o(.ARM.Collect$$rtentry$$0000000A)
    __rt_entry_postsh_1                      0x0800020f   Thumb Code     0  __rtentry2.o(.ARM.Collect$$rtentry$$00000009)
    __rt_entry_main                          0x08000213   Thumb Code     0  __rtentry2.o(.ARM.Collect$$rtentry$$0000000D)
    __rt_entry_postli_1                      0x08000213   Thumb Code     0  __rtentry2.o(.ARM.Collect$$rtentry$$0000000C)
    __rt_exit                                0x0800021b   Thumb Code     0  rtexit.o(.ARM.Collect$$rtexit$$00000000)
    __rt_exit_ls                             0x0800021d   Thumb Code     0  rtexit2.o(.ARM.Collect$$rtexit$$00000003)
    __rt_exit_prels_1                        0x0800021d   Thumb Code     0  rtexit2.o(.ARM.Collect$$rtexit$$00000002)
    __rt_exit_exit                           0x08000221   Thumb Code     0  rtexit2.o(.ARM.Collect$$rtexit$$00000004)
    Reset_Handler                            0x08000229   Thumb Code     8  startup_stm32f407xx.o(.text)
    ADC_IRQHandler                           0x08000243   Thumb Code     0  startup_stm32f407xx.o(.text)
    CAN1_RX0_IRQHandler                      0x08000243   Thumb Code     0  startup_stm32f407xx.o(.text)
    CAN1_RX1_IRQHandler                      0x08000243   Thumb Code     0  startup_stm32f407xx.o(.text)
    CAN1_SCE_IRQHandler                      0x08000243   Thumb Code     0  startup_stm32f407xx.o(.text)
    CAN1_TX_IRQHandler                       0x08000243   Thumb Code     0  startup_stm32f407xx.o(.text)
    CAN2_RX0_IRQHandler                      0x08000243   Thumb Code     0  startup_stm32f407xx.o(.text)
    CAN2_RX1_IRQHandler                      0x08000243   Thumb Code     0  startup_stm32f407xx.o(.text)
    CAN2_SCE_IRQHandler                      0x08000243   Thumb Code     0  startup_stm32f407xx.o(.text)
    CAN2_TX_IRQHandler                       0x08000243   Thumb Code     0  startup_stm32f407xx.o(.text)
    DCMI_IRQHandler                          0x08000243   Thumb Code     0  startup_stm32f407xx.o(.text)
    DMA1_Stream0_IRQHandler                  0x08000243   Thumb Code     0  startup_stm32f407xx.o(.text)
    DMA1_Stream1_IRQHandler                  0x08000243   Thumb Code     0  startup_stm32f407xx.o(.text)
    DMA1_Stream2_IRQHandler                  0x08000243   Thumb Code     0  startup_stm32f407xx.o(.text)
    DMA1_Stream3_IRQHandler                  0x08000243   Thumb Code     0  startup_stm32f407xx.o(.text)
    DMA1_Stream4_IRQHandler                  0x08000243   Thumb Code     0  startup_stm32f407xx.o(.text)
    DMA1_Stream7_IRQHandler                  0x08000243   Thumb Code     0  startup_stm32f407xx.o(.text)
    DMA2_Stream0_IRQHandler                  0x08000243   Thumb Code     0  startup_stm32f407xx.o(.text)
    DMA2_Stream1_IRQHandler                  0x08000243   Thumb Code     0  startup_stm32f407xx.o(.text)
    DMA2_Stream2_IRQHandler                  0x08000243   Thumb Code     0  startup_stm32f407xx.o(.text)
    DMA2_Stream3_IRQHandler                  0x08000243   Thumb Code     0  startup_stm32f407xx.o(.text)
    DMA2_Stream4_IRQHandler                  0x08000243   Thumb Code     0  startup_stm32f407xx.o(.text)
    DMA2_Stream5_IRQHandler                  0x08000243   Thumb Code     0  startup_stm32f407xx.o(.text)
    DMA2_Stream6_IRQHandler                  0x08000243   Thumb Code     0  startup_stm32f407xx.o(.text)
    DMA2_Stream7_IRQHandler                  0x08000243   Thumb Code     0  startup_stm32f407xx.o(.text)
    ETH_IRQHandler                           0x08000243   Thumb Code     0  startup_stm32f407xx.o(.text)
    ETH_WKUP_IRQHandler                      0x08000243   Thumb Code     0  startup_stm32f407xx.o(.text)
    EXTI0_IRQHandler                         0x08000243   Thumb Code     0  startup_stm32f407xx.o(.text)
    EXTI15_10_IRQHandler                     0x08000243   Thumb Code     0  startup_stm32f407xx.o(.text)
    EXTI1_IRQHandler                         0x08000243   Thumb Code     0  startup_stm32f407xx.o(.text)
    EXTI2_IRQHandler                         0x08000243   Thumb Code     0  startup_stm32f407xx.o(.text)
    EXTI3_IRQHandler                         0x08000243   Thumb Code     0  startup_stm32f407xx.o(.text)
    EXTI4_IRQHandler                         0x08000243   Thumb Code     0  startup_stm32f407xx.o(.text)
    EXTI9_5_IRQHandler                       0x08000243   Thumb Code     0  startup_stm32f407xx.o(.text)
    FLASH_IRQHandler                         0x08000243   Thumb Code     0  startup_stm32f407xx.o(.text)
    FMC_IRQHandler                           0x08000243   Thumb Code     0  startup_stm32f407xx.o(.text)
    FPU_IRQHandler                           0x08000243   Thumb Code     0  startup_stm32f407xx.o(.text)
    HASH_RNG_IRQHandler                      0x08000243   Thumb Code     0  startup_stm32f407xx.o(.text)
    I2C2_ER_IRQHandler                       0x08000243   Thumb Code     0  startup_stm32f407xx.o(.text)
    I2C2_EV_IRQHandler                       0x08000243   Thumb Code     0  startup_stm32f407xx.o(.text)
    I2C3_ER_IRQHandler                       0x08000243   Thumb Code     0  startup_stm32f407xx.o(.text)
    I2C3_EV_IRQHandler                       0x08000243   Thumb Code     0  startup_stm32f407xx.o(.text)
    OTG_FS_IRQHandler                        0x08000243   Thumb Code     0  startup_stm32f407xx.o(.text)
    OTG_FS_WKUP_IRQHandler                   0x08000243   Thumb Code     0  startup_stm32f407xx.o(.text)
    OTG_HS_EP1_IN_IRQHandler                 0x08000243   Thumb Code     0  startup_stm32f407xx.o(.text)
    OTG_HS_EP1_OUT_IRQHandler                0x08000243   Thumb Code     0  startup_stm32f407xx.o(.text)
    OTG_HS_IRQHandler                        0x08000243   Thumb Code     0  startup_stm32f407xx.o(.text)
    OTG_HS_WKUP_IRQHandler                   0x08000243   Thumb Code     0  startup_stm32f407xx.o(.text)
    PVD_IRQHandler                           0x08000243   Thumb Code     0  startup_stm32f407xx.o(.text)
    RCC_IRQHandler                           0x08000243   Thumb Code     0  startup_stm32f407xx.o(.text)
    RTC_Alarm_IRQHandler                     0x08000243   Thumb Code     0  startup_stm32f407xx.o(.text)
    RTC_WKUP_IRQHandler                      0x08000243   Thumb Code     0  startup_stm32f407xx.o(.text)
    SDIO_IRQHandler                          0x08000243   Thumb Code     0  startup_stm32f407xx.o(.text)
    SPI1_IRQHandler                          0x08000243   Thumb Code     0  startup_stm32f407xx.o(.text)
    SPI2_IRQHandler                          0x08000243   Thumb Code     0  startup_stm32f407xx.o(.text)
    SPI3_IRQHandler                          0x08000243   Thumb Code     0  startup_stm32f407xx.o(.text)
    TAMP_STAMP_IRQHandler                    0x08000243   Thumb Code     0  startup_stm32f407xx.o(.text)
    TIM1_BRK_TIM9_IRQHandler                 0x08000243   Thumb Code     0  startup_stm32f407xx.o(.text)
    TIM1_CC_IRQHandler                       0x08000243   Thumb Code     0  startup_stm32f407xx.o(.text)
    TIM1_TRG_COM_TIM11_IRQHandler            0x08000243   Thumb Code     0  startup_stm32f407xx.o(.text)
    TIM1_UP_TIM10_IRQHandler                 0x08000243   Thumb Code     0  startup_stm32f407xx.o(.text)
    TIM2_IRQHandler                          0x08000243   Thumb Code     0  startup_stm32f407xx.o(.text)
    TIM3_IRQHandler                          0x08000243   Thumb Code     0  startup_stm32f407xx.o(.text)
    TIM4_IRQHandler                          0x08000243   Thumb Code     0  startup_stm32f407xx.o(.text)
    TIM5_IRQHandler                          0x08000243   Thumb Code     0  startup_stm32f407xx.o(.text)
    TIM6_DAC_IRQHandler                      0x08000243   Thumb Code     0  startup_stm32f407xx.o(.text)
    TIM7_IRQHandler                          0x08000243   Thumb Code     0  startup_stm32f407xx.o(.text)
    TIM8_BRK_TIM12_IRQHandler                0x08000243   Thumb Code     0  startup_stm32f407xx.o(.text)
    TIM8_CC_IRQHandler                       0x08000243   Thumb Code     0  startup_stm32f407xx.o(.text)
    TIM8_TRG_COM_TIM14_IRQHandler            0x08000243   Thumb Code     0  startup_stm32f407xx.o(.text)
    TIM8_UP_TIM13_IRQHandler                 0x08000243   Thumb Code     0  startup_stm32f407xx.o(.text)
    UART4_IRQHandler                         0x08000243   Thumb Code     0  startup_stm32f407xx.o(.text)
    UART5_IRQHandler                         0x08000243   Thumb Code     0  startup_stm32f407xx.o(.text)
    USART1_IRQHandler                        0x08000243   Thumb Code     0  startup_stm32f407xx.o(.text)
    USART2_IRQHandler                        0x08000243   Thumb Code     0  startup_stm32f407xx.o(.text)
    USART3_IRQHandler                        0x08000243   Thumb Code     0  startup_stm32f407xx.o(.text)
    USART6_IRQHandler                        0x08000243   Thumb Code     0  startup_stm32f407xx.o(.text)
    WWDG_IRQHandler                          0x08000243   Thumb Code     0  startup_stm32f407xx.o(.text)
    __user_initial_stackheap                 0x08000245   Thumb Code     0  startup_stm32f407xx.o(.text)
    __use_two_region_memory                  0x08000269   Thumb Code     2  heapauxi.o(.text)
    __rt_heap_escrow$2region                 0x0800026b   Thumb Code     2  heapauxi.o(.text)
    __rt_heap_expand$2region                 0x0800026d   Thumb Code     2  heapauxi.o(.text)
    __user_setup_stackheap                   0x0800026f   Thumb Code    74  sys_stackheap_outer.o(.text)
    exit                                     0x080002b9   Thumb Code    18  exit.o(.text)
    __user_libspace                          0x080002cd   Thumb Code     8  libspace.o(.text)
    __user_perproc_libspace                  0x080002cd   Thumb Code     0  libspace.o(.text)
    __user_perthread_libspace                0x080002cd   Thumb Code     0  libspace.o(.text)
    _sys_exit                                0x080002d5   Thumb Code     8  sys_exit.o(.text)
    __I$use$semihosting                      0x080002e1   Thumb Code     0  use_no_semi.o(.text)
    __use_no_semihosting_swi                 0x080002e1   Thumb Code     2  use_no_semi.o(.text)
    __semihosting_library_function           0x080002e3   Thumb Code     0  indicate_semi.o(.text)
    BusFault_Handler                         0x080002e5   Thumb Code     2  stm32f4xx_it.o(.text.BusFault_Handler)
    DMA1_Stream5_IRQHandler                  0x080002e9   Thumb Code     4  stm32f4xx_it.o(.text.DMA1_Stream5_IRQHandler)
    DMA1_Stream6_IRQHandler                  0x080002ed   Thumb Code     4  stm32f4xx_it.o(.text.DMA1_Stream6_IRQHandler)
    DebugMon_Handler                         0x080002f1   Thumb Code     2  stm32f4xx_it.o(.text.DebugMon_Handler)
    HardFault_Handler                        0x080002f5   Thumb Code     2  stm32f4xx_it.o(.text.HardFault_Handler)
    I2C1_ER_IRQHandler                       0x080002f9   Thumb Code     4  stm32f4xx_it.o(.text.I2C1_ER_IRQHandler)
    I2C1_EV_IRQHandler                       0x080002fd   Thumb Code     4  stm32f4xx_it.o(.text.I2C1_EV_IRQHandler)
    LL_DMA_DeInit                            0x08000301   Thumb Code   502  stm32f4xx_ll_dma.o(.text.LL_DMA_DeInit)
    LL_GPIO_Init                             0x080004f9   Thumb Code   230  stm32f4xx_ll_gpio.o(.text.LL_GPIO_Init)
    LL_I2C_DeInit                            0x080005e1   Thumb Code    96  stm32f4xx_ll_i2c.o(.text.LL_I2C_DeInit)
    LL_I2C_Init                              0x08000641   Thumb Code   226  stm32f4xx_ll_i2c.o(.text.LL_I2C_Init)
    LL_Init1msTick                           0x08000725   Thumb Code    40  stm32f4xx_ll_utils.o(.text.LL_Init1msTick)
    LL_RCC_GetSystemClocksFreq               0x0800074d   Thumb Code   170  stm32f4xx_ll_rcc.o(.text.LL_RCC_GetSystemClocksFreq)
    LL_SetSystemCoreClock                    0x080007f9   Thumb Code    12  stm32f4xx_ll_utils.o(.text.LL_SetSystemCoreClock)
    MX_GPIO_Init                             0x08000805   Thumb Code   312  gpio.o(.text.MX_GPIO_Init)
    MemManage_Handler                        0x0800093d   Thumb Code     2  stm32f4xx_it.o(.text.MemManage_Handler)
    NMI_Handler                              0x08000941   Thumb Code     2  stm32f4xx_it.o(.text.NMI_Handler)
    PendSV_Handler                           0x08000945   Thumb Code     2  stm32f4xx_it.o(.text.PendSV_Handler)
    SVC_Handler                              0x08000949   Thumb Code     2  stm32f4xx_it.o(.text.SVC_Handler)
    SysTick_Handler                          0x0800094d   Thumb Code     2  stm32f4xx_it.o(.text.SysTick_Handler)
    SystemClock_Config                       0x08000951   Thumb Code   300  main.o(.text.SystemClock_Config)
    SystemInit                               0x08000a7d   Thumb Code    18  system_stm32f4xx.o(.text.SystemInit)
    UsageFault_Handler                       0x08000a91   Thumb Code     2  stm32f4xx_it.o(.text.UsageFault_Handler)
    bsp_i2c_init                             0x08000a95   Thumb Code   480  bsp_i2c_dma.o(.text.bsp_i2c_init)
    dwt_delay_us                             0x08000c75   Thumb Code    80  dwt_delay.o(.text.dwt_delay_us)
    i2c1_dmarx_tc_isr                        0x08000cc5   Thumb Code    70  dev_i2c_dma.o(.text.i2c1_dmarx_tc_isr)
    i2c1_dmatx_tc_isr                        0x08000d0d   Thumb Code   336  dev_i2c_dma.o(.text.i2c1_dmatx_tc_isr)
    i2c1_err_isr                             0x08000e5d   Thumb Code   138  dev_i2c_dma.o(.text.i2c1_err_isr)
    i2c1_evt_isr                             0x08000ee9   Thumb Code   520  dev_i2c_dma.o(.text.i2c1_evt_isr)
    i2c_bus_reset                            0x080010f1   Thumb Code   262  bsp_i2c_dma.o(.text.i2c_bus_reset)
    main                                     0x080011f9   Thumb Code   130  main.o(.text.main)
    _fp_init                                 0x0800127b   Thumb Code    26  fpinit.o(x$fpl$fpinit)
    __fplib_config_fpu_vfp                   0x08001293   Thumb Code     0  fpinit.o(x$fpl$fpinit)
    __fplib_config_pureend_doubles           0x08001293   Thumb Code     0  fpinit.o(x$fpl$fpinit)
    AHBPrescTable                            0x08001294   Data          16  system_stm32f4xx.o(.rodata.AHBPrescTable)
    APBPrescTable                            0x080012a4   Data           8  system_stm32f4xx.o(.rodata.APBPrescTable)
    Region$$Table$$Base                      0x080012b4   Number         0  anon$$obj.o(Region$$Table)
    Region$$Table$$Limit                     0x080012d4   Number         0  anon$$obj.o(Region$$Table)
    SystemCoreClock                          0x20000000   Data           4  system_stm32f4xx.o(.data.SystemCoreClock)
    __libspace_start                         0x20000008   Data          96  libspace.o(.bss)
    __temporary_stack_top$libspace           0x20000068   Data           0  libspace.o(.bss)
    i2c_dev                                  0x20000068   Data          24  dev_i2c_dma.o(.bss.i2c_dev)



==============================================================================

Memory Map of the image

  Image Entry point : 0x08000189

  Load Region LR_IROM1 (Base: 0x08000000, Size: 0x000012e0, Max: 0x00100000, ABSOLUTE)

    Execution Region ER_IROM1 (Exec base: 0x08000000, Load base: 0x08000000, Size: 0x000012d4, Max: 0x00100000, ABSOLUTE)

    Exec Addr    Load Addr    Size         Type   Attr      Idx    E Section Name        Object

    0x08000000   0x08000000   0x00000188   Data   RO          145    RESET               startup_stm32f407xx.o
    0x08000188   0x08000188   0x00000008   Code   RO          286  * !!!main             c_w.l(__main.o)
    0x08000190   0x08000190   0x00000034   Code   RO          451    !!!scatter          c_w.l(__scatter.o)
    0x080001c4   0x080001c4   0x0000001a   Code   RO          453    !!handler_copy      c_w.l(__scatter_copy.o)
    0x080001de   0x080001de   0x00000002   PAD
    0x080001e0   0x080001e0   0x0000001c   Code   RO          455    !!handler_zi        c_w.l(__scatter_zi.o)
    0x080001fc   0x080001fc   0x00000002   Code   RO          313    .ARM.Collect$$libinit$$00000000  c_w.l(libinit.o)
    0x080001fe   0x080001fe   0x00000004   Code   RO          319    .ARM.Collect$$libinit$$00000001  c_w.l(libinit2.o)
    0x08000202   0x08000202   0x00000000   Code   RO          322    .ARM.Collect$$libinit$$00000004  c_w.l(libinit2.o)
    0x08000202   0x08000202   0x00000000   Code   RO          324    .ARM.Collect$$libinit$$00000006  c_w.l(libinit2.o)
    0x08000202   0x08000202   0x00000000   Code   RO          327    .ARM.Collect$$libinit$$0000000C  c_w.l(libinit2.o)
    0x08000202   0x08000202   0x00000000   Code   RO          329    .ARM.Collect$$libinit$$0000000E  c_w.l(libinit2.o)
    0x08000202   0x08000202   0x00000000   Code   RO          331    .ARM.Collect$$libinit$$00000010  c_w.l(libinit2.o)
    0x08000202   0x08000202   0x00000000   Code   RO          334    .ARM.Collect$$libinit$$00000013  c_w.l(libinit2.o)
    0x08000202   0x08000202   0x00000000   Code   RO          336    .ARM.Collect$$libinit$$00000015  c_w.l(libinit2.o)
    0x08000202   0x08000202   0x00000000   Code   RO          338    .ARM.Collect$$libinit$$00000017  c_w.l(libinit2.o)
    0x08000202   0x08000202   0x00000000   Code   RO          340    .ARM.Collect$$libinit$$00000019  c_w.l(libinit2.o)
    0x08000202   0x08000202   0x00000000   Code   RO          342    .ARM.Collect$$libinit$$0000001B  c_w.l(libinit2.o)
    0x08000202   0x08000202   0x00000000   Code   RO          344    .ARM.Collect$$libinit$$0000001D  c_w.l(libinit2.o)
    0x08000202   0x08000202   0x00000000   Code   RO          346    .ARM.Collect$$libinit$$0000001F  c_w.l(libinit2.o)
    0x08000202   0x08000202   0x00000000   Code   RO          348    .ARM.Collect$$libinit$$00000021  c_w.l(libinit2.o)
    0x08000202   0x08000202   0x00000000   Code   RO          350    .ARM.Collect$$libinit$$00000023  c_w.l(libinit2.o)
    0x08000202   0x08000202   0x00000000   Code   RO          352    .ARM.Collect$$libinit$$00000025  c_w.l(libinit2.o)
    0x08000202   0x08000202   0x00000000   Code   RO          354    .ARM.Collect$$libinit$$00000027  c_w.l(libinit2.o)
    0x08000202   0x08000202   0x00000000   Code   RO          358    .ARM.Collect$$libinit$$0000002E  c_w.l(libinit2.o)
    0x08000202   0x08000202   0x00000000   Code   RO          360    .ARM.Collect$$libinit$$00000030  c_w.l(libinit2.o)
    0x08000202   0x08000202   0x00000000   Code   RO          362    .ARM.Collect$$libinit$$00000032  c_w.l(libinit2.o)
    0x08000202   0x08000202   0x00000000   Code   RO          364    .ARM.Collect$$libinit$$00000034  c_w.l(libinit2.o)
    0x08000202   0x08000202   0x00000002   Code   RO          365    .ARM.Collect$$libinit$$00000035  c_w.l(libinit2.o)
    0x08000204   0x08000204   0x00000002   Code   RO          387    .ARM.Collect$$libshutdown$$00000000  c_w.l(libshutdown.o)
    0x08000206   0x08000206   0x00000000   Code   RO          402    .ARM.Collect$$libshutdown$$00000002  c_w.l(libshutdown2.o)
    0x08000206   0x08000206   0x00000000   Code   RO          404    .ARM.Collect$$libshutdown$$00000004  c_w.l(libshutdown2.o)
    0x08000206   0x08000206   0x00000000   Code   RO          407    .ARM.Collect$$libshutdown$$00000007  c_w.l(libshutdown2.o)
    0x08000206   0x08000206   0x00000000   Code   RO          410    .ARM.Collect$$libshutdown$$0000000A  c_w.l(libshutdown2.o)
    0x08000206   0x08000206   0x00000000   Code   RO          412    .ARM.Collect$$libshutdown$$0000000C  c_w.l(libshutdown2.o)
    0x08000206   0x08000206   0x00000000   Code   RO          415    .ARM.Collect$$libshutdown$$0000000F  c_w.l(libshutdown2.o)
    0x08000206   0x08000206   0x00000002   Code   RO          416    .ARM.Collect$$libshutdown$$00000010  c_w.l(libshutdown2.o)
    0x08000208   0x08000208   0x00000000   Code   RO          288    .ARM.Collect$$rtentry$$00000000  c_w.l(__rtentry.o)
    0x08000208   0x08000208   0x00000000   Code   RO          290    .ARM.Collect$$rtentry$$00000002  c_w.l(__rtentry2.o)
    0x08000208   0x08000208   0x00000006   Code   RO          302    .ARM.Collect$$rtentry$$00000004  c_w.l(__rtentry4.o)
    0x0800020e   0x0800020e   0x00000000   Code   RO          292    .ARM.Collect$$rtentry$$00000009  c_w.l(__rtentry2.o)
    0x0800020e   0x0800020e   0x00000004   Code   RO          293    .ARM.Collect$$rtentry$$0000000A  c_w.l(__rtentry2.o)
    0x08000212   0x08000212   0x00000000   Code   RO          295    .ARM.Collect$$rtentry$$0000000C  c_w.l(__rtentry2.o)
    0x08000212   0x08000212   0x00000008   Code   RO          296    .ARM.Collect$$rtentry$$0000000D  c_w.l(__rtentry2.o)
    0x0800021a   0x0800021a   0x00000002   Code   RO          317    .ARM.Collect$$rtexit$$00000000  c_w.l(rtexit.o)
    0x0800021c   0x0800021c   0x00000000   Code   RO          367    .ARM.Collect$$rtexit$$00000002  c_w.l(rtexit2.o)
    0x0800021c   0x0800021c   0x00000004   Code   RO          368    .ARM.Collect$$rtexit$$00000003  c_w.l(rtexit2.o)
    0x08000220   0x08000220   0x00000006   Code   RO          369    .ARM.Collect$$rtexit$$00000004  c_w.l(rtexit2.o)
    0x08000226   0x08000226   0x00000002   PAD
    0x08000228   0x08000228   0x00000040   Code   RO          146    .text               startup_stm32f407xx.o
    0x08000268   0x08000268   0x00000006   Code   RO          284    .text               c_w.l(heapauxi.o)
    0x0800026e   0x0800026e   0x0000004a   Code   RO          304    .text               c_w.l(sys_stackheap_outer.o)
    0x080002b8   0x080002b8   0x00000012   Code   RO          306    .text               c_w.l(exit.o)
    0x080002ca   0x080002ca   0x00000002   PAD
    0x080002cc   0x080002cc   0x00000008   Code   RO          314    .text               c_w.l(libspace.o)
    0x080002d4   0x080002d4   0x0000000c   Code   RO          377    .text               c_w.l(sys_exit.o)
    0x080002e0   0x080002e0   0x00000002   Code   RO          392    .text               c_w.l(use_no_semi.o)
    0x080002e2   0x080002e2   0x00000000   Code   RO          394    .text               c_w.l(indicate_semi.o)
    0x080002e2   0x080002e2   0x00000002   PAD
    0x080002e4   0x080002e4   0x00000002   Code   RO           50    .text.BusFault_Handler  stm32f4xx_it.o
    0x080002e6   0x080002e6   0x00000002   PAD
    0x080002e8   0x080002e8   0x00000004   Code   RO           62    .text.DMA1_Stream5_IRQHandler  stm32f4xx_it.o
    0x080002ec   0x080002ec   0x00000004   Code   RO           64    .text.DMA1_Stream6_IRQHandler  stm32f4xx_it.o
    0x080002f0   0x080002f0   0x00000002   Code   RO           56    .text.DebugMon_Handler  stm32f4xx_it.o
    0x080002f2   0x080002f2   0x00000002   PAD
    0x080002f4   0x080002f4   0x00000002   Code   RO           46    .text.HardFault_Handler  stm32f4xx_it.o
    0x080002f6   0x080002f6   0x00000002   PAD
    0x080002f8   0x080002f8   0x00000004   Code   RO           68    .text.I2C1_ER_IRQHandler  stm32f4xx_it.o
    0x080002fc   0x080002fc   0x00000004   Code   RO           66    .text.I2C1_EV_IRQHandler  stm32f4xx_it.o
    0x08000300   0x08000300   0x000001f6   Code   RO          167    .text.LL_DMA_DeInit  stm32f4xx_ll_dma.o
    0x080004f6   0x080004f6   0x00000002   PAD
    0x080004f8   0x080004f8   0x000000e6   Code   RO          155    .text.LL_GPIO_Init  stm32f4xx_ll_gpio.o
    0x080005de   0x080005de   0x00000002   PAD
    0x080005e0   0x080005e0   0x00000060   Code   RO          182    .text.LL_I2C_DeInit  stm32f4xx_ll_i2c.o
    0x08000640   0x08000640   0x000000e2   Code   RO          184    .text.LL_I2C_Init   stm32f4xx_ll_i2c.o
    0x08000722   0x08000722   0x00000002   PAD
    0x08000724   0x08000724   0x00000028   Code   RO          230    .text.LL_Init1msTick  stm32f4xx_ll_utils.o
    0x0800074c   0x0800074c   0x000000aa   Code   RO          198    .text.LL_RCC_GetSystemClocksFreq  stm32f4xx_ll_rcc.o
    0x080007f6   0x080007f6   0x00000002   PAD
    0x080007f8   0x080007f8   0x0000000c   Code   RO          234    .text.LL_SetSystemCoreClock  stm32f4xx_ll_utils.o
    0x08000804   0x08000804   0x00000138   Code   RO           19    .text.MX_GPIO_Init  gpio.o
    0x0800093c   0x0800093c   0x00000002   Code   RO           48    .text.MemManage_Handler  stm32f4xx_it.o
    0x0800093e   0x0800093e   0x00000002   PAD
    0x08000940   0x08000940   0x00000002   Code   RO           44    .text.NMI_Handler   stm32f4xx_it.o
    0x08000942   0x08000942   0x00000002   PAD
    0x08000944   0x08000944   0x00000002   Code   RO           58    .text.PendSV_Handler  stm32f4xx_it.o
    0x08000946   0x08000946   0x00000002   PAD
    0x08000948   0x08000948   0x00000002   Code   RO           54    .text.SVC_Handler   stm32f4xx_it.o
    0x0800094a   0x0800094a   0x00000002   PAD
    0x0800094c   0x0800094c   0x00000002   Code   RO           60    .text.SysTick_Handler  stm32f4xx_it.o
    0x0800094e   0x0800094e   0x00000002   PAD
    0x08000950   0x08000950   0x0000012c   Code   RO            4    .text.SystemClock_Config  main.o
    0x08000a7c   0x08000a7c   0x00000012   Code   RO          266    .text.SystemInit    system_stm32f4xx.o
    0x08000a8e   0x08000a8e   0x00000002   PAD
    0x08000a90   0x08000a90   0x00000002   Code   RO           52    .text.UsageFault_Handler  stm32f4xx_it.o
    0x08000a92   0x08000a92   0x00000002   PAD
    0x08000a94   0x08000a94   0x000001e0   Code   RO           77    .text.bsp_i2c_init  bsp_i2c_dma.o
    0x08000c74   0x08000c74   0x00000050   Code   RO          132    .text.dwt_delay_us  dwt_delay.o
    0x08000cc4   0x08000cc4   0x00000046   Code   RO          119    .text.i2c1_dmarx_tc_isr  dev_i2c_dma.o
    0x08000d0a   0x08000d0a   0x00000002   PAD
    0x08000d0c   0x08000d0c   0x00000150   Code   RO          117    .text.i2c1_dmatx_tc_isr  dev_i2c_dma.o
    0x08000e5c   0x08000e5c   0x0000008a   Code   RO          115    .text.i2c1_err_isr  dev_i2c_dma.o
    0x08000ee6   0x08000ee6   0x00000002   PAD
    0x08000ee8   0x08000ee8   0x00000208   Code   RO          109    .text.i2c1_evt_isr  dev_i2c_dma.o
    0x080010f0   0x080010f0   0x00000106   Code   RO           89    .text.i2c_bus_reset  bsp_i2c_dma.o
    0x080011f6   0x080011f6   0x00000002   PAD
    0x080011f8   0x080011f8   0x00000082   Code   RO            2    .text.main          main.o
    0x0800127a   0x0800127a   0x0000001a   Code   RO          375    x$fpl$fpinit        fz_wm.l(fpinit.o)
    0x08001294   0x08001294   0x00000010   Data   RO          271    .rodata.AHBPrescTable  system_stm32f4xx.o
    0x080012a4   0x080012a4   0x00000008   Data   RO          272    .rodata.APBPrescTable  system_stm32f4xx.o
    0x080012ac   0x080012ac   0x00000008   Data   RO          173    .rodata.cst8        stm32f4xx_ll_dma.o
    0x080012b4   0x080012b4   0x00000020   Data   RO          450    Region$$Table       anon$$obj.o


    Execution Region RW_IRAM1 (Exec base: 0x20000000, Load base: 0x080012d8, Size: 0x00000680, Max: 0x0001c000, ABSOLUTE)

    Exec Addr    Load Addr    Size         Type   Attr      Idx    E Section Name        Object

    0x20000000   0x080012d8   0x00000004   Data   RW          270    .data.SystemCoreClock  system_stm32f4xx.o
    0x20000004   0x080012dc   0x00000004   PAD
    0x20000008        -       0x00000060   Zero   RW          315    .bss                c_w.l(libspace.o)
    0x20000068        -       0x00000018   Zero   RW          121    .bss.i2c_dev        dev_i2c_dma.o
    0x20000080        -       0x00000200   Zero   RW          144    HEAP                startup_stm32f407xx.o
    0x20000280        -       0x00000400   Zero   RW          143    STACK               startup_stm32f407xx.o


    Execution Region RW_IRAM2 (Exec base: 0x2001c000, Load base: 0x080012e0, Size: 0x00000000, Max: 0x00004000, ABSOLUTE)

    **** No section assigned to this execution region ****


==============================================================================

Image component sizes


      Code (inc. data)   RO Data    RW Data    ZI Data      Debug   Object Name

       742          0          0          0          0      12106   bsp_i2c_dma.o
      1064          0          0          0         24      11403   dev_i2c_dma.o
        80          0          0          0          0       1977   dwt_delay.o
       312          0          0          0          0       2670   gpio.o
       430          0          0          0          0       7516   main.o
        64         26        392          0       1536        844   startup_stm32f407xx.o
        34          0          0          0          0       1553   stm32f4xx_it.o
       502          8          8          0          0       5586   stm32f4xx_ll_dma.o
       230          0          0          0          0       3561   stm32f4xx_ll_gpio.o
       322          0          0          0          0       3813   stm32f4xx_ll_i2c.o
       170          0          0          0          0       9244   stm32f4xx_ll_rcc.o
        52          0          0          0          0       9038   stm32f4xx_ll_utils.o
        18          0         24          4          0       2637   system_stm32f4xx.o

    ----------------------------------------------------------------------
      4054         34        456          4       1564      71948   Object Totals
         0          0         32          0          0          0   (incl. Generated)
        34          0          0          0          4          0   (incl. Padding)

    ----------------------------------------------------------------------

      Code (inc. data)   RO Data    RW Data    ZI Data      Debug   Library Member Name

         8          0          0          0          0         68   __main.o
         0          0          0          0          0          0   __rtentry.o
        12          0          0          0          0          0   __rtentry2.o
         6          0          0          0          0          0   __rtentry4.o
        52          8          0          0          0          0   __scatter.o
        26          0          0          0          0          0   __scatter_copy.o
        28          0          0          0          0          0   __scatter_zi.o
        18          0          0          0          0         80   exit.o
         6          0          0          0          0        152   heapauxi.o
         0          0          0          0          0          0   indicate_semi.o
         2          0          0          0          0          0   libinit.o
         6          0          0          0          0          0   libinit2.o
         2          0          0          0          0          0   libshutdown.o
         2          0          0          0          0          0   libshutdown2.o
         8          4          0          0         96         68   libspace.o
         2          0          0          0          0          0   rtexit.o
        10          0          0          0          0          0   rtexit2.o
        12          4          0          0          0         68   sys_exit.o
        74          0          0          0          0         80   sys_stackheap_outer.o
         2          0          0          0          0         68   use_no_semi.o
        26          0          0          0          0        116   fpinit.o

    ----------------------------------------------------------------------
       310         16          0          0         96        700   Library Totals
         8          0          0          0          0          0   (incl. Padding)

    ----------------------------------------------------------------------

      Code (inc. data)   RO Data    RW Data    ZI Data      Debug   Library Name

       276         16          0          0         96        584   c_w.l
        26          0          0          0          0        116   fz_wm.l

    ----------------------------------------------------------------------
       310         16          0          0         96        700   Library Totals

    ----------------------------------------------------------------------

==============================================================================


      Code (inc. data)   RO Data    RW Data    ZI Data      Debug   

      4364         50        456          4       1660      72272   Grand Totals
      4364         50        456          4       1660      72272   ELF Image Totals
      4364         50        456          4          0          0   ROM Totals

==============================================================================

    Total RO  Size (Code + RO Data)                 4820 (   4.71kB)
    Total RW  Size (RW Data + ZI Data)              1664 (   1.62kB)
    Total ROM Size (Code + RO Data + RW Data)       4824 (   4.71kB)

==============================================================================

