<html>
<body>
<pre>
<h1>µVision Build Log</h1>
<h2>Tool Versions:</h2>
IDE-Version: ¦ÌVision V5.37.0.0
Copyright (C) 2022 ARM Ltd and ARM Germany GmbH. All rights reserved.
License Information: CAO ZIJIAN, CHKL, LIC=FYKYW-QBYUM-2ZBW4-F5G9N-FJ8CW-V762I
 
Tool Versions:
Toolchain:       MDK-ARM Plus  Version: 5.37.0.0
Toolchain Path:  D:\ProgramFiles\KEIL\ARM\ARMCLANG\Bin
C Compiler:      ArmClang.exe V6.18
Assembler:       Armasm.exe V6.18
Linker/Locator:  ArmLink.exe V6.18
Library Manager: ArmAr.exe V6.18
Hex Converter:   FromElf.exe V6.18
CPU DLL:         SARMCM3.DLL V5.37.0.0
Dialog DLL:      DCM.DLL V1.17.5.0
Target DLL:      STLink\ST-LINKIII-KEIL_SWO.dll V3.0.9.0
Dialog DLL:      TCM.DLL V1.56.1.0
 
<h2>Project:</h2>
f:\OwnProject\CubeMX\stm32f407_ll_i2c_dma\MDK-ARM\stm32f407_ll_i2c_dma.uvprojx
Project File Date:  11/20/2022

<h2>Output:</h2>
*** Using Compiler 'V6.18', folder: 'D:\ProgramFiles\KEIL\ARM\ARMCLANG\Bin'
Rebuild target 'stm32f407_ll_i2c_dma'
compiling system_stm32f4xx.c...
compiling gpio.c...
compiling main.c...
compiling bsp_i2c_dma.c...
compiling i2c.c...
compiling dwt_delay.c...
compiling dma.c...
assembling startup_stm32f407xx.s...
compiling stm32f4xx_ll_exti.c...
compiling stm32f4xx_ll_gpio.c...
compiling stm32f4xx_ll_i2c.c...
compiling stm32f4xx_ll_dma.c...
compiling stm32f4xx_it.c...
compiling stm32f4xx_ll_utils.c...
compiling stm32f4xx_ll_rcc.c...
compiling dev_i2c_dma.c...
linking...
Program Size: Code=4364 RO-data=456 RW-data=4 ZI-data=1660  
FromELF: creating hex file...
"stm32f407_ll_i2c_dma\stm32f407_ll_i2c_dma.axf" - 0 Error(s), 0 Warning(s).

<h2>Software Packages used:</h2>

Package Vendor: ARM
                http://www.keil.com/pack/ARM.CMSIS.5.9.0.pack
                ARM.CMSIS.5.9.0
                CMSIS (Common Microcontroller Software Interface Standard)
   * Component: CORE Version: 5.6.0

Package Vendor: Keil
                http://www.keil.com/pack/Keil.STM32F4xx_DFP.2.16.0.pack
                Keil.STM32F4xx_DFP.2.16.0
                STMicroelectronics STM32F4 Series Device Support, Drivers and Examples

<h2>Collection of Component include folders:</h2>
  ./RTE/_stm32f407_ll_i2c_dma
  C:/Users/zjcszn/AppData/Local/Arm/Packs/ARM/CMSIS/5.9.0/CMSIS/Core/Include
  C:/Users/zjcszn/AppData/Local/Arm/Packs/Keil/STM32F4xx_DFP/2.16.0/Drivers/CMSIS/Device/ST/STM32F4xx/Include

<h2>Collection of Component Files used:</h2>

   * Component: ARM::CMSIS:CORE:5.6.0
      Include file:  CMSIS/Core/Include/tz_context.h
Build Time Elapsed:  00:00:01
</pre>
</body>
</html>
